Component: ARM Compiler 5.06 update 1 (build 61) Tool: armlink [4d35a8]

==============================================================================

Section Cross References

    startup_stm32f10x_md.o(RESET) refers to startup_stm32f10x_md.o(STACK) for __initial_sp
    startup_stm32f10x_md.o(RESET) refers to startup_stm32f10x_md.o(.text) for Reset_Handler
    startup_stm32f10x_md.o(RESET) refers to stm32f10x_it.o(i.NMI_Handler) for NMI_Handler
    startup_stm32f10x_md.o(RESET) refers to stm32f10x_it.o(i.HardFault_Handler) for HardFault_Handler
    startup_stm32f10x_md.o(RESET) refers to stm32f10x_it.o(i.MemManage_Handler) for MemManage_Handler
    startup_stm32f10x_md.o(RESET) refers to stm32f10x_it.o(i.BusFault_Handler) for BusFault_Handler
    startup_stm32f10x_md.o(RESET) refers to stm32f10x_it.o(i.UsageFault_Handler) for UsageFault_Handler
    startup_stm32f10x_md.o(RESET) refers to stm32f10x_it.o(i.SVC_Handler) for SVC_Handler
    startup_stm32f10x_md.o(RESET) refers to stm32f10x_it.o(i.DebugMon_Handler) for DebugMon_Handler
    startup_stm32f10x_md.o(RESET) refers to stm32f10x_it.o(i.PendSV_Handler) for PendSV_Handler
    startup_stm32f10x_md.o(RESET) refers to bsp_time.o(i.SysTick_Handler) for SysTick_Handler
    startup_stm32f10x_md.o(.text) refers to system_stm32f10x.o(i.SystemInit) for SystemInit
    startup_stm32f10x_md.o(.text) refers to entry.o(.ARM.Collect$$$$00000000) for __main
    system_stm32f10x.o(i.SetSysClock) refers to system_stm32f10x.o(i.SetSysClockTo72) for SetSysClockTo72
    system_stm32f10x.o(i.SystemCoreClockUpdate) refers to system_stm32f10x.o(.data) for SystemCoreClock
    system_stm32f10x.o(i.SystemInit) refers to system_stm32f10x.o(i.SetSysClock) for SetSysClock
    stm32f10x_bkp.o(i.BKP_DeInit) refers to stm32f10x_rcc.o(i.RCC_BackupResetCmd) for RCC_BackupResetCmd
    stm32f10x_can.o(i.CAN_DeInit) refers to stm32f10x_rcc.o(i.RCC_APB1PeriphResetCmd) for RCC_APB1PeriphResetCmd
    stm32f10x_can.o(i.CAN_GetITStatus) refers to stm32f10x_can.o(i.CheckITStatus) for CheckITStatus
    stm32f10x_cec.o(i.CEC_DeInit) refers to stm32f10x_rcc.o(i.RCC_APB1PeriphResetCmd) for RCC_APB1PeriphResetCmd
    stm32f10x_dac.o(i.DAC_DeInit) refers to stm32f10x_rcc.o(i.RCC_APB1PeriphResetCmd) for RCC_APB1PeriphResetCmd
    stm32f10x_flash.o(i.FLASH_EnableWriteProtection) refers to stm32f10x_flash.o(i.FLASH_WaitForLastOperation) for FLASH_WaitForLastOperation
    stm32f10x_flash.o(i.FLASH_EraseAllBank1Pages) refers to stm32f10x_flash.o(i.FLASH_WaitForLastBank1Operation) for FLASH_WaitForLastBank1Operation
    stm32f10x_flash.o(i.FLASH_EraseAllPages) refers to stm32f10x_flash.o(i.FLASH_WaitForLastOperation) for FLASH_WaitForLastOperation
    stm32f10x_flash.o(i.FLASH_EraseOptionBytes) refers to stm32f10x_flash.o(i.FLASH_GetReadOutProtectionStatus) for FLASH_GetReadOutProtectionStatus
    stm32f10x_flash.o(i.FLASH_EraseOptionBytes) refers to stm32f10x_flash.o(i.FLASH_WaitForLastOperation) for FLASH_WaitForLastOperation
    stm32f10x_flash.o(i.FLASH_ErasePage) refers to stm32f10x_flash.o(i.FLASH_WaitForLastOperation) for FLASH_WaitForLastOperation
    stm32f10x_flash.o(i.FLASH_ProgramHalfWord) refers to stm32f10x_flash.o(i.FLASH_WaitForLastOperation) for FLASH_WaitForLastOperation
    stm32f10x_flash.o(i.FLASH_ProgramOptionByteData) refers to stm32f10x_flash.o(i.FLASH_WaitForLastOperation) for FLASH_WaitForLastOperation
    stm32f10x_flash.o(i.FLASH_ProgramWord) refers to stm32f10x_flash.o(i.FLASH_WaitForLastOperation) for FLASH_WaitForLastOperation
    stm32f10x_flash.o(i.FLASH_ReadOutProtection) refers to stm32f10x_flash.o(i.FLASH_WaitForLastOperation) for FLASH_WaitForLastOperation
    stm32f10x_flash.o(i.FLASH_UserOptionByteConfig) refers to stm32f10x_flash.o(i.FLASH_WaitForLastOperation) for FLASH_WaitForLastOperation
    stm32f10x_flash.o(i.FLASH_WaitForLastBank1Operation) refers to stm32f10x_flash.o(i.FLASH_GetBank1Status) for FLASH_GetBank1Status
    stm32f10x_flash.o(i.FLASH_WaitForLastOperation) refers to stm32f10x_flash.o(i.FLASH_GetBank1Status) for FLASH_GetBank1Status
    stm32f10x_gpio.o(i.GPIO_AFIODeInit) refers to stm32f10x_rcc.o(i.RCC_APB2PeriphResetCmd) for RCC_APB2PeriphResetCmd
    stm32f10x_gpio.o(i.GPIO_DeInit) refers to stm32f10x_rcc.o(i.RCC_APB2PeriphResetCmd) for RCC_APB2PeriphResetCmd
    stm32f10x_i2c.o(i.I2C_DeInit) refers to stm32f10x_rcc.o(i.RCC_APB1PeriphResetCmd) for RCC_APB1PeriphResetCmd
    stm32f10x_i2c.o(i.I2C_Init) refers to stm32f10x_rcc.o(i.RCC_GetClocksFreq) for RCC_GetClocksFreq
    stm32f10x_pwr.o(i.PWR_DeInit) refers to stm32f10x_rcc.o(i.RCC_APB1PeriphResetCmd) for RCC_APB1PeriphResetCmd
    stm32f10x_rcc.o(i.RCC_GetClocksFreq) refers to stm32f10x_rcc.o(.data) for APBAHBPrescTable
    stm32f10x_rcc.o(i.RCC_WaitForHSEStartUp) refers to stm32f10x_rcc.o(i.RCC_GetFlagStatus) for RCC_GetFlagStatus
    stm32f10x_rtc.o(i.RTC_SetAlarm) refers to stm32f10x_rtc.o(i.RTC_EnterConfigMode) for RTC_EnterConfigMode
[...]
    Removing stm32f10x_gpio.o(i.GPIO_ReadOutputData), (8 bytes).
    Removing stm32f10x_gpio.o(i.GPIO_ReadOutputDataBit), (18 bytes).
    Removing stm32f10x_gpio.o(i.GPIO_StructInit), (16 bytes).
    Removing stm32f10x_gpio.o(i.GPIO_Write), (4 bytes).
    Removing stm32f10x_gpio.o(i.GPIO_WriteBit), (10 bytes).
    Removing stm32f10x_i2c.o(i.I2C_ARPCmd), (24 bytes).
    Removing stm32f10x_i2c.o(i.I2C_AcknowledgeConfig), (24 bytes).
    Removing stm32f10x_i2c.o(i.I2C_CalculatePEC), (24 bytes).
    Removing stm32f10x_i2c.o(i.I2C_CheckEvent), (42 bytes).
    Removing stm32f10x_i2c.o(i.I2C_ClearFlag), (12 bytes).
    Removing stm32f10x_i2c.o(i.I2C_ClearITPendingBit), (12 bytes).
    Removing stm32f10x_i2c.o(i.I2C_Cmd), (24 bytes).
    Removing stm32f10x_i2c.o(i.I2C_DMACmd), (24 bytes).
    Removing stm32f10x_i2c.o(i.I2C_DMALastTransferCmd), (24 bytes).
    Removing stm32f10x_i2c.o(i.I2C_DeInit), (56 bytes).
    Removing stm32f10x_i2c.o(i.I2C_DualAddressCmd), (24 bytes).
    Removing stm32f10x_i2c.o(i.I2C_FastModeDutyCycleConfig), (28 bytes).
    Removing stm32f10x_i2c.o(i.I2C_GeneralCallCmd), (24 bytes).
    Removing stm32f10x_i2c.o(i.I2C_GenerateSTART), (24 bytes).
    Removing stm32f10x_i2c.o(i.I2C_GenerateSTOP), (24 bytes).
    Removing stm32f10x_i2c.o(i.I2C_GetFlagStatus), (58 bytes).
    Removing stm32f10x_i2c.o(i.I2C_GetITStatus), (38 bytes).
    Removing stm32f10x_i2c.o(i.I2C_GetLastEvent), (26 bytes).
    Removing stm32f10x_i2c.o(i.I2C_GetPEC), (8 bytes).
    Removing stm32f10x_i2c.o(i.I2C_ITConfig), (18 bytes).
    Removing stm32f10x_i2c.o(i.I2C_Init), (236 bytes).
    Removing stm32f10x_i2c.o(i.I2C_NACKPositionConfig), (28 bytes).
    Removing stm32f10x_i2c.o(i.I2C_OwnAddress2Config), (22 bytes).
    Removing stm32f10x_i2c.o(i.I2C_PECPositionConfig), (28 bytes).
    Removing stm32f10x_i2c.o(i.I2C_ReadRegister), (22 bytes).
    Removing stm32f10x_i2c.o(i.I2C_ReceiveData), (8 bytes).
    Removing stm32f10x_i2c.o(i.I2C_SMBusAlertConfig), (28 bytes).
    Removing stm32f10x_i2c.o(i.I2C_Send7bitAddress), (18 bytes).
    Removing stm32f10x_i2c.o(i.I2C_SendData), (4 bytes).
    Removing stm32f10x_i2c.o(i.I2C_SoftwareResetCmd), (22 bytes).
    Removing stm32f10x_i2c.o(i.I2C_StretchClockCmd), (24 bytes).
    Removing stm32f10x_i2c.o(i.I2C_StructInit), (30 bytes).
    Removing stm32f10x_i2c.o(i.I2C_TransmitPEC), (24 bytes).
    Removing stm32f10x_iwdg.o(i.IWDG_Enable), (16 bytes).
    Removing stm32f10x_iwdg.o(i.IWDG_GetFlagStatus), (24 bytes).
    Removing stm32f10x_iwdg.o(i.IWDG_ReloadCounter), (16 bytes).
    Removing stm32f10x_iwdg.o(i.IWDG_SetPrescaler), (12 bytes).
    Removing stm32f10x_iwdg.o(i.IWDG_SetReload), (12 bytes).
    Removing stm32f10x_iwdg.o(i.IWDG_WriteAccessCmd), (12 bytes).
    Removing stm32f10x_pwr.o(i.PWR_BackupAccessCmd), (12 bytes).
    Removing stm32f10x_pwr.o(i.PWR_ClearFlag), (20 bytes).
    Removing stm32f10x_pwr.o(i.PWR_DeInit), (22 bytes).
    Removing stm32f10x_pwr.o(i.PWR_EnterSTANDBYMode), (52 bytes).
    Removing stm32f10x_pwr.o(i.PWR_EnterSTOPMode), (64 bytes).
    Removing stm32f10x_pwr.o(i.PWR_GetFlagStatus), (24 bytes).
    Removing stm32f10x_pwr.o(i.PWR_PVDCmd), (12 bytes).
    Removing stm32f10x_pwr.o(i.PWR_PVDLevelConfig), (24 bytes).
    Removing stm32f10x_pwr.o(i.PWR_WakeUpPinCmd), (12 bytes).
    Removing stm32f10x_rcc.o(i.RCC_ADCCLKConfig), (24 bytes).
    Removing stm32f10x_rcc.o(i.RCC_AHBPeriphClockCmd), (32 bytes).
    Removing stm32f10x_rcc.o(i.RCC_APB1PeriphResetCmd), (32 bytes).
    Removing stm32f10x_rcc.o(i.RCC_APB2PeriphResetCmd), (32 bytes).
    Removing stm32f10x_rcc.o(i.RCC_AdjustHSICalibrationValue), (24 bytes).
    Removing stm32f10x_rcc.o(i.RCC_BackupResetCmd), (12 bytes).
    Removing stm32f10x_rcc.o(i.RCC_ClearFlag), (20 bytes).
    Removing stm32f10x_rcc.o(i.RCC_ClearITPendingBit), (12 bytes).
    Removing stm32f10x_rcc.o(i.RCC_ClockSecuritySystemCmd), (12 bytes).
    Removing stm32f10x_rcc.o(i.RCC_DeInit), (76 bytes).
    Removing stm32f10x_rcc.o(i.RCC_GetFlagStatus), (60 bytes).
    Removing stm32f10x_rcc.o(i.RCC_GetITStatus), (24 bytes).
    Removing stm32f10x_rcc.o(i.RCC_GetSYSCLKSource), (16 bytes).
    Removing stm32f10x_rcc.o(i.RCC_HCLKConfig), (24 bytes).
    Removing stm32f10x_rcc.o(i.RCC_HSEConfig), (76 bytes).
    Removing stm32f10x_rcc.o(i.RCC_HSICmd), (12 bytes).
    Removing stm32f10x_rcc.o(i.RCC_ITConfig), (32 bytes).
    Removing stm32f10x_rcc.o(i.RCC_LSEConfig), (52 bytes).
    Removing stm32f10x_rcc.o(i.RCC_LSICmd), (12 bytes).
    Removing stm32f10x_rcc.o(i.RCC_MCOConfig), (12 bytes).
    Removing stm32f10x_rcc.o(i.RCC_PCLK1Config), (24 bytes).
    Removing stm32f10x_rcc.o(i.RCC_PCLK2Config), (24 bytes).
    Removing stm32f10x_rcc.o(i.RCC_PLLCmd), (12 bytes).
    Removing stm32f10x_rcc.o(i.RCC_PLLConfig), (28 bytes).
    Removing stm32f10x_rcc.o(i.RCC_RTCCLKCmd), (12 bytes).
    Removing stm32f10x_rcc.o(i.RCC_RTCCLKConfig), (16 bytes).
    Removing stm32f10x_rcc.o(i.RCC_SYSCLKConfig), (24 bytes).
    Removing stm32f10x_rcc.o(i.RCC_USBCLKConfig), (12 bytes).
    Removing stm32f10x_rcc.o(i.RCC_WaitForHSEStartUp), (56 bytes).
    Removing stm32f10x_rtc.o(i.RTC_ClearFlag), (16 bytes).
    Removing stm32f10x_rtc.o(i.RTC_ClearITPendingBit), (16 bytes).
    Removing stm32f10x_rtc.o(i.RTC_EnterConfigMode), (20 bytes).
    Removing stm32f10x_rtc.o(i.RTC_ExitConfigMode), (20 bytes).
    Removing stm32f10x_rtc.o(i.RTC_GetCounter), (20 bytes).
    Removing stm32f10x_rtc.o(i.RTC_GetDivider), (24 bytes).
    Removing stm32f10x_rtc.o(i.RTC_GetFlagStatus), (24 bytes).
    Removing stm32f10x_rtc.o(i.RTC_GetITStatus), (36 bytes).
    Removing stm32f10x_rtc.o(i.RTC_ITConfig), (32 bytes).
    Removing stm32f10x_rtc.o(i.RTC_SetAlarm), (28 bytes).
    Removing stm32f10x_rtc.o(i.RTC_SetCounter), (28 bytes).
    Removing stm32f10x_rtc.o(i.RTC_SetPrescaler), (32 bytes).
    Removing stm32f10x_rtc.o(i.RTC_WaitForLastTask), (20 bytes).
    Removing stm32f10x_rtc.o(i.RTC_WaitForSynchro), (36 bytes).
    Removing stm32f10x_sdio.o(i.SDIO_CEATAITCmd), (16 bytes).
    Removing stm32f10x_sdio.o(i.SDIO_ClearFlag), (12 bytes).
    Removing stm32f10x_sdio.o(i.SDIO_ClearITPendingBit), (12 bytes).
    Removing stm32f10x_sdio.o(i.SDIO_ClockCmd), (12 bytes).
    Removing stm32f10x_sdio.o(i.SDIO_CmdStructInit), (14 bytes).
    Removing stm32f10x_sdio.o(i.SDIO_CommandCompletionCmd), (12 bytes).
    Removing stm32f10x_sdio.o(i.SDIO_DMACmd), (12 bytes).
    Removing stm32f10x_sdio.o(i.SDIO_DataConfig), (48 bytes).
    Removing stm32f10x_sdio.o(i.SDIO_DataStructInit), (20 bytes).
    Removing stm32f10x_sdio.o(i.SDIO_DeInit), (36 bytes).
    Removing stm32f10x_sdio.o(i.SDIO_GetCommandResponse), (12 bytes).
    Removing stm32f10x_sdio.o(i.SDIO_GetDataCounter), (12 bytes).
    Removing stm32f10x_sdio.o(i.SDIO_GetFIFOCount), (12 bytes).
    Removing stm32f10x_sdio.o(i.SDIO_GetFlagStatus), (24 bytes).
    Removing stm32f10x_sdio.o(i.SDIO_GetITStatus), (24 bytes).
    Removing stm32f10x_sdio.o(i.SDIO_GetPowerState), (16 bytes).
    Removing stm32f10x_sdio.o(i.SDIO_GetResponse), (24 bytes).
    Removing stm32f10x_sdio.o(i.SDIO_ITConfig), (32 bytes).
    Removing stm32f10x_sdio.o(i.SDIO_Init), (48 bytes).
    Removing stm32f10x_sdio.o(i.SDIO_ReadData), (12 bytes).
    Removing stm32f10x_sdio.o(i.SDIO_SendCEATACmd), (12 bytes).
    Removing stm32f10x_sdio.o(i.SDIO_SendCommand), (44 bytes).
    Removing stm32f10x_sdio.o(i.SDIO_SendSDIOSuspendCmd), (12 bytes).
    Removing stm32f10x_sdio.o(i.SDIO_SetPowerState), (28 bytes).
    Removing stm32f10x_sdio.o(i.SDIO_SetSDIOOperation), (12 bytes).
    Removing stm32f10x_sdio.o(i.SDIO_SetSDIOReadWaitMode), (12 bytes).
    Removing stm32f10x_sdio.o(i.SDIO_StartSDIOReadWait), (12 bytes).
    Removing stm32f10x_sdio.o(i.SDIO_StopSDIOReadWait), (12 bytes).
    Removing stm32f10x_sdio.o(i.SDIO_StructInit), (16 bytes).
    Removing stm32f10x_sdio.o(i.SDIO_WriteData), (12 bytes).
    Removing stm32f10x_spi.o(i.I2S_Cmd), (24 bytes).
    Removing stm32f10x_spi.o(i.I2S_Init), (232 bytes).
    Removing stm32f10x_spi.o(i.I2S_StructInit), (20 bytes).
    Removing stm32f10x_spi.o(i.SPI_BiDirectionalLineConfig), (28 bytes).
    Removing stm32f10x_spi.o(i.SPI_CalculateCRC), (24 bytes).
    Removing stm32f10x_spi.o(i.SPI_Cmd), (24 bytes).
    Removing stm32f10x_spi.o(i.SPI_DataSizeConfig), (18 bytes).
    Removing stm32f10x_spi.o(i.SPI_GetCRC), (16 bytes).
    Removing stm32f10x_spi.o(i.SPI_GetCRCPolynomial), (6 bytes).
    Removing stm32f10x_spi.o(i.SPI_I2S_ClearFlag), (6 bytes).
    Removing stm32f10x_spi.o(i.SPI_I2S_ClearITPendingBit), (20 bytes).
    Removing stm32f10x_spi.o(i.SPI_I2S_DMACmd), (18 bytes).
    Removing stm32f10x_spi.o(i.SPI_I2S_DeInit), (88 bytes).
    Removing stm32f10x_spi.o(i.SPI_I2S_GetFlagStatus), (18 bytes).
    Removing stm32f10x_spi.o(i.SPI_I2S_GetITStatus), (52 bytes).
    Removing stm32f10x_spi.o(i.SPI_I2S_ITConfig), (32 bytes).
    Removing stm32f10x_spi.o(i.SPI_I2S_ReceiveData), (6 bytes).
    Removing stm32f10x_spi.o(i.SPI_I2S_SendData), (4 bytes).
    Removing stm32f10x_spi.o(i.SPI_Init), (60 bytes).
    Removing stm32f10x_spi.o(i.SPI_NSSInternalSoftwareConfig), (30 bytes).
    Removing stm32f10x_spi.o(i.SPI_SSOutputCmd), (24 bytes).
    Removing stm32f10x_spi.o(i.SPI_StructInit), (24 bytes).
    Removing stm32f10x_spi.o(i.SPI_TransmitCRC), (10 bytes).
    Removing stm32f10x_tim.o(i.TI1_Config), (128 bytes).
    Removing stm32f10x_tim.o(i.TI2_Config), (152 bytes).
    Removing stm32f10x_tim.o(i.TI3_Config), (144 bytes).
    Removing stm32f10x_tim.o(i.TI4_Config), (152 bytes).
    Removing stm32f10x_tim.o(i.TIM_ARRPreloadConfig), (24 bytes).
    Removing stm32f10x_tim.o(i.TIM_BDTRConfig), (32 bytes).
    Removing stm32f10x_tim.o(i.TIM_BDTRStructInit), (18 bytes).
    Removing stm32f10x_tim.o(i.TIM_CCPreloadControl), (24 bytes).
    Removing stm32f10x_tim.o(i.TIM_CCxCmd), (30 bytes).
    Removing stm32f10x_tim.o(i.TIM_CCxNCmd), (30 bytes).
    Removing stm32f10x_tim.o(i.TIM_ClearFlag), (6 bytes).
    Removing stm32f10x_tim.o(i.TIM_ClearITPendingBit), (6 bytes).
    Removing stm32f10x_tim.o(i.TIM_ClearOC1Ref), (18 bytes).
    Removing stm32f10x_tim.o(i.TIM_ClearOC2Ref), (24 bytes).
    Removing stm32f10x_tim.o(i.TIM_ClearOC3Ref), (18 bytes).
    Removing stm32f10x_tim.o(i.TIM_ClearOC4Ref), (24 bytes).
    Removing stm32f10x_tim.o(i.TIM_Cmd), (24 bytes).
    Removing stm32f10x_tim.o(i.TIM_CounterModeConfig), (18 bytes).
    Removing stm32f10x_tim.o(i.TIM_CtrlPWMOutputs), (30 bytes).
    Removing stm32f10x_tim.o(i.TIM_DMACmd), (18 bytes).
    Removing stm32f10x_tim.o(i.TIM_DMAConfig), (10 bytes).
    Removing stm32f10x_tim.o(i.TIM_DeInit), (488 bytes).
    Removing stm32f10x_tim.o(i.TIM_ETRClockMode1Config), (54 bytes).
    Removing stm32f10x_tim.o(i.TIM_ETRClockMode2Config), (32 bytes).
    Removing stm32f10x_tim.o(i.TIM_ETRConfig), (28 bytes).
    Removing stm32f10x_tim.o(i.TIM_EncoderInterfaceConfig), (66 bytes).
    Removing stm32f10x_tim.o(i.TIM_ForcedOC1Config), (18 bytes).
    Removing stm32f10x_tim.o(i.TIM_ForcedOC2Config), (26 bytes).
    Removing stm32f10x_tim.o(i.TIM_ForcedOC3Config), (18 bytes).
    Removing stm32f10x_tim.o(i.TIM_ForcedOC4Config), (26 bytes).
    Removing stm32f10x_tim.o(i.TIM_GenerateEvent), (4 bytes).
    Removing stm32f10x_tim.o(i.TIM_GetCapture1), (6 bytes).
    Removing stm32f10x_tim.o(i.TIM_GetCapture2), (6 bytes).
    Removing stm32f10x_tim.o(i.TIM_GetCapture3), (6 bytes).
    Removing stm32f10x_tim.o(i.TIM_GetCapture4), (8 bytes).
    Removing stm32f10x_tim.o(i.TIM_GetCounter), (6 bytes).
    Removing stm32f10x_tim.o(i.TIM_GetFlagStatus), (18 bytes).
    Removing stm32f10x_tim.o(i.TIM_GetITStatus), (34 bytes).
    Removing stm32f10x_tim.o(i.TIM_GetPrescaler), (6 bytes).
    Removing stm32f10x_tim.o(i.TIM_ICInit), (172 bytes).
    Removing stm32f10x_tim.o(i.TIM_ICStructInit), (18 bytes).
    Removing stm32f10x_tim.o(i.TIM_ITConfig), (18 bytes).
    Removing stm32f10x_tim.o(i.TIM_ITRxExternalClockConfig), (24 bytes).
    Removing stm32f10x_tim.o(i.TIM_InternalClockConfig), (12 bytes).
    Removing stm32f10x_tim.o(i.TIM_OC1FastConfig), (18 bytes).
    Removing stm32f10x_tim.o(i.TIM_OC1Init), (152 bytes).
    Removing stm32f10x_tim.o(i.TIM_OC1NPolarityConfig), (18 bytes).
    Removing stm32f10x_tim.o(i.TIM_OC1PolarityConfig), (18 bytes).
    Removing stm32f10x_tim.o(i.TIM_OC1PreloadConfig), (18 bytes).
    Removing stm32f10x_tim.o(i.TIM_OC2FastConfig), (26 bytes).
    Removing stm32f10x_tim.o(i.TIM_OC2Init), (164 bytes).
    Removing stm32f10x_tim.o(i.TIM_OC2NPolarityConfig), (26 bytes).
    Removing stm32f10x_tim.o(i.TIM_OC2PolarityConfig), (26 bytes).
    Removing stm32f10x_tim.o(i.TIM_OC2PreloadConfig), (26 bytes).
    Removing stm32f10x_tim.o(i.TIM_OC3FastConfig), (18 bytes).
    Removing stm32f10x_tim.o(i.TIM_OC3Init), (160 bytes).
    Removing stm32f10x_tim.o(i.TIM_OC3NPolarityConfig), (26 bytes).
    Removing stm32f10x_tim.o(i.TIM_OC3PolarityConfig), (26 bytes).
    Removing stm32f10x_tim.o(i.TIM_OC3PreloadConfig), (18 bytes).
    Removing stm32f10x_tim.o(i.TIM_OC4FastConfig), (26 bytes).
    Removing stm32f10x_tim.o(i.TIM_OC4Init), (124 bytes).
    Removing stm32f10x_tim.o(i.TIM_OC4PolarityConfig), (26 bytes).
    Removing stm32f10x_tim.o(i.TIM_OC4PreloadConfig), (26 bytes).
    Removing stm32f10x_tim.o(i.TIM_OCStructInit), (20 bytes).
    Removing stm32f10x_tim.o(i.TIM_PWMIConfig), (124 bytes).
    Removing stm32f10x_tim.o(i.TIM_PrescalerConfig), (6 bytes).
    Removing stm32f10x_tim.o(i.TIM_SelectCCDMA), (24 bytes).
    Removing stm32f10x_tim.o(i.TIM_SelectCOM), (24 bytes).
    Removing stm32f10x_tim.o(i.TIM_SelectHallSensor), (24 bytes).
    Removing stm32f10x_tim.o(i.TIM_SelectInputTrigger), (18 bytes).
    Removing stm32f10x_tim.o(i.TIM_SelectMasterSlaveMode), (18 bytes).
    Removing stm32f10x_tim.o(i.TIM_SelectOCxM), (82 bytes).
    Removing stm32f10x_tim.o(i.TIM_SelectOnePulseMode), (18 bytes).
    Removing stm32f10x_tim.o(i.TIM_SelectOutputTrigger), (18 bytes).
    Removing stm32f10x_tim.o(i.TIM_SelectSlaveMode), (18 bytes).
    Removing stm32f10x_tim.o(i.TIM_SetAutoreload), (4 bytes).
    Removing stm32f10x_tim.o(i.TIM_SetClockDivision), (18 bytes).
    Removing stm32f10x_tim.o(i.TIM_SetCompare1), (4 bytes).
    Removing stm32f10x_tim.o(i.TIM_SetCompare2), (4 bytes).
    Removing stm32f10x_tim.o(i.TIM_SetCompare3), (4 bytes).
    Removing stm32f10x_tim.o(i.TIM_SetCompare4), (6 bytes).
    Removing stm32f10x_tim.o(i.TIM_SetCounter), (4 bytes).
    Removing stm32f10x_tim.o(i.TIM_SetIC1Prescaler), (18 bytes).
    Removing stm32f10x_tim.o(i.TIM_SetIC2Prescaler), (26 bytes).
    Removing stm32f10x_tim.o(i.TIM_SetIC3Prescaler), (18 bytes).
    Removing stm32f10x_tim.o(i.TIM_SetIC4Prescaler), (26 bytes).
    Removing stm32f10x_tim.o(i.TIM_TIxExternalClockConfig), (62 bytes).
    Removing stm32f10x_tim.o(i.TIM_TimeBaseInit), (164 bytes).
    Removing stm32f10x_tim.o(i.TIM_TimeBaseStructInit), (18 bytes).
    Removing stm32f10x_tim.o(i.TIM_UpdateDisableConfig), (24 bytes).
    Removing stm32f10x_tim.o(i.TIM_UpdateRequestConfig), (24 bytes).
    Removing stm32f10x_usart.o(i.USART_ClearFlag), (18 bytes).
    Removing stm32f10x_usart.o(i.USART_ClearITPendingBit), (30 bytes).
    Removing stm32f10x_usart.o(i.USART_ClockInit), (34 bytes).
    Removing stm32f10x_usart.o(i.USART_ClockStructInit), (12 bytes).
    Removing stm32f10x_usart.o(i.USART_DMACmd), (18 bytes).
    Removing stm32f10x_usart.o(i.USART_DeInit), (156 bytes).
    Removing stm32f10x_usart.o(i.USART_GetITStatus), (84 bytes).
    Removing stm32f10x_usart.o(i.USART_HalfDuplexCmd), (24 bytes).
    Removing stm32f10x_usart.o(i.USART_ITConfig), (74 bytes).
    Removing stm32f10x_usart.o(i.USART_IrDACmd), (24 bytes).
    Removing stm32f10x_usart.o(i.USART_IrDAConfig), (18 bytes).
    Removing stm32f10x_usart.o(i.USART_LINBreakDetectLengthConfig), (18 bytes).
    Removing stm32f10x_usart.o(i.USART_LINCmd), (24 bytes).
    Removing stm32f10x_usart.o(i.USART_OneBitMethodCmd), (24 bytes).
    Removing stm32f10x_usart.o(i.USART_OverSampling8Cmd), (22 bytes).
    Removing stm32f10x_usart.o(i.USART_ReceiveData), (10 bytes).
    Removing stm32f10x_usart.o(i.USART_ReceiverWakeUpCmd), (24 bytes).
    Removing stm32f10x_usart.o(i.USART_SendBreak), (10 bytes).
    Removing stm32f10x_usart.o(i.USART_SetAddress), (18 bytes).
    Removing stm32f10x_usart.o(i.USART_SetGuardTime), (16 bytes).
    Removing stm32f10x_usart.o(i.USART_SetPrescaler), (16 bytes).
    Removing stm32f10x_usart.o(i.USART_SmartCardCmd), (24 bytes).
    Removing stm32f10x_usart.o(i.USART_SmartCardNACKCmd), (24 bytes).
    Removing stm32f10x_usart.o(i.USART_WakeUpConfig), (18 bytes).
    Removing stm32f10x_wwdg.o(i.WWDG_ClearFlag), (12 bytes).
    Removing stm32f10x_wwdg.o(i.WWDG_DeInit), (22 bytes).
    Removing stm32f10x_wwdg.o(i.WWDG_Enable), (16 bytes).
    Removing stm32f10x_wwdg.o(i.WWDG_EnableIT), (12 bytes).
    Removing stm32f10x_wwdg.o(i.WWDG_GetFlagStatus), (12 bytes).
    Removing stm32f10x_wwdg.o(i.WWDG_SetCounter), (16 bytes).
    Removing stm32f10x_wwdg.o(i.WWDG_SetPrescaler), (24 bytes).
    Removing stm32f10x_wwdg.o(i.WWDG_SetWindowValue), (40 bytes).
    Removing stm32f10x_it.o(i.SysTick_Handler), (2 bytes).
    Removing bsp_usart.o(i.BSP_USART1_GetChar), (36 bytes).
    Removing oled.o(i.OLED_DrawTenths), (160 bytes).
    Removing oled.o(i.OLED_ShowAlignmentTest), (132 bytes).
    Removing scale.o(i.Scale_Calibrate), (452 bytes).
    Removing scale.o(i.Scale_PrintSignedTenths), (108 bytes).
    Removing scale.o(i.Scale_PrintUnstable), (56 bytes).
    Removing scale.o(i.Scale_PrintWeight), (40 bytes).
    Removing scale.o(i.Scale_RoundTenths), (60 bytes).

429 unused section(s) (total 18508 bytes) removed from the image.

==============================================================================

Image Symbol Table

    Local Symbols

    Symbol Name                              Value     Ov Type        Size  Object(Section)

    ../clib/microlib/division.c              0x00000000   Number         0  uldiv.o ABSOLUTE
    ../clib/microlib/division.c              0x00000000   Number         0  ldiv.o ABSOLUTE
    ../clib/microlib/division.c              0x00000000   Number         0  uidiv.o ABSOLUTE
    ../clib/microlib/init/entry.s            0x00000000   Number         0  entry9a.o ABSOLUTE
    ../clib/microlib/init/entry.s            0x00000000   Number         0  entry10b.o ABSOLUTE
    ../clib/microlib/init/entry.s            0x00000000   Number         0  entry8b.o ABSOLUTE
    ../clib/microlib/init/entry.s            0x00000000   Number         0  entry10a.o ABSOLUTE
    ../clib/microlib/init/entry.s            0x00000000   Number         0  entry9b.o ABSOLUTE
    ../clib/microlib/init/entry.s            0x00000000   Number         0  entry.o ABSOLUTE
    ../clib/microlib/init/entry.s            0x00000000   Number         0  entry7a.o ABSOLUTE
    ../clib/microlib/init/entry.s            0x00000000   Number         0  entry11b.o ABSOLUTE
    ../clib/microlib/init/entry.s            0x00000000   Number         0  entry8a.o ABSOLUTE
    ../clib/microlib/init/entry.s            0x00000000   Number         0  entry11a.o ABSOLUTE
    ../clib/microlib/init/entry.s            0x00000000   Number         0  entry7b.o ABSOLUTE
    ../clib/microlib/init/entry.s            0x00000000   Number         0  entry2.o ABSOLUTE
    ../clib/microlib/init/entry.s            0x00000000   Number         0  entry5.o ABSOLUTE
    ../clib/microlib/longlong.c              0x00000000   Number         0  llsshr.o ABSOLUTE
    ../clib/microlib/longlong.c              0x00000000   Number         0  llushr.o ABSOLUTE
    ../clib/microlib/longlong.c              0x00000000   Number         0  llshl.o ABSOLUTE
    ../clib/microlib/printf/printf.c         0x00000000   Number         0  printf2.o ABSOLUTE
    ../clib/microlib/printf/printf.c         0x00000000   Number         0  printf1.o ABSOLUTE
    ../clib/microlib/printf/printf.c         0x00000000   Number         0  printf0.o ABSOLUTE
    ../clib/microlib/printf/printf.c         0x00000000   Number         0  printfb.o ABSOLUTE
    ../clib/microlib/printf/printf.c         0x00000000   Number         0  printf6.o ABSOLUTE
    ../clib/microlib/printf/printf.c         0x00000000   Number         0  printf3.o ABSOLUTE
    ../clib/microlib/printf/printf.c         0x00000000   Number         0  printfa.o ABSOLUTE
    ../clib/microlib/printf/printf.c         0x00000000   Number         0  printf4.o ABSOLUTE
    ../clib/microlib/printf/printf.c         0x00000000   Number         0  printf5.o ABSOLUTE
    ../clib/microlib/printf/printf.c         0x00000000   Number         0  printf7.o ABSOLUTE
    ../clib/microlib/printf/printf.c         0x00000000   Number         0  printf8.o ABSOLUTE
    ../clib/microlib/printf/stubs.s          0x00000000   Number         0  stubs.o ABSOLUTE
    ../clib/microlib/stdio/fputc.c           0x00000000   Number         0  fputc.o ABSOLUTE
    ../clib/microlib/stdio/semi.s            0x00000000   Number         0  semi.o ABSOLUTE
    ../clib/microlib/stdio/streams.c         0x00000000   Number         0  stdout.o ABSOLUTE
    ../clib/microlib/string/memcpy.c         0x00000000   Number         0  memcpyb.o ABSOLUTE
    ../clib/microlib/string/memcpy.c         0x00000000   Number         0  memcpya.o ABSOLUTE
    ../clib/microlib/string/memset.c         0x00000000   Number         0  memseta.o ABSOLUTE
    ../clib/microlib/stubs.s                 0x00000000   Number         0  iusefp.o ABSOLUTE
    ../clib/microlib/stubs.s                 0x00000000   Number         0  iusesemip.o ABSOLUTE
    ../fplib/microlib/fpadd.c                0x00000000   Number         0  dadd.o ABSOLUTE
    ../fplib/microlib/fpadd.c                0x00000000   Number         0  fadd.o ABSOLUTE
    ../fplib/microlib/fpdiv.c                0x00000000   Number         0  ddiv.o ABSOLUTE
    ../fplib/microlib/fpdiv.c                0x00000000   Number         0  fdiv.o ABSOLUTE
    ../fplib/microlib/fpepilogue.c           0x00000000   Number         0  fepilogue.o ABSOLUTE
    ../fplib/microlib/fpepilogue.c           0x00000000   Number         0  depilogue.o ABSOLUTE
    ../fplib/microlib/fpfix.c                0x00000000   Number         0  dfixul.o ABSOLUTE
    ../fplib/microlib/fpfix.c                0x00000000   Number         0  ffixi.o ABSOLUTE
    ../fplib/microlib/fpflt.c                0x00000000   Number         0  ffltl.o ABSOLUTE
    ../fplib/microlib/fpflt.c                0x00000000   Number         0  fflti.o ABSOLUTE
    ../fplib/microlib/fpmul.c                0x00000000   Number         0  fmul.o ABSOLUTE
    ../fplib/microlib/fpmul.c                0x00000000   Number         0  dmul.o ABSOLUTE
    Hardware\alarm.c                         0x00000000   Number         0  alarm.o ABSOLUTE
    Hardware\app.c                           0x00000000   Number         0  app.o ABSOLUTE
    Hardware\bsp_time.c                      0x00000000   Number         0  bsp_time.o ABSOLUTE
    Hardware\bsp_usart.c                     0x00000000   Number         0  bsp_usart.o ABSOLUTE
    Hardware\esp8266_link.c                  0x00000000   Number         0  esp8266_link.o ABSOLUTE
    Hardware\hx711.c                         0x00000000   Number         0  hx711.o ABSOLUTE
    Hardware\keys.c                          0x00000000   Number         0  keys.o ABSOLUTE
    Hardware\oled.c                          0x00000000   Number         0  oled.o ABSOLUTE
    Hardware\scale.c                         0x00000000   Number         0  scale.o ABSOLUTE
    Hardware\settings.c                      0x00000000   Number         0  settings.o ABSOLUTE
    Libaray\misc.c                           0x00000000   Number         0  misc.o ABSOLUTE
    Libaray\stm32f10x_bkp.c                  0x00000000   Number         0  stm32f10x_bkp.o ABSOLUTE
    Libaray\stm32f10x_can.c                  0x00000000   Number         0  stm32f10x_can.o ABSOLUTE
    Libaray\stm32f10x_cec.c                  0x00000000   Number         0  stm32f10x_cec.o ABSOLUTE
    Libaray\stm32f10x_crc.c                  0x00000000   Number         0  stm32f10x_crc.o ABSOLUTE
    Libaray\stm32f10x_dac.c                  0x00000000   Number         0  stm32f10x_dac.o ABSOLUTE
    Libaray\stm32f10x_dbgmcu.c               0x00000000   Number         0  stm32f10x_dbgmcu.o ABSOLUTE
    Libaray\stm32f10x_dma.c                  0x00000000   Number         0  stm32f10x_dma.o ABSOLUTE
    Libaray\stm32f10x_exti.c                 0x00000000   Number         0  stm32f10x_exti.o ABSOLUTE
    Libaray\stm32f10x_flash.c                0x00000000   Number         0  stm32f10x_flash.o ABSOLUTE
    Libaray\stm32f10x_fsmc.c                 0x00000000   Number         0  stm32f10x_fsmc.o ABSOLUTE
    Libaray\stm32f10x_gpio.c                 0x00000000   Number         0  stm32f10x_gpio.o ABSOLUTE
    Libaray\stm32f10x_i2c.c                  0x00000000   Number         0  stm32f10x_i2c.o ABSOLUTE
    Libaray\stm32f10x_iwdg.c                 0x00000000   Number         0  stm32f10x_iwdg.o ABSOLUTE
    Libaray\stm32f10x_pwr.c                  0x00000000   Number         0  stm32f10x_pwr.o ABSOLUTE
    Libaray\stm32f10x_rcc.c                  0x00000000   Number         0  stm32f10x_rcc.o ABSOLUTE
    Libaray\stm32f10x_rtc.c                  0x00000000   Number         0  stm32f10x_rtc.o ABSOLUTE
    Libaray\stm32f10x_sdio.c                 0x00000000   Number         0  stm32f10x_sdio.o ABSOLUTE
    Libaray\stm32f10x_spi.c                  0x00000000   Number         0  stm32f10x_spi.o ABSOLUTE
    Libaray\stm32f10x_tim.c                  0x00000000   Number         0  stm32f10x_tim.o ABSOLUTE
    Libaray\stm32f10x_usart.c                0x00000000   Number         0  stm32f10x_usart.o ABSOLUTE
    Libaray\stm32f10x_wwdg.c                 0x00000000   Number         0  stm32f10x_wwdg.o ABSOLUTE
    Star\\core_cm3.c                         0x00000000   Number         0  core_cm3.o ABSOLUTE
    Star\core_cm3.c                          0x00000000   Number         0  core_cm3.o ABSOLUTE
    Star\startup_stm32f10x_md.s              0x00000000   Number         0  startup_stm32f10x_md.o ABSOLUTE
    Star\system_stm32f10x.c                  0x00000000   Number         0  system_stm32f10x.o ABSOLUTE
    User\main.c                              0x00000000   Number         0  main.o ABSOLUTE
    User\stm32f10x_it.c                      0x00000000   Number         0  stm32f10x_it.o ABSOLUTE
    cdrcmple.s                               0x00000000   Number         0  cdrcmple.o ABSOLUTE
    cfcmple.s                                0x00000000   Number         0  cfcmple.o ABSOLUTE
    cfrcmple.s                               0x00000000   Number         0  cfrcmple.o ABSOLUTE
    dc.s                                     0x00000000   Number         0  dc.o ABSOLUTE
    handlers.s                               0x00000000   Number         0  handlers.o ABSOLUTE
    init.s                                   0x00000000   Number         0  init.o ABSOLUTE
    RESET                                    0x08000000   Section      236  startup_stm32f10x_md.o(RESET)
    .ARM.Collect$$$$00000000                 0x080000ec   Section        0  entry.o(.ARM.Collect$$$$00000000)
    .ARM.Collect$$$$00000001                 0x080000ec   Section        4  entry2.o(.ARM.Collect$$$$00000001)
    .ARM.Collect$$$$00000004                 0x080000f0   Section        4  entry5.o(.ARM.Collect$$$$00000004)
    .ARM.Collect$$$$00000008                 0x080000f4   Section        0  entry7b.o(.ARM.Collect$$$$00000008)
    .ARM.Collect$$$$0000000A                 0x080000f4   Section        0  entry8b.o(.ARM.Collect$$$$0000000A)
    .ARM.Collect$$$$0000000B                 0x080000f4   Section        8  entry9a.o(.ARM.Collect$$$$0000000B)
    .ARM.Collect$$$$0000000D                 0x080000fc   Section        0  entry10a.o(.ARM.Collect$$$$0000000D)
    .ARM.Collect$$$$0000000F                 0x080000fc   Section        0  entry11a.o(.ARM.Collect$$$$0000000F)
    .ARM.Collect$$$$00002712                 0x080000fc   Section        4  entry2.o(.ARM.Collect$$$$00002712)
    __lit__00000000                          0x080000fc   Data           4  entry2.o(.ARM.Collect$$$$00002712)
    .text                                    0x08000100   Section       36  startup_stm32f10x_md.o(.text)
    .text                                    0x08000124   Section        0  ldiv.o(.text)
    .text                                    0x08000186   Section        0  memcpya.o(.text)
    .text                                    0x080001aa   Section        0  memseta.o(.text)
    .text                                    0x080001ce   Section        0  fadd.o(.text)
    .text                                    0x0800027e   Section        0  fmul.o(.text)
    .text                                    0x080002e2   Section        0  fdiv.o(.text)
    .text                                    0x0800035e   Section        0  fflti.o(.text)
    .text                                    0x08000370   Section        0  ffltl.o(.text)
    .text                                    0x0800039c   Section        0  ffixi.o(.text)
    .text                                    0x080003d0   Section       20  cfcmple.o(.text)
    .text                                    0x080003e4   Section       20  cfrcmple.o(.text)
    .text                                    0x080003f8   Section        0  uidiv.o(.text)
    .text                                    0x08000424   Section        0  uldiv.o(.text)
    .text                                    0x08000486   Section        0  fepilogue.o(.text)
    .text                                    0x08000486   Section        0  iusefp.o(.text)
    .text                                    0x080004f4   Section        0  dadd.o(.text)
    .text                                    0x08000642   Section        0  dmul.o(.text)
    .text                                    0x08000726   Section        0  ddiv.o(.text)
    .text                                    0x08000804   Section        0  dfixul.o(.text)
    .text                                    0x08000834   Section       48  cdrcmple.o(.text)
    .text                                    0x08000864   Section       36  init.o(.text)
    .text                                    0x08000888   Section        0  llshl.o(.text)
    .text                                    0x080008a6   Section        0  llushr.o(.text)
    .text                                    0x080008c6   Section        0  llsshr.o(.text)
    .text                                    0x080008ea   Section        0  depilogue.o(.text)
    i.Alarm_Init                             0x080009a4   Section        0  alarm.o(i.Alarm_Init)
    i.Alarm_Set                              0x080009f0   Section        0  alarm.o(i.Alarm_Set)
    i.Alarm_Tick1ms                          0x08000a1c   Section        0  alarm.o(i.Alarm_Tick1ms)
    i.Alarm_Write                            0x08000a64   Section        0  alarm.o(i.Alarm_Write)
    Alarm_Write                              0x08000a65   Thumb Code    30  alarm.o(i.Alarm_Write)
    i.App_Init                               0x08000a88   Section        0  app.o(i.App_Init)
    i.App_Run                                0x08000c28   Section        0  app.o(i.App_Run)
    i.BSP_DelayMs                            0x08000e18   Section        0  bsp_time.o(i.BSP_DelayMs)
    i.BSP_DelayUs                            0x08000e30   Section        0  bsp_time.o(i.BSP_DelayUs)
    i.BSP_Millis                             0x08000e60   Section        0  bsp_time.o(i.BSP_Millis)
    i.BSP_Time_Init                          0x08000e6c   Section        0  bsp_time.o(i.BSP_Time_Init)
    i.BSP_TimebaseCheck                      0x08000f08   Section        0  bsp_time.o(i.BSP_TimebaseCheck)
    i.BSP_USART1_Init                        0x08000f28   Section        0  bsp_usart.o(i.BSP_USART1_Init)
    i.BSP_USART1_Printf                      0x08000fa8   Section        0  bsp_usart.o(i.BSP_USART1_Printf)
    i.BSP_USART1_WriteString                 0x08000fd0   Section        0  bsp_usart.o(i.BSP_USART1_WriteString)
    i.BusFault_Handler                       0x08000ffc   Section        0  stm32f10x_it.o(i.BusFault_Handler)
    i.ConvertUnit                            0x08001000   Section        0  app.o(i.ConvertUnit)
    ConvertUnit                              0x08001001   Thumb Code    44  app.o(i.ConvertUnit)
    i.DebugMon_Handler                       0x08001038   Section        0  stm32f10x_it.o(i.DebugMon_Handler)
    i.DrawScreen                             0x0800103c   Section        0  app.o(i.DrawScreen)
    DrawScreen                               0x0800103d   Thumb Code   348  app.o(i.DrawScreen)
    i.ESP8266_LinkInit                       0x0800128c   Section        0  esp8266_link.o(i.ESP8266_LinkInit)
    i.ESP8266_SendWeight                     0x080012fc   Section        0  esp8266_link.o(i.ESP8266_SendWeight)
    i.ESP8266_Write                          0x080013f4   Section        0  esp8266_link.o(i.ESP8266_Write)
    ESP8266_Write                            0x080013f5   Thumb Code    38  esp8266_link.o(i.ESP8266_Write)
    i.FLASH_ErasePage                        0x08001420   Section        0  stm32f10x_flash.o(i.FLASH_ErasePage)
    i.FLASH_GetBank1Status                   0x0800146c   Section        0  stm32f10x_flash.o(i.FLASH_GetBank1Status)
    i.FLASH_Lock                             0x080014a0   Section        0  stm32f10x_flash.o(i.FLASH_Lock)
    i.FLASH_ProgramHalfWord                  0x080014b4   Section        0  stm32f10x_flash.o(i.FLASH_ProgramHalfWord)
    i.FLASH_Unlock                           0x080014f4   Section        0  stm32f10x_flash.o(i.FLASH_Unlock)
    i.FLASH_WaitForLastOperation             0x0800150c   Section        0  stm32f10x_flash.o(i.FLASH_WaitForLastOperation)
    i.GPIO_Init                              0x08001532   Section        0  stm32f10x_gpio.o(i.GPIO_Init)
    i.GPIO_ReadInputDataBit                  0x08001648   Section        0  stm32f10x_gpio.o(i.GPIO_ReadInputDataBit)
    i.GPIO_ResetBits                         0x0800165a   Section        0  stm32f10x_gpio.o(i.GPIO_ResetBits)
    i.GPIO_SetBits                           0x0800165e   Section        0  stm32f10x_gpio.o(i.GPIO_SetBits)
    i.Glyph                                  0x08001664   Section        0  oled.o(i.Glyph)
    Glyph                                    0x08001665   Thumb Code   164  oled.o(i.Glyph)
    i.HX711_ClockDelay                       0x0800171c   Section        0  hx711.o(i.HX711_ClockDelay)
    HX711_ClockDelay                         0x0800171d   Thumb Code    24  hx711.o(i.HX711_ClockDelay)
    i.HX711_GetDoutLevel                     0x08001734   Section        0  hx711.o(i.HX711_GetDoutLevel)
    i.HX711_Init                             0x08001750   Section        0  hx711.o(i.HX711_Init)
    i.HX711_PowerDown                        0x0800179c   Section        0  hx711.o(i.HX711_PowerDown)
    i.HX711_PowerUp                          0x080017b4   Section        0  hx711.o(i.HX711_PowerUp)
    i.HX711_ReadRaw                          0x080017c8   Section        0  hx711.o(i.HX711_ReadRaw)
    i.HandleKey                              0x08001894   Section        0  app.o(i.HandleKey)
    HandleKey                                0x08001895   Thumb Code   520  app.o(i.HandleKey)
    i.HardFault_Handler                      0x08001b18   Section        0  stm32f10x_it.o(i.HardFault_Handler)
    i.I2C_Delay                              0x08001b1c   Section        0  oled.o(i.I2C_Delay)
    I2C_Delay                                0x08001b1d   Thumb Code    30  oled.o(i.I2C_Delay)
    i.I2C_Start                              0x08001b3a   Section        0  oled.o(i.I2C_Start)
    I2C_Start                                0x08001b3b   Thumb Code    36  oled.o(i.I2C_Start)
    i.I2C_Stop                               0x08001b5e   Section        0  oled.o(i.I2C_Stop)
    I2C_Stop                                 0x08001b5f   Thumb Code    30  oled.o(i.I2C_Stop)
    i.I2C_Write                              0x08001b7c   Section        0  oled.o(i.I2C_Write)
    I2C_Write                                0x08001b7d   Thumb Code    68  oled.o(i.I2C_Write)
    i.Keys_GetEvent                          0x08001bc0   Section        0  keys.o(i.Keys_GetEvent)
    i.Keys_Init                              0x08001bd0   Section        0  keys.o(i.Keys_Init)
    i.Keys_Update                            0x08001c58   Section        0  keys.o(i.Keys_Update)
    i.MemManage_Handler                      0x08001d58   Section        0  stm32f10x_it.o(i.MemManage_Handler)
    i.NMI_Handler                            0x08001d5c   Section        0  stm32f10x_it.o(i.NMI_Handler)
    i.OLED_Clear                             0x08001d60   Section        0  oled.o(i.OLED_Clear)
    i.OLED_Command                           0x08001d74   Section        0  oled.o(i.OLED_Command)
    OLED_Command                             0x08001d75   Thumb Code    32  oled.o(i.OLED_Command)
    i.OLED_Commands                          0x08001d94   Section        0  oled.o(i.OLED_Commands)
    OLED_Commands                            0x08001d95   Thumb Code    46  oled.o(i.OLED_Commands)
    i.OLED_DrawTenthsUnitCentered            0x08001dc4   Section        0  oled.o(i.OLED_DrawTenthsUnitCentered)
    i.OLED_DrawText                          0x08001ea8   Section        0  oled.o(i.OLED_DrawText)
    i.OLED_DrawTextCentered                  0x08001f00   Section        0  oled.o(i.OLED_DrawTextCentered)
    i.OLED_Init                              0x08001f30   Section        0  oled.o(i.OLED_Init)
    i.OLED_TextWidth                         0x08001fac   Section        0  oled.o(i.OLED_TextWidth)
    i.OLED_Update                            0x08001fd8   Section        0  oled.o(i.OLED_Update)
    i.PendSV_Handler                         0x08002024   Section        0  stm32f10x_it.o(i.PendSV_Handler)
    i.ProbeHX711                             0x08002028   Section        0  app.o(i.ProbeHX711)
    ProbeHX711                               0x08002029   Thumb Code    82  app.o(i.ProbeHX711)
    i.RCC_APB1PeriphClockCmd                 0x080020ec   Section        0  stm32f10x_rcc.o(i.RCC_APB1PeriphClockCmd)
    i.RCC_APB2PeriphClockCmd                 0x0800210c   Section        0  stm32f10x_rcc.o(i.RCC_APB2PeriphClockCmd)
    i.RCC_GetClocksFreq                      0x0800212c   Section        0  stm32f10x_rcc.o(i.RCC_GetClocksFreq)
    i.SCL                                    0x08002200   Section        0  oled.o(i.SCL)
    SCL                                      0x08002201   Thumb Code    26  oled.o(i.SCL)
    i.SDA                                    0x08002220   Section        0  oled.o(i.SDA)
    SDA                                      0x08002221   Thumb Code    26  oled.o(i.SDA)
    i.SVC_Handler                            0x08002240   Section        0  stm32f10x_it.o(i.SVC_Handler)
    i.SaveCalibration                        0x08002244   Section        0  app.o(i.SaveCalibration)
    SaveCalibration                          0x08002245   Thumb Code    30  app.o(i.SaveCalibration)
    i.Scale_Abs32                            0x0800226c   Section        0  scale.o(i.Scale_Abs32)
    Scale_Abs32                              0x0800226d   Thumb Code    14  scale.o(i.Scale_Abs32)
    i.Scale_CaptureCalibration               0x0800227c   Section        0  scale.o(i.Scale_CaptureCalibration)
    i.Scale_ReadRawWindow                    0x08002310   Section        0  scale.o(i.Scale_ReadRawWindow)
    Scale_ReadRawWindow                      0x08002311   Thumb Code   114  scale.o(i.Scale_ReadRawWindow)
    i.Scale_ReadStable                       0x08002384   Section        0  scale.o(i.Scale_ReadStable)
    i.Scale_SortInt32                        0x08002484   Section        0  scale.o(i.Scale_SortInt32)
    Scale_SortInt32                          0x08002485   Thumb Code    56  scale.o(i.Scale_SortInt32)
    i.Scale_Tare                             0x080024bc   Section        0  scale.o(i.Scale_Tare)
    i.SetSysClock                            0x08002524   Section        0  system_stm32f10x.o(i.SetSysClock)
    SetSysClock                              0x08002525   Thumb Code     8  system_stm32f10x.o(i.SetSysClock)
    i.SetSysClockTo72                        0x0800252c   Section        0  system_stm32f10x.o(i.SetSysClockTo72)
    SetSysClockTo72                          0x0800252d   Thumb Code   214  system_stm32f10x.o(i.SetSysClockTo72)
    i.Settings_Checksum                      0x0800260c   Section        0  settings.o(i.Settings_Checksum)
    Settings_Checksum                        0x0800260d   Thumb Code    30  settings.o(i.Settings_Checksum)
    i.Settings_Load                          0x08002634   Section        0  settings.o(i.Settings_Load)
    i.Settings_Save                          0x0800268c   Section        0  settings.o(i.Settings_Save)
    i.Settings_SetDefaults                   0x08002704   Section        0  settings.o(i.Settings_SetDefaults)
    i.ShowMessage                            0x0800271c   Section        0  app.o(i.ShowMessage)
    ShowMessage                              0x0800271d   Thumb Code    34  app.o(i.ShowMessage)
    i.SplitTenths                            0x08002750   Section        0  esp8266_link.o(i.SplitTenths)
    SplitTenths                              0x08002751   Thumb Code    56  esp8266_link.o(i.SplitTenths)
    i.SyncCalibration                        0x08002790   Section        0  app.o(i.SyncCalibration)
    SyncCalibration                          0x08002791   Thumb Code    22  app.o(i.SyncCalibration)
    i.SysTick_Handler                        0x080027b0   Section        0  bsp_time.o(i.SysTick_Handler)
    i.SystemCoreClockUpdate                  0x080027d0   Section        0  system_stm32f10x.o(i.SystemCoreClockUpdate)
    i.SystemInit                             0x08002874   Section        0  system_stm32f10x.o(i.SystemInit)
    i.ToTenths                               0x080028d4   Section        0  esp8266_link.o(i.ToTenths)
    ToTenths                                 0x080028d5   Thumb Code    54  esp8266_link.o(i.ToTenths)
    i.USART_Cmd                              0x08002910   Section        0  stm32f10x_usart.o(i.USART_Cmd)
    i.USART_GetFlagStatus                    0x08002928   Section        0  stm32f10x_usart.o(i.USART_GetFlagStatus)
    i.USART_Init                             0x08002944   Section        0  stm32f10x_usart.o(i.USART_Init)
    i.USART_SendData                         0x08002a1c   Section        0  stm32f10x_usart.o(i.USART_SendData)
    i.USART_StructInit                       0x08002a24   Section        0  stm32f10x_usart.o(i.USART_StructInit)
    i.UnitName                               0x08002a3c   Section        0  app.o(i.UnitName)
    UnitName                                 0x08002a3d   Thumb Code    22  app.o(i.UnitName)
    i.UsageFault_Handler                     0x08002a5c   Section        0  stm32f10x_it.o(i.UsageFault_Handler)
    i.__0snprintf                            0x08002a60   Section        0  printfa.o(i.__0snprintf)
    i.__0vsnprintf                           0x08002a88   Section        0  printfa.o(i.__0vsnprintf)
    i.__scatterload_copy                     0x08002aac   Section       14  handlers.o(i.__scatterload_copy)
    i.__scatterload_null                     0x08002aba   Section        2  handlers.o(i.__scatterload_null)
    i.__scatterload_zeroinit                 0x08002abc   Section       14  handlers.o(i.__scatterload_zeroinit)
    i._fp_digits                             0x08002acc   Section        0  printfa.o(i._fp_digits)
    _fp_digits                               0x08002acd   Thumb Code   334  printfa.o(i._fp_digits)
    i._printf_core                           0x08002c30   Section        0  printfa.o(i._printf_core)
    _printf_core                             0x08002c31   Thumb Code  1744  printfa.o(i._printf_core)
    i._printf_post_padding                   0x0800330c   Section        0  printfa.o(i._printf_post_padding)
    _printf_post_padding                     0x0800330d   Thumb Code    36  printfa.o(i._printf_post_padding)
    i._printf_pre_padding                    0x08003330   Section        0  printfa.o(i._printf_pre_padding)
    _printf_pre_padding                      0x08003331   Thumb Code    46  printfa.o(i._printf_pre_padding)
    i._snputc                                0x0800335e   Section        0  printfa.o(i._snputc)
    _snputc                                  0x0800335f   Thumb Code    22  printfa.o(i._snputc)
    i.main                                   0x08003374   Section        0  main.o(i.main)
    .constdata                               0x08003380   Section       12  app.o(.constdata)
    g_cal_masses                             0x08003380   Data          12  app.o(.constdata)
    .constdata                               0x0800338c   Section        8  keys.o(.constdata)
    .constdata                               0x08003394   Section      205  oled.o(.constdata)
    digits                                   0x08003394   Data          60  oled.o(.constdata)
    letters                                  0x080033d0   Data         130  oled.o(.constdata)
    plus                                     0x08003452   Data           5  oled.o(.constdata)
    slash                                    0x08003457   Data           5  oled.o(.constdata)
    colon                                    0x0800345c   Data           5  oled.o(.constdata)
    .conststring                             0x08003464   Section       43  app.o(.conststring)
    .conststring                             0x08003490   Section      203  esp8266_link.o(.conststring)
    .data                                    0x20000000   Section       20  system_stm32f10x.o(.data)
    .data                                    0x20000014   Section       20  stm32f10x_rcc.o(.data)
    APBAHBPrescTable                         0x20000014   Data          16  stm32f10x_rcc.o(.data)
    ADCPrescTable                            0x20000024   Data           4  stm32f10x_rcc.o(.data)
    .data                                    0x20000028   Section        4  alarm.o(.data)
    g_enabled                                0x20000028   Data           1  alarm.o(.data)
    g_output                                 0x20000029   Data           1  alarm.o(.data)
    g_elapsed                                0x2000002a   Data           2  alarm.o(.data)
    .data                                    0x2000002c   Section       72  app.o(.data)
    g_state                                  0x2000002c   Data           1  app.o(.data)
    g_menu                                   0x2000002d   Data           1  app.o(.data)
    g_cal_index                              0x2000002e   Data           1  app.o(.data)
    g_weight_g                               0x20000030   Data           4  app.o(.data)
    g_display_value                          0x20000034   Data           4  app.o(.data)
    g_stable                                 0x20000038   Data           1  app.o(.data)
    g_alarm                                  0x20000039   Data           1  app.o(.data)
    g_over_limit                             0x2000003a   Data           1  app.o(.data)
    g_over_range                             0x2000003b   Data           1  app.o(.data)
    g_last_display                           0x2000003c   Data           4  app.o(.data)
    g_last_publish                           0x20000040   Data           4  app.o(.data)
    g_last_timeout                           0x20000044   Data           4  app.o(.data)
    g_last_sensor_retry                      0x20000048   Data           4  app.o(.data)
    g_message_until                          0x2000004c   Data           4  app.o(.data)
    g_message                                0x20000050   Data           4  app.o(.data)
    g_message_return                         0x20000054   Data           1  app.o(.data)
    names                                    0x20000058   Data          12  app.o(.data)
    menu_names                               0x20000064   Data          16  app.o(.data)
    .data                                    0x20000074   Section        8  bsp_time.o(.data)
    g_millis                                 0x20000074   Data           4  bsp_time.o(.data)
    g_cycles_per_us                          0x20000078   Data           4  bsp_time.o(.data)
    .data                                    0x2000007c   Section        1  keys.o(.data)
    g_event                                  0x2000007c   Data           1  keys.o(.data)
    .bss                                     0x20000080   Section       28  app.o(.bss)
    g_settings                               0x20000080   Data          16  app.o(.bss)
    g_cal                                    0x20000090   Data          12  app.o(.bss)
    .bss                                     0x2000009c   Section       64  keys.o(.bss)
    g_keys                                   0x2000009c   Data          64  keys.o(.bss)
    .bss                                     0x200000dc   Section     1024  oled.o(.bss)
    g_buffer                                 0x200000dc   Data        1024  oled.o(.bss)
    STACK                                    0x200004e0   Section     1024  startup_stm32f10x_md.o(STACK)

    Global Symbols

    Symbol Name                              Value     Ov Type        Size  Object(Section)

    BuildAttributes$$THM_ISAv4$P$D$K$B$S$PE$A:L22UL41UL21$X:L11$S22US41US21$IEEE1$IW$USESV6$~STKCKD$USESV7$~SHL$OTIME$ROPI$EBA8$MICROLIB$REQ8$PRES8$EABIv2 0x00000000   Number         0  anon$$obj.o ABSOLUTE
    __ARM_use_no_argv                        0x00000000   Number         0  main.o ABSOLUTE
    _printf_a                                0x00000000   Number         0  stubs.o ABSOLUTE
    _printf_c                                0x00000000   Number         0  stubs.o ABSOLUTE
    _printf_charcount                        0x00000000   Number         0  stubs.o ABSOLUTE
    _printf_d                                0x00000000   Number         0  stubs.o ABSOLUTE
    _printf_e                                0x00000000   Number         0  stubs.o ABSOLUTE
    _printf_f                                0x00000000   Number         0  stubs.o ABSOLUTE
    _printf_flags                            0x00000000   Number         0  stubs.o ABSOLUTE
    _printf_fp_dec                           0x00000000   Number         0  stubs.o ABSOLUTE
    _printf_fp_hex                           0x00000000   Number         0  stubs.o ABSOLUTE
    _printf_g                                0x00000000   Number         0  stubs.o ABSOLUTE
    _printf_i                                0x00000000   Number         0  stubs.o ABSOLUTE
    _printf_int_dec                          0x00000000   Number         0  stubs.o ABSOLUTE
    _printf_l                                0x00000000   Number         0  stubs.o ABSOLUTE
    _printf_lc                               0x00000000   Number         0  stubs.o ABSOLUTE
    _printf_ll                               0x00000000   Number         0  stubs.o ABSOLUTE
    _printf_lld                              0x00000000   Number         0  stubs.o ABSOLUTE
    _printf_lli                              0x00000000   Number         0  stubs.o ABSOLUTE
    _printf_llo                              0x00000000   Number         0  stubs.o ABSOLUTE
    _printf_llu                              0x00000000   Number         0  stubs.o ABSOLUTE
    _printf_llx                              0x00000000   Number         0  stubs.o ABSOLUTE
    _printf_longlong_dec                     0x00000000   Number         0  stubs.o ABSOLUTE
    _printf_longlong_hex                     0x00000000   Number         0  stubs.o ABSOLUTE
    _printf_longlong_oct                     0x00000000   Number         0  stubs.o ABSOLUTE
    _printf_ls                               0x00000000   Number         0  stubs.o ABSOLUTE
    _printf_mbtowc                           0x00000000   Number         0  stubs.o ABSOLUTE
    _printf_n                                0x00000000   Number         0  stubs.o ABSOLUTE
    _printf_o                                0x00000000   Number         0  stubs.o ABSOLUTE
    _printf_p                                0x00000000   Number         0  stubs.o ABSOLUTE
    _printf_percent                          0x00000000   Number         0  stubs.o ABSOLUTE
    _printf_pre_padding                      0x00000000   Number         0  stubs.o ABSOLUTE
    _printf_return_value                     0x00000000   Number         0  stubs.o ABSOLUTE
    _printf_s                                0x00000000   Number         0  stubs.o ABSOLUTE
    _printf_sizespec                         0x00000000   Number         0  stubs.o ABSOLUTE
    _printf_str                              0x00000000   Number         0  stubs.o ABSOLUTE
    _printf_truncate_signed                  0x00000000   Number         0  stubs.o ABSOLUTE
    _printf_truncate_unsigned                0x00000000   Number         0  stubs.o ABSOLUTE
    _printf_u                                0x00000000   Number         0  stubs.o ABSOLUTE
    _printf_wc                               0x00000000   Number         0  stubs.o ABSOLUTE
    _printf_wctomb                           0x00000000   Number         0  stubs.o ABSOLUTE
    _printf_widthprec                        0x00000000   Number         0  stubs.o ABSOLUTE
    _printf_x                                0x00000000   Number         0  stubs.o ABSOLUTE
    __cpp_initialize__aeabi_                  - Undefined Weak Reference
    __cxa_finalize                            - Undefined Weak Reference
    __decompress                              - Undefined Weak Reference
    _clock_init                               - Undefined Weak Reference
    _microlib_exit                            - Undefined Weak Reference
    __Vectors_Size                           0x000000ec   Number         0  startup_stm32f10x_md.o ABSOLUTE
    __Vectors                                0x08000000   Data           4  startup_stm32f10x_md.o(RESET)
    __Vectors_End                            0x080000ec   Data           0  startup_stm32f10x_md.o(RESET)
    __main                                   0x080000ed   Thumb Code     0  entry.o(.ARM.Collect$$$$00000000)
    _main_stk                                0x080000ed   Thumb Code     0  entry2.o(.ARM.Collect$$$$00000001)
    _main_scatterload                        0x080000f1   Thumb Code     0  entry5.o(.ARM.Collect$$$$00000004)
    __main_after_scatterload                 0x080000f5   Thumb Code     0  entry5.o(.ARM.Collect$$$$00000004)
    _main_clock                              0x080000f5   Thumb Code     0  entry7b.o(.ARM.Collect$$$$00000008)
    _main_cpp_init                           0x080000f5   Thumb Code     0  entry8b.o(.ARM.Collect$$$$0000000A)
    _main_init                               0x080000f5   Thumb Code     0  entry9a.o(.ARM.Collect$$$$0000000B)
    __rt_final_cpp                           0x080000fd   Thumb Code     0  entry10a.o(.ARM.Collect$$$$0000000D)
    __rt_final_exit                          0x080000fd   Thumb Code     0  entry11a.o(.ARM.Collect$$$$0000000F)
    Reset_Handler                            0x08000101   Thumb Code     8  startup_stm32f10x_md.o(.text)
    ADC1_2_IRQHandler                        0x0800011b   Thumb Code     0  startup_stm32f10x_md.o(.text)
    CAN1_RX1_IRQHandler                      0x0800011b   Thumb Code     0  startup_stm32f10x_md.o(.text)
    CAN1_SCE_IRQHandler                      0x0800011b   Thumb Code     0  startup_stm32f10x_md.o(.text)
    DMA1_Channel1_IRQHandler                 0x0800011b   Thumb Code     0  startup_stm32f10x_md.o(.text)
    DMA1_Channel2_IRQHandler                 0x0800011b   Thumb Code     0  startup_stm32f10x_md.o(.text)
    DMA1_Channel3_IRQHandler                 0x0800011b   Thumb Code     0  startup_stm32f10x_md.o(.text)
    DMA1_Channel4_IRQHandler                 0x0800011b   Thumb Code     0  startup_stm32f10x_md.o(.text)
    DMA1_Channel5_IRQHandler                 0x0800011b   Thumb Code     0  startup_stm32f10x_md.o(.text)
    DMA1_Channel6_IRQHandler                 0x0800011b   Thumb Code     0  startup_stm32f10x_md.o(.text)
    DMA1_Channel7_IRQHandler                 0x0800011b   Thumb Code     0  startup_stm32f10x_md.o(.text)
    EXTI0_IRQHandler                         0x0800011b   Thumb Code     0  startup_stm32f10x_md.o(.text)
    EXTI15_10_IRQHandler                     0x0800011b   Thumb Code     0  startup_stm32f10x_md.o(.text)
    EXTI1_IRQHandler                         0x0800011b   Thumb Code     0  startup_stm32f10x_md.o(.text)
    EXTI2_IRQHandler                         0x0800011b   Thumb Code     0  startup_stm32f10x_md.o(.text)
    EXTI3_IRQHandler                         0x0800011b   Thumb Code     0  startup_stm32f10x_md.o(.text)
    EXTI4_IRQHandler                         0x0800011b   Thumb Code     0  startup_stm32f10x_md.o(.text)
    EXTI9_5_IRQHandler                       0x0800011b   Thumb Code     0  startup_stm32f10x_md.o(.text)
    FLASH_IRQHandler                         0x0800011b   Thumb Code     0  startup_stm32f10x_md.o(.text)
    I2C1_ER_IRQHandler                       0x0800011b   Thumb Code     0  startup_stm32f10x_md.o(.text)
    I2C1_EV_IRQHandler                       0x0800011b   Thumb Code     0  startup_stm32f10x_md.o(.text)
    I2C2_ER_IRQHandler                       0x0800011b   Thumb Code     0  startup_stm32f10x_md.o(.text)
    I2C2_EV_IRQHandler                       0x0800011b   Thumb Code     0  startup_stm32f10x_md.o(.text)
    PVD_IRQHandler                           0x0800011b   Thumb Code     0  startup_stm32f10x_md.o(.text)
    RCC_IRQHandler                           0x0800011b   Thumb Code     0  startup_stm32f10x_md.o(.text)
    RTCAlarm_IRQHandler                      0x0800011b   Thumb Code     0  startup_stm32f10x_md.o(.text)
    RTC_IRQHandler                           0x0800011b   Thumb Code     0  startup_stm32f10x_md.o(.text)
    SPI1_IRQHandler                          0x0800011b   Thumb Code     0  startup_stm32f10x_md.o(.text)
    SPI2_IRQHandler                          0x0800011b   Thumb Code     0  startup_stm32f10x_md.o(.text)
    TAMPER_IRQHandler                        0x0800011b   Thumb Code     0  startup_stm32f10x_md.o(.text)
    TIM1_BRK_IRQHandler                      0x0800011b   Thumb Code     0  startup_stm32f10x_md.o(.text)
    TIM1_CC_IRQHandler                       0x0800011b   Thumb Code     0  startup_stm32f10x_md.o(.text)
    TIM1_TRG_COM_IRQHandler                  0x0800011b   Thumb Code     0  startup_stm32f10x_md.o(.text)
    TIM1_UP_IRQHandler                       0x0800011b   Thumb Code     0  startup_stm32f10x_md.o(.text)
    TIM2_IRQHandler                          0x0800011b   Thumb Code     0  startup_stm32f10x_md.o(.text)
    TIM3_IRQHandler                          0x0800011b   Thumb Code     0  startup_stm32f10x_md.o(.text)
    TIM4_IRQHandler                          0x0800011b   Thumb Code     0  startup_stm32f10x_md.o(.text)
    USART1_IRQHandler                        0x0800011b   Thumb Code     0  startup_stm32f10x_md.o(.text)
    USART2_IRQHandler                        0x0800011b   Thumb Code     0  startup_stm32f10x_md.o(.text)
    USART3_IRQHandler                        0x0800011b   Thumb Code     0  startup_stm32f10x_md.o(.text)
    USBWakeUp_IRQHandler                     0x0800011b   Thumb Code     0  startup_stm32f10x_md.o(.text)
    USB_HP_CAN1_TX_IRQHandler                0x0800011b   Thumb Code     0  startup_stm32f10x_md.o(.text)
    USB_LP_CAN1_RX0_IRQHandler               0x0800011b   Thumb Code     0  startup_stm32f10x_md.o(.text)
    WWDG_IRQHandler                          0x0800011b   Thumb Code     0  startup_stm32f10x_md.o(.text)
    __aeabi_ldivmod                          0x08000125   Thumb Code    98  ldiv.o(.text)
    __aeabi_memcpy                           0x08000187   Thumb Code    36  memcpya.o(.text)
    __aeabi_memcpy4                          0x08000187   Thumb Code     0  memcpya.o(.text)
    __aeabi_memcpy8                          0x08000187   Thumb Code     0  memcpya.o(.text)
    __aeabi_memset                           0x080001ab   Thumb Code    14  memseta.o(.text)
    __aeabi_memset4                          0x080001ab   Thumb Code     0  memseta.o(.text)
    __aeabi_memset8                          0x080001ab   Thumb Code     0  memseta.o(.text)
    __aeabi_memclr                           0x080001b9   Thumb Code     4  memseta.o(.text)
    __aeabi_memclr4                          0x080001b9   Thumb Code     0  memseta.o(.text)
    __aeabi_memclr8                          0x080001b9   Thumb Code     0  memseta.o(.text)
    _memset$wrapper                          0x080001bd   Thumb Code    18  memseta.o(.text)
    __aeabi_fadd                             0x080001cf   Thumb Code   164  fadd.o(.text)
    __aeabi_fsub                             0x08000273   Thumb Code     6  fadd.o(.text)
    __aeabi_frsub                            0x08000279   Thumb Code     6  fadd.o(.text)
    __aeabi_fmul                             0x0800027f   Thumb Code   100  fmul.o(.text)
    __aeabi_fdiv                             0x080002e3   Thumb Code   124  fdiv.o(.text)
    __aeabi_i2f                              0x0800035f   Thumb Code    18  fflti.o(.text)
    __aeabi_l2f                              0x08000371   Thumb Code    44  ffltl.o(.text)
    __aeabi_f2iz                             0x0800039d   Thumb Code    50  ffixi.o(.text)
    __aeabi_cfcmpeq                          0x080003d1   Thumb Code     0  cfcmple.o(.text)
    __aeabi_cfcmple                          0x080003d1   Thumb Code    20  cfcmple.o(.text)
    __aeabi_cfrcmple                         0x080003e5   Thumb Code    20  cfrcmple.o(.text)
    __aeabi_uidiv                            0x080003f9   Thumb Code     0  uidiv.o(.text)
    __aeabi_uidivmod                         0x080003f9   Thumb Code    44  uidiv.o(.text)
    __aeabi_uldivmod                         0x08000425   Thumb Code    98  uldiv.o(.text)
    __I$use$fp                               0x08000487   Thumb Code     0  iusefp.o(.text)
    _float_round                             0x08000487   Thumb Code    18  fepilogue.o(.text)
    _float_epilogue                          0x08000499   Thumb Code    92  fepilogue.o(.text)
    __aeabi_dadd                             0x080004f5   Thumb Code   322  dadd.o(.text)
    __aeabi_dsub                             0x08000637   Thumb Code     6  dadd.o(.text)
    __aeabi_drsub                            0x0800063d   Thumb Code     6  dadd.o(.text)
    __aeabi_dmul                             0x08000643   Thumb Code   228  dmul.o(.text)
    __aeabi_ddiv                             0x08000727   Thumb Code   222  ddiv.o(.text)
    __aeabi_d2ulz                            0x08000805   Thumb Code    48  dfixul.o(.text)
    __aeabi_cdrcmple                         0x08000835   Thumb Code    48  cdrcmple.o(.text)
    __scatterload                            0x08000865   Thumb Code    28  init.o(.text)
    __scatterload_rt2                        0x08000865   Thumb Code     0  init.o(.text)
    __aeabi_llsl                             0x08000889   Thumb Code    30  llshl.o(.text)
    _ll_shift_l                              0x08000889   Thumb Code     0  llshl.o(.text)
    __aeabi_llsr                             0x080008a7   Thumb Code    32  llushr.o(.text)
    _ll_ushift_r                             0x080008a7   Thumb Code     0  llushr.o(.text)
    __aeabi_lasr                             0x080008c7   Thumb Code    36  llsshr.o(.text)
    _ll_sshift_r                             0x080008c7   Thumb Code     0  llsshr.o(.text)
    _double_round                            0x080008eb   Thumb Code    30  depilogue.o(.text)
    _double_epilogue                         0x08000909   Thumb Code   156  depilogue.o(.text)
    Alarm_Init                               0x080009a5   Thumb Code    58  alarm.o(i.Alarm_Init)
    Alarm_Set                                0x080009f1   Thumb Code    32  alarm.o(i.Alarm_Set)
    Alarm_Tick1ms                            0x08000a1d   Thumb Code    60  alarm.o(i.Alarm_Tick1ms)
    App_Init                                 0x08000a89   Thumb Code   188  app.o(i.App_Init)
    App_Run                                  0x08000c29   Thumb Code   394  app.o(i.App_Run)
    BSP_DelayMs                              0x08000e19   Thumb Code    24  bsp_time.o(i.BSP_DelayMs)
    BSP_DelayUs                              0x08000e31   Thumb Code    38  bsp_time.o(i.BSP_DelayUs)
    BSP_Millis                               0x08000e61   Thumb Code     6  bsp_time.o(i.BSP_Millis)
    BSP_Time_Init                            0x08000e6d   Thumb Code   132  bsp_time.o(i.BSP_Time_Init)
    BSP_TimebaseCheck                        0x08000f09   Thumb Code    28  bsp_time.o(i.BSP_TimebaseCheck)
    BSP_USART1_Init                          0x08000f29   Thumb Code   118  bsp_usart.o(i.BSP_USART1_Init)
    BSP_USART1_Printf                        0x08000fa9   Thumb Code    38  bsp_usart.o(i.BSP_USART1_Printf)
    BSP_USART1_WriteString                   0x08000fd1   Thumb Code    38  bsp_usart.o(i.BSP_USART1_WriteString)
    BusFault_Handler                         0x08000ffd   Thumb Code     4  stm32f10x_it.o(i.BusFault_Handler)
    DebugMon_Handler                         0x08001039   Thumb Code     2  stm32f10x_it.o(i.DebugMon_Handler)
    ESP8266_LinkInit                         0x0800128d   Thumb Code   102  esp8266_link.o(i.ESP8266_LinkInit)
    ESP8266_SendWeight                       0x080012fd   Thumb Code   202  esp8266_link.o(i.ESP8266_SendWeight)
    FLASH_ErasePage                          0x08001421   Thumb Code    72  stm32f10x_flash.o(i.FLASH_ErasePage)
    FLASH_GetBank1Status                     0x0800146d   Thumb Code    48  stm32f10x_flash.o(i.FLASH_GetBank1Status)
    FLASH_Lock                               0x080014a1   Thumb Code    14  stm32f10x_flash.o(i.FLASH_Lock)
    FLASH_ProgramHalfWord                    0x080014b5   Thumb Code    60  stm32f10x_flash.o(i.FLASH_ProgramHalfWord)
    FLASH_Unlock                             0x080014f5   Thumb Code    12  stm32f10x_flash.o(i.FLASH_Unlock)
    FLASH_WaitForLastOperation               0x0800150d   Thumb Code    38  stm32f10x_flash.o(i.FLASH_WaitForLastOperation)
    GPIO_Init                                0x08001533   Thumb Code   278  stm32f10x_gpio.o(i.GPIO_Init)
    GPIO_ReadInputDataBit                    0x08001649   Thumb Code    18  stm32f10x_gpio.o(i.GPIO_ReadInputDataBit)
    GPIO_ResetBits                           0x0800165b   Thumb Code     4  stm32f10x_gpio.o(i.GPIO_ResetBits)
    GPIO_SetBits                             0x0800165f   Thumb Code     4  stm32f10x_gpio.o(i.GPIO_SetBits)
    HX711_GetDoutLevel                       0x08001735   Thumb Code    22  hx711.o(i.HX711_GetDoutLevel)
    HX711_Init                               0x08001751   Thumb Code    72  hx711.o(i.HX711_Init)
    HX711_PowerDown                          0x0800179d   Thumb Code    20  hx711.o(i.HX711_PowerDown)
    HX711_PowerUp                            0x080017b5   Thumb Code    14  hx711.o(i.HX711_PowerUp)
    HX711_ReadRaw                            0x080017c9   Thumb Code   194  hx711.o(i.HX711_ReadRaw)
    HardFault_Handler                        0x08001b19   Thumb Code     4  stm32f10x_it.o(i.HardFault_Handler)
    Keys_GetEvent                            0x08001bc1   Thumb Code    12  keys.o(i.Keys_GetEvent)
    Keys_Init                                0x08001bd1   Thumb Code   120  keys.o(i.Keys_Init)
    Keys_Update                              0x08001c59   Thumb Code   242  keys.o(i.Keys_Update)
    MemManage_Handler                        0x08001d59   Thumb Code     4  stm32f10x_it.o(i.MemManage_Handler)
    NMI_Handler                              0x08001d5d   Thumb Code     2  stm32f10x_it.o(i.NMI_Handler)
    OLED_Clear                               0x08001d61   Thumb Code    14  oled.o(i.OLED_Clear)
    OLED_DrawTenthsUnitCentered              0x08001dc5   Thumb Code   202  oled.o(i.OLED_DrawTenthsUnitCentered)
    OLED_DrawText                            0x08001ea9   Thumb Code    84  oled.o(i.OLED_DrawText)
    OLED_DrawTextCentered                    0x08001f01   Thumb Code    48  oled.o(i.OLED_DrawTextCentered)
    OLED_Init                                0x08001f31   Thumb Code    92  oled.o(i.OLED_Init)
    OLED_TextWidth                           0x08001fad   Thumb Code    44  oled.o(i.OLED_TextWidth)
    OLED_Update                              0x08001fd9   Thumb Code    62  oled.o(i.OLED_Update)
    PendSV_Handler                           0x08002025   Thumb Code     2  stm32f10x_it.o(i.PendSV_Handler)
    RCC_APB1PeriphClockCmd                   0x080020ed   Thumb Code    26  stm32f10x_rcc.o(i.RCC_APB1PeriphClockCmd)
    RCC_APB2PeriphClockCmd                   0x0800210d   Thumb Code    26  stm32f10x_rcc.o(i.RCC_APB2PeriphClockCmd)
    RCC_GetClocksFreq                        0x0800212d   Thumb Code   192  stm32f10x_rcc.o(i.RCC_GetClocksFreq)
    SVC_Handler                              0x08002241   Thumb Code     2  stm32f10x_it.o(i.SVC_Handler)
    Scale_CaptureCalibration                 0x0800227d   Thumb Code   110  scale.o(i.Scale_CaptureCalibration)
    Scale_ReadStable                         0x08002385   Thumb Code   246  scale.o(i.Scale_ReadStable)
    Scale_Tare                               0x080024bd   Thumb Code    76  scale.o(i.Scale_Tare)
    Settings_Load                            0x08002635   Thumb Code    78  settings.o(i.Settings_Load)
    Settings_Save                            0x0800268d   Thumb Code   110  settings.o(i.Settings_Save)
    Settings_SetDefaults                     0x08002705   Thumb Code    18  settings.o(i.Settings_SetDefaults)
    SysTick_Handler                          0x080027b1   Thumb Code    26  bsp_time.o(i.SysTick_Handler)
    SystemCoreClockUpdate                    0x080027d1   Thumb Code   142  system_stm32f10x.o(i.SystemCoreClockUpdate)
    SystemInit                               0x08002875   Thumb Code    78  system_stm32f10x.o(i.SystemInit)
    USART_Cmd                                0x08002911   Thumb Code    24  stm32f10x_usart.o(i.USART_Cmd)
    USART_GetFlagStatus                      0x08002929   Thumb Code    26  stm32f10x_usart.o(i.USART_GetFlagStatus)
    USART_Init                               0x08002945   Thumb Code   210  stm32f10x_usart.o(i.USART_Init)
    USART_SendData                           0x08002a1d   Thumb Code     8  stm32f10x_usart.o(i.USART_SendData)
    USART_StructInit                         0x08002a25   Thumb Code    24  stm32f10x_usart.o(i.USART_StructInit)
    UsageFault_Handler                       0x08002a5d   Thumb Code     4  stm32f10x_it.o(i.UsageFault_Handler)
    __0snprintf                              0x08002a61   Thumb Code    36  printfa.o(i.__0snprintf)
    __1snprintf                              0x08002a61   Thumb Code     0  printfa.o(i.__0snprintf)
    __2snprintf                              0x08002a61   Thumb Code     0  printfa.o(i.__0snprintf)
    __c89snprintf                            0x08002a61   Thumb Code     0  printfa.o(i.__0snprintf)
    snprintf                                 0x08002a61   Thumb Code     0  printfa.o(i.__0snprintf)
    __0vsnprintf                             0x08002a89   Thumb Code    32  printfa.o(i.__0vsnprintf)
    __1vsnprintf                             0x08002a89   Thumb Code     0  printfa.o(i.__0vsnprintf)
    __2vsnprintf                             0x08002a89   Thumb Code     0  printfa.o(i.__0vsnprintf)
    __c89vsnprintf                           0x08002a89   Thumb Code     0  printfa.o(i.__0vsnprintf)
    vsnprintf                                0x08002a89   Thumb Code     0  printfa.o(i.__0vsnprintf)
    __scatterload_copy                       0x08002aad   Thumb Code    14  handlers.o(i.__scatterload_copy)
    __scatterload_null                       0x08002abb   Thumb Code     2  handlers.o(i.__scatterload_null)
    __scatterload_zeroinit                   0x08002abd   Thumb Code    14  handlers.o(i.__scatterload_zeroinit)
    main                                     0x08003375   Thumb Code    12  main.o(i.main)
    Region$$Table$$Base                      0x0800355c   Number         0  anon$$obj.o(Region$$Table)
    Region$$Table$$Limit                     0x0800357c   Number         0  anon$$obj.o(Region$$Table)
    SystemCoreClock                          0x20000000   Data           4  system_stm32f10x.o(.data)
    AHBPrescTable                            0x20000004   Data          16  system_stm32f10x.o(.data)
    __initial_sp                             0x200008e0   Data           0  startup_stm32f10x_md.o(STACK)



==============================================================================

Memory Map of the image

  Image Entry point : 0x080000ed

  Load Region LR_IROM1 (Base: 0x08000000, Size: 0x000035fc, Max: 0x00010000, ABSOLUTE)

    Execution Region ER_IROM1 (Base: 0x08000000, Size: 0x0000357c, Max: 0x00010000, ABSOLUTE)

    Base Addr    Size         Type   Attr      Idx    E Section Name        Object

    0x08000000   0x000000ec   Data   RO           19    RESET               startup_stm32f10x_md.o
    0x080000ec   0x00000000   Code   RO         3579  * .ARM.Collect$$$$00000000  mc_w.l(entry.o)
    0x080000ec   0x00000004   Code   RO         3867    .ARM.Collect$$$$00000001  mc_w.l(entry2.o)
    0x080000f0   0x00000004   Code   RO         3870    .ARM.Collect$$$$00000004  mc_w.l(entry5.o)
    0x080000f4   0x00000000   Code   RO         3872    .ARM.Collect$$$$00000008  mc_w.l(entry7b.o)
    0x080000f4   0x00000000   Code   RO         3874    .ARM.Collect$$$$0000000A  mc_w.l(entry8b.o)
    0x080000f4   0x00000008   Code   RO         3875    .ARM.Collect$$$$0000000B  mc_w.l(entry9a.o)
    0x080000fc   0x00000000   Code   RO         3877    .ARM.Collect$$$$0000000D  mc_w.l(entry10a.o)
    0x080000fc   0x00000000   Code   RO         3879    .ARM.Collect$$$$0000000F  mc_w.l(entry11a.o)
    0x080000fc   0x00000004   Code   RO         3868    .ARM.Collect$$$$00002712  mc_w.l(entry2.o)
    0x08000100   0x00000024   Code   RO           20    .text               startup_stm32f10x_md.o
    0x08000124   0x00000062   Code   RO         3582    .text               mc_w.l(ldiv.o)
    0x08000186   0x00000024   Code   RO         3584    .text               mc_w.l(memcpya.o)
    0x080001aa   0x00000024   Code   RO         3586    .text               mc_w.l(memseta.o)
    0x080001ce   0x000000b0   Code   RO         3851    .text               mf_w.l(fadd.o)
    0x0800027e   0x00000064   Code   RO         3853    .text               mf_w.l(fmul.o)
    0x080002e2   0x0000007c   Code   RO         3855    .text               mf_w.l(fdiv.o)
    0x0800035e   0x00000012   Code   RO         3857    .text               mf_w.l(fflti.o)
    0x08000370   0x0000002c   Code   RO         3859    .text               mf_w.l(ffltl.o)
    0x0800039c   0x00000032   Code   RO         3861    .text               mf_w.l(ffixi.o)
    0x080003ce   0x00000002   PAD
    0x080003d0   0x00000014   Code   RO         3863    .text               mf_w.l(cfcmple.o)
    0x080003e4   0x00000014   Code   RO         3865    .text               mf_w.l(cfrcmple.o)
    0x080003f8   0x0000002c   Code   RO         3884    .text               mc_w.l(uidiv.o)
    0x08000424   0x00000062   Code   RO         3886    .text               mc_w.l(uldiv.o)
    0x08000486   0x00000000   Code   RO         3888    .text               mc_w.l(iusefp.o)
    0x08000486   0x0000006e   Code   RO         3889    .text               mf_w.l(fepilogue.o)
    0x080004f4   0x0000014e   Code   RO         3891    .text               mf_w.l(dadd.o)
    0x08000642   0x000000e4   Code   RO         3893    .text               mf_w.l(dmul.o)
    0x08000726   0x000000de   Code   RO         3895    .text               mf_w.l(ddiv.o)
    0x08000804   0x00000030   Code   RO         3897    .text               mf_w.l(dfixul.o)
    0x08000834   0x00000030   Code   RO         3899    .text               mf_w.l(cdrcmple.o)
    0x08000864   0x00000024   Code   RO         3901    .text               mc_w.l(init.o)
    0x08000888   0x0000001e   Code   RO         3904    .text               mc_w.l(llshl.o)
    0x080008a6   0x00000020   Code   RO         3906    .text               mc_w.l(llushr.o)
    0x080008c6   0x00000024   Code   RO         3908    .text               mc_w.l(llsshr.o)
    0x080008ea   0x000000ba   Code   RO         3911    .text               mf_w.l(depilogue.o)
    0x080009a4   0x0000004c   Code   RO         3049    i.Alarm_Init        alarm.o
    0x080009f0   0x0000002c   Code   RO         3050    i.Alarm_Set         alarm.o
    0x08000a1c   0x00000048   Code   RO         3051    i.Alarm_Tick1ms     alarm.o
    0x08000a64   0x00000024   Code   RO         3052    i.Alarm_Write       alarm.o
    0x08000a88   0x000001a0   Code   RO         3083    i.App_Init          app.o
    0x08000c28   0x000001f0   Code   RO         3084    i.App_Run           app.o
    0x08000e18   0x00000018   Code   RO         3176    i.BSP_DelayMs       bsp_time.o
    0x08000e30   0x00000030   Code   RO         3177    i.BSP_DelayUs       bsp_time.o
    0x08000e60   0x0000000c   Code   RO         3178    i.BSP_Millis        bsp_time.o
    0x08000e6c   0x0000009c   Code   RO         3179    i.BSP_Time_Init     bsp_time.o
    0x08000f08   0x00000020   Code   RO         3180    i.BSP_TimebaseCheck  bsp_time.o
    0x08000f28   0x00000080   Code   RO         3225    i.BSP_USART1_Init   bsp_usart.o
    0x08000fa8   0x00000026   Code   RO         3226    i.BSP_USART1_Printf  bsp_usart.o
    0x08000fce   0x00000002   PAD
    0x08000fd0   0x0000002c   Code   RO         3227    i.BSP_USART1_WriteString  bsp_usart.o
    0x08000ffc   0x00000004   Code   RO         2986    i.BusFault_Handler  stm32f10x_it.o
    0x08001000   0x00000038   Code   RO         3085    i.ConvertUnit       app.o
    0x08001038   0x00000002   Code   RO         2987    i.DebugMon_Handler  stm32f10x_it.o
    0x0800103a   0x00000002   PAD
    0x0800103c   0x00000250   Code   RO         3086    i.DrawScreen        app.o
    0x0800128c   0x00000070   Code   RO         3261    i.ESP8266_LinkInit  esp8266_link.o
    0x080012fc   0x000000f8   Code   RO         3262    i.ESP8266_SendWeight  esp8266_link.o
    0x080013f4   0x0000002c   Code   RO         3263    i.ESP8266_Write     esp8266_link.o
    0x08001420   0x0000004c   Code   RO          821    i.FLASH_ErasePage   stm32f10x_flash.o
    0x0800146c   0x00000034   Code   RO          822    i.FLASH_GetBank1Status  stm32f10x_flash.o
    0x080014a0   0x00000014   Code   RO          831    i.FLASH_Lock        stm32f10x_flash.o
    0x080014b4   0x00000040   Code   RO          834    i.FLASH_ProgramHalfWord  stm32f10x_flash.o
    0x080014f4   0x00000018   Code   RO          839    i.FLASH_Unlock      stm32f10x_flash.o
    0x0800150c   0x00000026   Code   RO          843    i.FLASH_WaitForLastOperation  stm32f10x_flash.o
    0x08001532   0x00000116   Code   RO         1122    i.GPIO_Init         stm32f10x_gpio.o
    0x08001648   0x00000012   Code   RO         1126    i.GPIO_ReadInputDataBit  stm32f10x_gpio.o
    0x0800165a   0x00000004   Code   RO         1129    i.GPIO_ResetBits    stm32f10x_gpio.o
    0x0800165e   0x00000004   Code   RO         1130    i.GPIO_SetBits      stm32f10x_gpio.o
    0x08001662   0x00000002   PAD
    0x08001664   0x000000b8   Code   RO         3372    i.Glyph             oled.o
    0x0800171c   0x00000018   Code   RO         3299    i.HX711_ClockDelay  hx711.o
    0x08001734   0x0000001c   Code   RO         3300    i.HX711_GetDoutLevel  hx711.o
    0x08001750   0x0000004c   Code   RO         3301    i.HX711_Init        hx711.o
    0x0800179c   0x00000018   Code   RO         3302    i.HX711_PowerDown   hx711.o
    0x080017b4   0x00000014   Code   RO         3303    i.HX711_PowerUp     hx711.o
    0x080017c8   0x000000cc   Code   RO         3304    i.HX711_ReadRaw     hx711.o
    0x08001894   0x00000284   Code   RO         3087    i.HandleKey         app.o
    0x08001b18   0x00000004   Code   RO         2988    i.HardFault_Handler  stm32f10x_it.o
    0x08001b1c   0x0000001e   Code   RO         3373    i.I2C_Delay         oled.o
    0x08001b3a   0x00000024   Code   RO         3374    i.I2C_Start         oled.o
    0x08001b5e   0x0000001e   Code   RO         3375    i.I2C_Stop          oled.o
    0x08001b7c   0x00000044   Code   RO         3376    i.I2C_Write         oled.o
    0x08001bc0   0x00000010   Code   RO         3344    i.Keys_GetEvent     keys.o
    0x08001bd0   0x00000088   Code   RO         3345    i.Keys_Init         keys.o
    0x08001c58   0x00000100   Code   RO         3346    i.Keys_Update       keys.o
    0x08001d58   0x00000004   Code   RO         2989    i.MemManage_Handler  stm32f10x_it.o
    0x08001d5c   0x00000002   Code   RO         2990    i.NMI_Handler       stm32f10x_it.o
    0x08001d5e   0x00000002   PAD
    0x08001d60   0x00000014   Code   RO         3377    i.OLED_Clear        oled.o
    0x08001d74   0x00000020   Code   RO         3378    i.OLED_Command      oled.o
    0x08001d94   0x0000002e   Code   RO         3379    i.OLED_Commands     oled.o
    0x08001dc2   0x00000002   PAD
    0x08001dc4   0x000000e4   Code   RO         3381    i.OLED_DrawTenthsUnitCentered  oled.o
    0x08001ea8   0x00000058   Code   RO         3382    i.OLED_DrawText     oled.o
    0x08001f00   0x00000030   Code   RO         3383    i.OLED_DrawTextCentered  oled.o
    0x08001f30   0x0000007c   Code   RO         3384    i.OLED_Init         oled.o
    0x08001fac   0x0000002c   Code   RO         3386    i.OLED_TextWidth    oled.o
    0x08001fd8   0x0000004c   Code   RO         3387    i.OLED_Update       oled.o
    0x08002024   0x00000002   Code   RO         2991    i.PendSV_Handler    stm32f10x_it.o
    0x08002026   0x00000002   PAD
    0x08002028   0x000000c4   Code   RO         3088    i.ProbeHX711        app.o
    0x080020ec   0x00000020   Code   RO         1550    i.RCC_APB1PeriphClockCmd  stm32f10x_rcc.o
    0x0800210c   0x00000020   Code   RO         1552    i.RCC_APB2PeriphClockCmd  stm32f10x_rcc.o
    0x0800212c   0x000000d4   Code   RO         1560    i.RCC_GetClocksFreq  stm32f10x_rcc.o
    0x08002200   0x00000020   Code   RO         3388    i.SCL               oled.o
    0x08002220   0x00000020   Code   RO         3389    i.SDA               oled.o
    0x08002240   0x00000002   Code   RO         2992    i.SVC_Handler       stm32f10x_it.o
    0x08002242   0x00000002   PAD
    0x08002244   0x00000028   Code   RO         3089    i.SaveCalibration   app.o
    0x0800226c   0x0000000e   Code   RO         3483    i.Scale_Abs32       scale.o
    0x0800227a   0x00000002   PAD
    0x0800227c   0x00000094   Code   RO         3485    i.Scale_CaptureCalibration  scale.o
    0x08002310   0x00000072   Code   RO         3489    i.Scale_ReadRawWindow  scale.o
    0x08002382   0x00000002   PAD
    0x08002384   0x00000100   Code   RO         3490    i.Scale_ReadStable  scale.o
    0x08002484   0x00000038   Code   RO         3492    i.Scale_SortInt32   scale.o
    0x080024bc   0x00000068   Code   RO         3493    i.Scale_Tare        scale.o
    0x08002524   0x00000008   Code   RO           24    i.SetSysClock       system_stm32f10x.o
    0x0800252c   0x000000e0   Code   RO           25    i.SetSysClockTo72   system_stm32f10x.o
    0x0800260c   0x00000028   Code   RO         3550    i.Settings_Checksum  settings.o
    0x08002634   0x00000058   Code   RO         3551    i.Settings_Load     settings.o
    0x0800268c   0x00000078   Code   RO         3552    i.Settings_Save     settings.o
    0x08002704   0x00000018   Code   RO         3553    i.Settings_SetDefaults  settings.o
    0x0800271c   0x00000034   Code   RO         3090    i.ShowMessage       app.o
    0x08002750   0x00000040   Code   RO         3264    i.SplitTenths       esp8266_link.o
    0x08002790   0x00000020   Code   RO         3091    i.SyncCalibration   app.o
    0x080027b0   0x00000020   Code   RO         3181    i.SysTick_Handler   bsp_time.o
    0x080027d0   0x000000a4   Code   RO           26    i.SystemCoreClockUpdate  system_stm32f10x.o
    0x08002874   0x00000060   Code   RO           27    i.SystemInit        system_stm32f10x.o
    0x080028d4   0x0000003c   Code   RO         3265    i.ToTenths          esp8266_link.o
    0x08002910   0x00000018   Code   RO         2735    i.USART_Cmd         stm32f10x_usart.o
    0x08002928   0x0000001a   Code   RO         2738    i.USART_GetFlagStatus  stm32f10x_usart.o
    0x08002942   0x00000002   PAD
    0x08002944   0x000000d8   Code   RO         2742    i.USART_Init        stm32f10x_usart.o
    0x08002a1c   0x00000008   Code   RO         2752    i.USART_SendData    stm32f10x_usart.o
    0x08002a24   0x00000018   Code   RO         2758    i.USART_StructInit  stm32f10x_usart.o
    0x08002a3c   0x00000020   Code   RO         3092    i.UnitName          app.o
    0x08002a5c   0x00000004   Code   RO         2994    i.UsageFault_Handler  stm32f10x_it.o
    0x08002a60   0x00000028   Code   RO         3824    i.__0snprintf       mc_w.l(printfa.o)
    0x08002a88   0x00000024   Code   RO         3828    i.__0vsnprintf      mc_w.l(printfa.o)
    0x08002aac   0x0000000e   Code   RO         3915    i.__scatterload_copy  mc_w.l(handlers.o)
    0x08002aba   0x00000002   Code   RO         3916    i.__scatterload_null  mc_w.l(handlers.o)
    0x08002abc   0x0000000e   Code   RO         3917    i.__scatterload_zeroinit  mc_w.l(handlers.o)
    0x08002aca   0x00000002   PAD
    0x08002acc   0x00000164   Code   RO         3830    i._fp_digits        mc_w.l(printfa.o)
    0x08002c30   0x000006dc   Code   RO         3831    i._printf_core      mc_w.l(printfa.o)
    0x0800330c   0x00000024   Code   RO         3832    i._printf_post_padding  mc_w.l(printfa.o)
    0x08003330   0x0000002e   Code   RO         3833    i._printf_pre_padding  mc_w.l(printfa.o)
    0x0800335e   0x00000016   Code   RO         3834    i._snputc           mc_w.l(printfa.o)
    0x08003374   0x0000000c   Code   RO         2971    i.main              main.o
    0x08003380   0x0000000c   Data   RO         3094    .constdata          app.o
    0x0800338c   0x00000008   Data   RO         3348    .constdata          keys.o
    0x08003394   0x000000cd   Data   RO         3391    .constdata          oled.o
    0x08003461   0x00000003   PAD
    0x08003464   0x0000002b   Data   RO         3095    .conststring        app.o
    0x0800348f   0x00000001   PAD
    0x08003490   0x000000cb   Data   RO         3266    .conststring        esp8266_link.o
    0x0800355b   0x00000001   PAD
    0x0800355c   0x00000020   Data   RO         3913    Region$$Table       anon$$obj.o


    Execution Region RW_IRAM1 (Base: 0x20000000, Size: 0x000008e0, Max: 0x00005000, ABSOLUTE)

    Base Addr    Size         Type   Attr      Idx    E Section Name        Object

    0x20000000   0x00000014   Data   RW           28    .data               system_stm32f10x.o
    0x20000014   0x00000014   Data   RW         1580    .data               stm32f10x_rcc.o
    0x20000028   0x00000004   Data   RW         3053    .data               alarm.o
    0x2000002c   0x00000048   Data   RW         3096    .data               app.o
    0x20000074   0x00000008   Data   RW         3182    .data               bsp_time.o
    0x2000007c   0x00000001   Data   RW         3349    .data               keys.o
    0x2000007d   0x00000003   PAD
    0x20000080   0x0000001c   Zero   RW         3093    .bss                app.o
    0x2000009c   0x00000040   Zero   RW         3347    .bss                keys.o
    0x200000dc   0x00000400   Zero   RW         3390    .bss                oled.o
    0x200004dc   0x00000004   PAD
    0x200004e0   0x00000400   Zero   RW           17    STACK               startup_stm32f10x_md.o


==============================================================================

Image component sizes


      Code (inc. data)   RO Data    RW Data    ZI Data      Debug   Object Name

       228         48          0          4          0       2497   alarm.o
      2556        872         55         72         28       8929   app.o
       304         50          0          8          0      19182   bsp_time.o
       210         16          0          0          0       2347   bsp_usart.o
         0          0          0          0          0       4560   core_cm3.o
       528         76        203          0          0       3836   esp8266_link.o
       376         30          0          0          0      18611   hx711.o
       408         34          8          1         64       2502   keys.o
        12          0          0          0          0        415   main.o
         0          0          0          0          0     201700   misc.o
      1118        114        205          0       1024       9534   oled.o
       692         76          0          0          0       4675   scale.o
       272         36          0          0          0       3139   settings.o
        36          8        236          0       1024        780   startup_stm32f10x_md.o
       274         30          0          0          0       9542   stm32f10x_flash.o
       304          0          0          0          0      11800   stm32f10x_gpio.o
        24          0          0          0          0       3340   stm32f10x_it.o
       276         32          0         20          0      12974   stm32f10x_rcc.o
       298          6          0          0          0      10343   stm32f10x_usart.o
       492         50          0         20          0      32101   system_stm32f10x.o

    ----------------------------------------------------------------------
      8428       1478        744        128       2144     362807   Object Totals
         0          0         32          0          0          0   (incl. Generated)
        20          0          5          3          4          0   (incl. Padding)

    ----------------------------------------------------------------------

      Code (inc. data)   RO Data    RW Data    ZI Data      Debug   Library Member Name

         0          0          0          0          0          0   entry.o
         0          0          0          0          0          0   entry10a.o
         0          0          0          0          0          0   entry11a.o
         8          4          0          0          0          0   entry2.o
         4          0          0          0          0          0   entry5.o
         0          0          0          0          0          0   entry7b.o
         0          0          0          0          0          0   entry8b.o
         8          4          0          0          0          0   entry9a.o
        30          0          0          0          0          0   handlers.o
        36          8          0          0          0         68   init.o
         0          0          0          0          0          0   iusefp.o
        98          0          0          0          0         84   ldiv.o
        30          0          0          0          0         68   llshl.o
        36          0          0          0          0         68   llsshr.o
        32          0          0          0          0         68   llushr.o
        36          0          0          0          0         68   memcpya.o
        36          0          0          0          0        108   memseta.o
      2292         88          0          0          0        592   printfa.o
        44          0          0          0          0         80   uidiv.o
        98          0          0          0          0         92   uldiv.o
        48          0          0          0          0         68   cdrcmple.o
        20          0          0          0          0         68   cfcmple.o
        20          0          0          0          0         68   cfrcmple.o
       334          0          0          0          0        148   dadd.o
       222          0          0          0          0        100   ddiv.o
       186          0          0          0          0        176   depilogue.o
        48          0          0          0          0         68   dfixul.o
       228          0          0          0          0         96   dmul.o
       176          0          0          0          0        140   fadd.o
       124          0          0          0          0         88   fdiv.o
       110          0          0          0          0        168   fepilogue.o
        50          0          0          0          0         68   ffixi.o
        18          0          0          0          0         68   fflti.o
        44          0          0          0          0         92   ffltl.o
       100          0          0          0          0         76   fmul.o

    ----------------------------------------------------------------------
      4520        104          0          0          0       2788   Library Totals
         4          0          0          0          0          0   (incl. Padding)

    ----------------------------------------------------------------------

      Code (inc. data)   RO Data    RW Data    ZI Data      Debug   Library Name

      2788        104          0          0          0       1296   mc_w.l
      1728          0          0          0          0       1492   mf_w.l

    ----------------------------------------------------------------------
      4520        104          0          0          0       2788   Library Totals

    ----------------------------------------------------------------------

==============================================================================


      Code (inc. data)   RO Data    RW Data    ZI Data      Debug   

     12948       1582        744        128       2144     359611   Grand Totals
     12948       1582        744        128       2144     359611   ELF Image Totals
     12948       1582        744        128          0          0   ROM Totals

==============================================================================

    Total RO  Size (Code + RO Data)                13692 (  13.37kB)
    Total RW  Size (RW Data + ZI Data)              2272 (   2.22kB)
    Total ROM Size (Code + RO Data + RW Data)      13820 (  13.50kB)

==============================================================================

