Component: ARM Compiler 5.06 update 1 (build 61) Tool: armlink [4d35a8]

==============================================================================

Section Cross References

    startup_stm32f10x_md.o(STACK) refers (Special) to heapauxi.o(.text) for __use_two_region_memory
    startup_stm32f10x_md.o(HEAP) refers (Special) to heapauxi.o(.text) for __use_two_region_memory
    startup_stm32f10x_md.o(RESET) refers (Special) to heapauxi.o(.text) for __use_two_region_memory
    startup_stm32f10x_md.o(RESET) refers to startup_stm32f10x_md.o(STACK) for __initial_sp
    startup_stm32f10x_md.o(RESET) refers to startup_stm32f10x_md.o(.text) for Reset_Handler
    startup_stm32f10x_md.o(RESET) refers to stm32f10x_it.o(i.NMI_Handler) for NMI_Handler
    startup_stm32f10x_md.o(RESET) refers to stm32f10x_it.o(i.HardFault_Handler) for HardFault_Handler
    startup_stm32f10x_md.o(RESET) refers to stm32f10x_it.o(i.MemManage_Handler) for MemManage_Handler
    startup_stm32f10x_md.o(RESET) refers to stm32f10x_it.o(i.BusFault_Handler) for BusFault_Handler
    startup_stm32f10x_md.o(RESET) refers to stm32f10x_it.o(i.UsageFault_Handler) for UsageFault_Handler
    startup_stm32f10x_md.o(RESET) refers to stm32f10x_it.o(i.SVC_Handler) for SVC_Handler
    startup_stm32f10x_md.o(RESET) refers to stm32f10x_it.o(i.DebugMon_Handler) for DebugMon_Handler
    startup_stm32f10x_md.o(RESET) refers to stm32f10x_it.o(i.PendSV_Handler) for PendSV_Handler
    startup_stm32f10x_md.o(RESET) refers to bsp_time.o(i.SysTick_Handler) for SysTick_Handler
    startup_stm32f10x_md.o(.text) refers (Special) to heapauxi.o(.text) for __use_two_region_memory
    startup_stm32f10x_md.o(.text) refers to system_stm32f10x.o(i.SystemInit) for SystemInit
    startup_stm32f10x_md.o(.text) refers to __main.o(!!!main) for __main
    startup_stm32f10x_md.o(.text) refers to startup_stm32f10x_md.o(HEAP) for Heap_Mem
    startup_stm32f10x_md.o(.text) refers to startup_stm32f10x_md.o(STACK) for Stack_Mem
    system_stm32f10x.o(i.SetSysClock) refers to system_stm32f10x.o(i.SetSysClockTo72) for SetSysClockTo72
    system_stm32f10x.o(i.SystemCoreClockUpdate) refers to system_stm32f10x.o(.data) for SystemCoreClock
    system_stm32f10x.o(i.SystemInit) refers to system_stm32f10x.o(i.SetSysClock) for SetSysClock
    stm32f10x_bkp.o(i.BKP_DeInit) refers to stm32f10x_rcc.o(i.RCC_BackupResetCmd) for RCC_BackupResetCmd
    stm32f10x_can.o(i.CAN_DeInit) refers to stm32f10x_rcc.o(i.RCC_APB1PeriphResetCmd) for RCC_APB1PeriphResetCmd
    stm32f10x_can.o(i.CAN_GetITStatus) refers to stm32f10x_can.o(i.CheckITStatus) for CheckITStatus
    stm32f10x_cec.o(i.CEC_DeInit) refers to stm32f10x_rcc.o(i.RCC_APB1PeriphResetCmd) for RCC_APB1PeriphResetCmd
    stm32f10x_dac.o(i.DAC_DeInit) refers to stm32f10x_rcc.o(i.RCC_APB1PeriphResetCmd) for RCC_APB1PeriphResetCmd
    stm32f10x_flash.o(i.FLASH_EnableWriteProtection) refers to stm32f10x_flash.o(i.FLASH_WaitForLastOperation) for FLASH_WaitForLastOperation
    stm32f10x_flash.o(i.FLASH_EraseAllBank1Pages) refers to stm32f10x_flash.o(i.FLASH_WaitForLastBank1Operation) for FLASH_WaitForLastBank1Operation
    stm32f10x_flash.o(i.FLASH_EraseAllPages) refers to stm32f10x_flash.o(i.FLASH_WaitForLastOperation) for FLASH_WaitForLastOperation
    stm32f10x_flash.o(i.FLASH_EraseOptionBytes) refers to stm32f10x_flash.o(i.FLASH_GetReadOutProtectionStatus) for FLASH_GetReadOutProtectionStatus
    stm32f10x_flash.o(i.FLASH_EraseOptionBytes) refers to stm32f10x_flash.o(i.FLASH_WaitForLastOperation) for FLASH_WaitForLastOperation
    stm32f10x_flash.o(i.FLASH_ErasePage) refers to stm32f10x_flash.o(i.FLASH_WaitForLastOperation) for FLASH_WaitForLastOperation
    stm32f10x_flash.o(i.FLASH_ProgramHalfWord) refers to stm32f10x_flash.o(i.FLASH_WaitForLastOperation) for FLASH_WaitForLastOperation
    stm32f10x_flash.o(i.FLASH_ProgramOptionByteData) refers to stm32f10x_flash.o(i.FLASH_WaitForLastOperation) for FLASH_WaitForLastOperation
    stm32f10x_flash.o(i.FLASH_ProgramWord) refers to stm32f10x_flash.o(i.FLASH_WaitForLastOperation) for FLASH_WaitForLastOperation
    stm32f10x_flash.o(i.FLASH_ReadOutProtection) refers to stm32f10x_flash.o(i.FLASH_WaitForLastOperation) for FLASH_WaitForLastOperation
    stm32f10x_flash.o(i.FLASH_UserOptionByteConfig) refers to stm32f10x_flash.o(i.FLASH_WaitForLastOperation) for FLASH_WaitForLastOperation
    stm32f10x_flash.o(i.FLASH_WaitForLastBank1Operation) refers to stm32f10x_flash.o(i.FLASH_GetBank1Status) for FLASH_GetBank1Status
    stm32f10x_flash.o(i.FLASH_WaitForLastOperation) refers to stm32f10x_flash.o(i.FLASH_GetBank1Status) for FLASH_GetBank1Status
    stm32f10x_gpio.o(i.GPIO_AFIODeInit) refers to stm32f10x_rcc.o(i.RCC_APB2PeriphResetCmd) for RCC_APB2PeriphResetCmd
    stm32f10x_gpio.o(i.GPIO_DeInit) refers to stm32f10x_rcc.o(i.RCC_APB2PeriphResetCmd) for RCC_APB2PeriphResetCmd
    stm32f10x_i2c.o(i.I2C_DeInit) refers to stm32f10x_rcc.o(i.RCC_APB1PeriphResetCmd) for RCC_APB1PeriphResetCmd
[...]
    i.BSP_TimebaseCheck                      0x08002248   Section        0  bsp_time.o(i.BSP_TimebaseCheck)
    i.BSP_USART1_Init                        0x08002268   Section        0  bsp_usart.o(i.BSP_USART1_Init)
    i.BSP_USART1_Printf                      0x080022e8   Section        0  bsp_usart.o(i.BSP_USART1_Printf)
    i.BSP_USART1_WriteString                 0x08002310   Section        0  bsp_usart.o(i.BSP_USART1_WriteString)
    i.BusFault_Handler                       0x0800233c   Section        0  stm32f10x_it.o(i.BusFault_Handler)
    i.ConvertUnit                            0x08002340   Section        0  app.o(i.ConvertUnit)
    ConvertUnit                              0x08002341   Thumb Code    44  app.o(i.ConvertUnit)
    i.DebugMon_Handler                       0x08002378   Section        0  stm32f10x_it.o(i.DebugMon_Handler)
    i.DrawScreen                             0x0800237c   Section        0  app.o(i.DrawScreen)
    DrawScreen                               0x0800237d   Thumb Code   348  app.o(i.DrawScreen)
    i.ESP8266_LinkInit                       0x080025cc   Section        0  esp8266_link.o(i.ESP8266_LinkInit)
    i.ESP8266_SendWeight                     0x0800263c   Section        0  esp8266_link.o(i.ESP8266_SendWeight)
    i.ESP8266_Write                          0x08002684   Section        0  esp8266_link.o(i.ESP8266_Write)
    ESP8266_Write                            0x08002685   Thumb Code    38  esp8266_link.o(i.ESP8266_Write)
    i.FLASH_ErasePage                        0x080026b0   Section        0  stm32f10x_flash.o(i.FLASH_ErasePage)
    i.FLASH_GetBank1Status                   0x080026fc   Section        0  stm32f10x_flash.o(i.FLASH_GetBank1Status)
    i.FLASH_Lock                             0x08002730   Section        0  stm32f10x_flash.o(i.FLASH_Lock)
    i.FLASH_ProgramHalfWord                  0x08002744   Section        0  stm32f10x_flash.o(i.FLASH_ProgramHalfWord)
    i.FLASH_Unlock                           0x08002784   Section        0  stm32f10x_flash.o(i.FLASH_Unlock)
    i.FLASH_WaitForLastOperation             0x0800279c   Section        0  stm32f10x_flash.o(i.FLASH_WaitForLastOperation)
    i.GPIO_Init                              0x080027c2   Section        0  stm32f10x_gpio.o(i.GPIO_Init)
    i.GPIO_ReadInputDataBit                  0x080028d8   Section        0  stm32f10x_gpio.o(i.GPIO_ReadInputDataBit)
    i.GPIO_ResetBits                         0x080028ea   Section        0  stm32f10x_gpio.o(i.GPIO_ResetBits)
    i.GPIO_SetBits                           0x080028ee   Section        0  stm32f10x_gpio.o(i.GPIO_SetBits)
    i.Glyph                                  0x080028f4   Section        0  oled.o(i.Glyph)
    Glyph                                    0x080028f5   Thumb Code   164  oled.o(i.Glyph)
    i.HX711_ClockDelay                       0x080029ac   Section        0  hx711.o(i.HX711_ClockDelay)
    HX711_ClockDelay                         0x080029ad   Thumb Code    24  hx711.o(i.HX711_ClockDelay)
    i.HX711_GetDoutLevel                     0x080029c4   Section        0  hx711.o(i.HX711_GetDoutLevel)
    i.HX711_Init                             0x080029e0   Section        0  hx711.o(i.HX711_Init)
    i.HX711_PowerDown                        0x08002a2c   Section        0  hx711.o(i.HX711_PowerDown)
    i.HX711_PowerUp                          0x08002a44   Section        0  hx711.o(i.HX711_PowerUp)
    i.HX711_ReadRaw                          0x08002a58   Section        0  hx711.o(i.HX711_ReadRaw)
    i.HandleKey                              0x08002b24   Section        0  app.o(i.HandleKey)
    HandleKey                                0x08002b25   Thumb Code   488  app.o(i.HandleKey)
    i.HardFault_Handler                      0x08002d88   Section        0  stm32f10x_it.o(i.HardFault_Handler)
    i.I2C_Delay                              0x08002d8c   Section        0  oled.o(i.I2C_Delay)
    I2C_Delay                                0x08002d8d   Thumb Code    30  oled.o(i.I2C_Delay)
    i.I2C_Start                              0x08002daa   Section        0  oled.o(i.I2C_Start)
    I2C_Start                                0x08002dab   Thumb Code    36  oled.o(i.I2C_Start)
    i.I2C_Stop                               0x08002dce   Section        0  oled.o(i.I2C_Stop)
    I2C_Stop                                 0x08002dcf   Thumb Code    30  oled.o(i.I2C_Stop)
    i.I2C_Write                              0x08002dec   Section        0  oled.o(i.I2C_Write)
    I2C_Write                                0x08002ded   Thumb Code    68  oled.o(i.I2C_Write)
    i.Keys_GetEvent                          0x08002e30   Section        0  keys.o(i.Keys_GetEvent)
    i.Keys_Init                              0x08002e40   Section        0  keys.o(i.Keys_Init)
    i.Keys_Update                            0x08002ec8   Section        0  keys.o(i.Keys_Update)
    i.MemManage_Handler                      0x08002fc8   Section        0  stm32f10x_it.o(i.MemManage_Handler)
    i.NMI_Handler                            0x08002fcc   Section        0  stm32f10x_it.o(i.NMI_Handler)
    i.OLED_Clear                             0x08002fd0   Section        0  oled.o(i.OLED_Clear)
    i.OLED_Command                           0x08002fe4   Section        0  oled.o(i.OLED_Command)
    OLED_Command                             0x08002fe5   Thumb Code    32  oled.o(i.OLED_Command)
    i.OLED_Commands                          0x08003004   Section        0  oled.o(i.OLED_Commands)
    OLED_Commands                            0x08003005   Thumb Code    46  oled.o(i.OLED_Commands)
    i.OLED_DrawTenthsUnitCentered            0x08003034   Section        0  oled.o(i.OLED_DrawTenthsUnitCentered)
    i.OLED_DrawText                          0x08003118   Section        0  oled.o(i.OLED_DrawText)
    i.OLED_DrawTextCentered                  0x08003170   Section        0  oled.o(i.OLED_DrawTextCentered)
    i.OLED_Init                              0x080031a0   Section        0  oled.o(i.OLED_Init)
    i.OLED_TextWidth                         0x0800321c   Section        0  oled.o(i.OLED_TextWidth)
    i.OLED_Update                            0x08003248   Section        0  oled.o(i.OLED_Update)
    i.PendSV_Handler                         0x08003294   Section        0  stm32f10x_it.o(i.PendSV_Handler)
    i.ProbeHX711                             0x08003298   Section        0  app.o(i.ProbeHX711)
    ProbeHX711                               0x08003299   Thumb Code    82  app.o(i.ProbeHX711)
    i.RCC_APB1PeriphClockCmd                 0x0800335c   Section        0  stm32f10x_rcc.o(i.RCC_APB1PeriphClockCmd)
    i.RCC_APB2PeriphClockCmd                 0x0800337c   Section        0  stm32f10x_rcc.o(i.RCC_APB2PeriphClockCmd)
    i.RCC_GetClocksFreq                      0x0800339c   Section        0  stm32f10x_rcc.o(i.RCC_GetClocksFreq)
    i.SCL                                    0x08003470   Section        0  oled.o(i.SCL)
    SCL                                      0x08003471   Thumb Code    26  oled.o(i.SCL)
    i.SDA                                    0x08003490   Section        0  oled.o(i.SDA)
    SDA                                      0x08003491   Thumb Code    26  oled.o(i.SDA)
    i.SVC_Handler                            0x080034b0   Section        0  stm32f10x_it.o(i.SVC_Handler)
    i.SaveCalibration                        0x080034b4   Section        0  app.o(i.SaveCalibration)
    SaveCalibration                          0x080034b5   Thumb Code    30  app.o(i.SaveCalibration)
    i.Scale_Abs32                            0x080034dc   Section        0  scale.o(i.Scale_Abs32)
    Scale_Abs32                              0x080034dd   Thumb Code    14  scale.o(i.Scale_Abs32)
    i.Scale_CaptureCalibration               0x080034ec   Section        0  scale.o(i.Scale_CaptureCalibration)
    i.Scale_ReadRawWindow                    0x08003580   Section        0  scale.o(i.Scale_ReadRawWindow)
    Scale_ReadRawWindow                      0x08003581   Thumb Code   114  scale.o(i.Scale_ReadRawWindow)
    i.Scale_ReadStable                       0x080035f4   Section        0  scale.o(i.Scale_ReadStable)
    i.Scale_SortInt32                        0x080036f4   Section        0  scale.o(i.Scale_SortInt32)
    Scale_SortInt32                          0x080036f5   Thumb Code    56  scale.o(i.Scale_SortInt32)
    i.Scale_Tare                             0x0800372c   Section        0  scale.o(i.Scale_Tare)
    i.SetSysClock                            0x08003794   Section        0  system_stm32f10x.o(i.SetSysClock)
    SetSysClock                              0x08003795   Thumb Code     8  system_stm32f10x.o(i.SetSysClock)
    i.SetSysClockTo72                        0x0800379c   Section        0  system_stm32f10x.o(i.SetSysClockTo72)
    SetSysClockTo72                          0x0800379d   Thumb Code   214  system_stm32f10x.o(i.SetSysClockTo72)
    i.Settings_Checksum                      0x0800387c   Section        0  settings.o(i.Settings_Checksum)
    Settings_Checksum                        0x0800387d   Thumb Code    30  settings.o(i.Settings_Checksum)
    i.Settings_Load                          0x080038a4   Section        0  settings.o(i.Settings_Load)
    i.Settings_Save                          0x080038fc   Section        0  settings.o(i.Settings_Save)
    i.Settings_SetDefaults                   0x08003974   Section        0  settings.o(i.Settings_SetDefaults)
    i.ShowMessage                            0x0800398c   Section        0  app.o(i.ShowMessage)
    ShowMessage                              0x0800398d   Thumb Code    34  app.o(i.ShowMessage)
    i.SyncCalibration                        0x080039c0   Section        0  app.o(i.SyncCalibration)
    SyncCalibration                          0x080039c1   Thumb Code    22  app.o(i.SyncCalibration)
    i.SysTick_Handler                        0x080039e0   Section        0  bsp_time.o(i.SysTick_Handler)
    i.SystemCoreClockUpdate                  0x08003a00   Section        0  system_stm32f10x.o(i.SystemCoreClockUpdate)
    i.SystemInit                             0x08003aa4   Section        0  system_stm32f10x.o(i.SystemInit)
    i.ToTenths                               0x08003b04   Section        0  esp8266_link.o(i.ToTenths)
    ToTenths                                 0x08003b05   Thumb Code    54  esp8266_link.o(i.ToTenths)
    i.USART_Cmd                              0x08003b40   Section        0  stm32f10x_usart.o(i.USART_Cmd)
    i.USART_GetFlagStatus                    0x08003b58   Section        0  stm32f10x_usart.o(i.USART_GetFlagStatus)
    i.USART_Init                             0x08003b74   Section        0  stm32f10x_usart.o(i.USART_Init)
    i.USART_SendData                         0x08003c4c   Section        0  stm32f10x_usart.o(i.USART_SendData)
    i.USART_StructInit                       0x08003c54   Section        0  stm32f10x_usart.o(i.USART_StructInit)
    i.UnitName                               0x08003c6c   Section        0  app.o(i.UnitName)
    UnitName                                 0x08003c6d   Thumb Code    22  app.o(i.UnitName)
    i.UsageFault_Handler                     0x08003c8c   Section        0  stm32f10x_it.o(i.UsageFault_Handler)
    i.__ARM_fpclassify                       0x08003c90   Section        0  fpclassify.o(i.__ARM_fpclassify)
    i._is_digit                              0x08003cb8   Section        0  __printf_wp.o(i._is_digit)
    i.main                                   0x08003cc6   Section        0  main.o(i.main)
    locale$$code                             0x08003cd4   Section       44  lc_numeric_c.o(locale$$code)
    locale$$code                             0x08003d00   Section       44  lc_ctype_c.o(locale$$code)
    x$fpl$fadd                               0x08003d2c   Section      196  faddsub_clz.o(x$fpl$fadd)
    _fadd1                                   0x08003d3b   Thumb Code     0  faddsub_clz.o(x$fpl$fadd)
    x$fpl$fcmpinf                            0x08003df0   Section       24  fcmpi.o(x$fpl$fcmpinf)
    x$fpl$fdiv                               0x08003e08   Section      388  fdiv.o(x$fpl$fdiv)
    _fdiv1                                   0x08003e09   Thumb Code     0  fdiv.o(x$fpl$fdiv)
    x$fpl$feqf                               0x08003f8c   Section      104  feqf.o(x$fpl$feqf)
    x$fpl$ffix                               0x08003ff4   Section       54  ffix.o(x$fpl$ffix)
    x$fpl$fflt                               0x0800402c   Section       48  fflt_clz.o(x$fpl$fflt)
    x$fpl$ffltll                             0x0800405c   Section       96  ffltll_clz.o(x$fpl$ffltll)
    x$fpl$fleqf                              0x080040bc   Section      104  fleqf.o(x$fpl$fleqf)
    x$fpl$fmul                               0x08004124   Section      258  fmul.o(x$fpl$fmul)
    x$fpl$fnaninf                            0x08004226   Section      140  fnaninf.o(x$fpl$fnaninf)
    x$fpl$fretinf                            0x080042b2   Section       10  fretinf.o(x$fpl$fretinf)
    x$fpl$frleqf                             0x080042bc   Section       98  frleqf.o(x$fpl$frleqf)
    x$fpl$fsub                               0x08004320   Section      234  faddsub_clz.o(x$fpl$fsub)
    _fsub1                                   0x0800432f   Thumb Code     0  faddsub_clz.o(x$fpl$fsub)
    x$fpl$printf1                            0x0800440a   Section        4  printf1.o(x$fpl$printf1)
    x$fpl$printf2                            0x0800440e   Section        4  printf2.o(x$fpl$printf2)
    x$fpl$usenofp                            0x08004412   Section        0  usenofp.o(x$fpl$usenofp)
    .constdata                               0x08004414   Section       12  app.o(.constdata)
    g_cal_masses                             0x08004414   Data          12  app.o(.constdata)
    .constdata                               0x08004420   Section        8  keys.o(.constdata)
    .constdata                               0x08004428   Section      205  oled.o(.constdata)
    digits                                   0x08004428   Data          60  oled.o(.constdata)
    letters                                  0x08004464   Data         130  oled.o(.constdata)
    plus                                     0x080044e6   Data           5  oled.o(.constdata)
    slash                                    0x080044eb   Data           5  oled.o(.constdata)
    colon                                    0x080044f0   Data           5  oled.o(.constdata)
    .constdata                               0x080044f5   Section       17  __printf_flags_ss_wp.o(.constdata)
    maptable                                 0x080044f5   Data          17  __printf_flags_ss_wp.o(.constdata)
    .constdata                               0x08004508   Section        8  _printf_wctomb.o(.constdata)
    initial_mbstate                          0x08004508   Data           8  _printf_wctomb.o(.constdata)
    .constdata                               0x08004510   Section       40  _printf_hex_int_ll_ptr.o(.constdata)
    uc_hextab                                0x08004510   Data          20  _printf_hex_int_ll_ptr.o(.constdata)
    lc_hextab                                0x08004524   Data          20  _printf_hex_int_ll_ptr.o(.constdata)
    .constdata                               0x08004538   Section       38  _printf_fp_hex.o(.constdata)
    lc_hextab                                0x08004538   Data          19  _printf_fp_hex.o(.constdata)
    uc_hextab                                0x0800454b   Data          19  _printf_fp_hex.o(.constdata)
    .constdata                               0x08004560   Section      148  bigflt0.o(.constdata)
    tenpwrs_x                                0x08004560   Data          60  bigflt0.o(.constdata)
    tenpwrs_i                                0x0800459c   Data          64  bigflt0.o(.constdata)
    .conststring                             0x080045f4   Section       43  app.o(.conststring)
    .conststring                             0x08004620   Section       74  esp8266_link.o(.conststring)
    locale$$data                             0x0800468c   Section       28  lc_numeric_c.o(locale$$data)
    __lcnum_c_name                           0x08004690   Data           2  lc_numeric_c.o(locale$$data)
    __lcnum_c_start                          0x08004698   Data           0  lc_numeric_c.o(locale$$data)
    __lcnum_c_point                          0x080046a4   Data           0  lc_numeric_c.o(locale$$data)
    __lcnum_c_thousands                      0x080046a6   Data           0  lc_numeric_c.o(locale$$data)
    __lcnum_c_grouping                       0x080046a7   Data           0  lc_numeric_c.o(locale$$data)
    locale$$data                             0x080046a8   Section      272  lc_ctype_c.o(locale$$data)
    __lcnum_c_end                            0x080046a8   Data           0  lc_numeric_c.o(locale$$data)
    __lcctype_c_name                         0x080046ac   Data           2  lc_ctype_c.o(locale$$data)
    __lcctype_c_start                        0x080046b4   Data           0  lc_ctype_c.o(locale$$data)
    __lcctype_c_end                          0x080047b8   Data           0  lc_ctype_c.o(locale$$data)
    .data                                    0x20000000   Section       20  system_stm32f10x.o(.data)
    .data                                    0x20000014   Section       20  stm32f10x_rcc.o(.data)
    APBAHBPrescTable                         0x20000014   Data          16  stm32f10x_rcc.o(.data)
    ADCPrescTable                            0x20000024   Data           4  stm32f10x_rcc.o(.data)
    .data                                    0x20000028   Section        4  alarm.o(.data)
    g_enabled                                0x20000028   Data           1  alarm.o(.data)
    g_output                                 0x20000029   Data           1  alarm.o(.data)
    g_elapsed                                0x2000002a   Data           2  alarm.o(.data)
    .data                                    0x2000002c   Section       72  app.o(.data)
    g_state                                  0x2000002c   Data           1  app.o(.data)
    g_menu                                   0x2000002d   Data           1  app.o(.data)
    g_cal_index                              0x2000002e   Data           1  app.o(.data)
    g_weight_g                               0x20000030   Data           4  app.o(.data)
    g_display_value                          0x20000034   Data           4  app.o(.data)
    g_stable                                 0x20000038   Data           1  app.o(.data)
    g_alarm                                  0x20000039   Data           1  app.o(.data)
    g_last_display                           0x2000003c   Data           4  app.o(.data)
    g_last_publish                           0x20000040   Data           4  app.o(.data)
    g_last_timeout                           0x20000044   Data           4  app.o(.data)
    g_last_sensor_retry                      0x20000048   Data           4  app.o(.data)
    g_message_until                          0x2000004c   Data           4  app.o(.data)
    g_message                                0x20000050   Data           4  app.o(.data)
    g_message_return                         0x20000054   Data           1  app.o(.data)
    names                                    0x20000058   Data          12  app.o(.data)
    menu_names                               0x20000064   Data          16  app.o(.data)
    .data                                    0x20000074   Section        8  bsp_time.o(.data)
    g_millis                                 0x20000074   Data           4  bsp_time.o(.data)
    g_cycles_per_us                          0x20000078   Data           4  bsp_time.o(.data)
    .data                                    0x2000007c   Section        1  keys.o(.data)
    g_event                                  0x2000007c   Data           1  keys.o(.data)
    .bss                                     0x20000080   Section       28  app.o(.bss)
    g_settings                               0x20000080   Data          16  app.o(.bss)
    g_cal                                    0x20000090   Data          12  app.o(.bss)
    .bss                                     0x2000009c   Section       64  keys.o(.bss)
    g_keys                                   0x2000009c   Data          64  keys.o(.bss)
    .bss                                     0x200000dc   Section     1024  oled.o(.bss)
    g_buffer                                 0x200000dc   Data        1024  oled.o(.bss)
    .bss                                     0x200004dc   Section       96  libspace.o(.bss)
    HEAP                                     0x20000540   Section      512  startup_stm32f10x_md.o(HEAP)
    Heap_Mem                                 0x20000540   Data         512  startup_stm32f10x_md.o(HEAP)
    STACK                                    0x20000740   Section     1024  startup_stm32f10x_md.o(STACK)
    Stack_Mem                                0x20000740   Data        1024  startup_stm32f10x_md.o(STACK)
    __initial_sp                             0x20000b40   Data           0  startup_stm32f10x_md.o(STACK)

    Global Symbols

    Symbol Name                              Value     Ov Type        Size  Object(Section)

    BuildAttributes$$THM_ISAv4$P$D$K$B$S$PE$A:L22UL41UL21$X:L11$S22US41US21$IEEE1$IW$USESV6$~STKCKD$USESV7$~SHL$OTIME$ROPI$IEEEJ$EBA8$UX$STANDARDLIB$REQ8$PRES8$EABIv2 0x00000000   Number         0  anon$$obj.o ABSOLUTE
    __ARM_use_no_argv                        0x00000000   Number         0  main.o ABSOLUTE
    _printf_flags                            0x00000000   Number         0  printf_stubs.o ABSOLUTE
    _printf_return_value                     0x00000000   Number         0  printf_stubs.o ABSOLUTE
    _printf_sizespec                         0x00000000   Number         0  printf_stubs.o ABSOLUTE
    _printf_widthprec                        0x00000000   Number         0  printf_stubs.o ABSOLUTE
    __ARM_exceptions_init                     - Undefined Weak Reference
    __alloca_initialize                       - Undefined Weak Reference
    __arm_preinit_                            - Undefined Weak Reference
    __cpp_initialize__aeabi_                  - Undefined Weak Reference
    __cxa_finalize                            - Undefined Weak Reference
    __sigvec_lookup                           - Undefined Weak Reference
    _atexit_init                              - Undefined Weak Reference
    _call_atexit_fns                          - Undefined Weak Reference
    _clock_init                               - Undefined Weak Reference
    _fp_trap_init                             - Undefined Weak Reference
    _fp_trap_shutdown                         - Undefined Weak Reference
    _get_lc_collate                           - Undefined Weak Reference
    _get_lc_monetary                          - Undefined Weak Reference
    _get_lc_time                              - Undefined Weak Reference
    _getenv_init                              - Undefined Weak Reference
    _handle_redirection                       - Undefined Weak Reference
    _init_alloc                               - Undefined Weak Reference
    _init_user_alloc                          - Undefined Weak Reference
    _initio                                   - Undefined Weak Reference
    _printf_mbtowc                            - Undefined Weak Reference
    _printf_wc                                - Undefined Weak Reference
    _rand_init                                - Undefined Weak Reference
    _signal_finish                            - Undefined Weak Reference
    _signal_init                              - Undefined Weak Reference
    _terminate_alloc                          - Undefined Weak Reference
    _terminate_user_alloc                     - Undefined Weak Reference
    _terminateio                              - Undefined Weak Reference
    __Vectors_Size                           0x000000ec   Number         0  startup_stm32f10x_md.o ABSOLUTE
    __Vectors                                0x08000000   Data           4  startup_stm32f10x_md.o(RESET)
    __Vectors_End                            0x080000ec   Data           0  startup_stm32f10x_md.o(RESET)
    __main                                   0x080000ed   Thumb Code     8  __main.o(!!!main)
    __scatterload                            0x080000f5   Thumb Code     0  __scatter.o(!!!scatter)
    __scatterload_rt2                        0x080000f5   Thumb Code    44  __scatter.o(!!!scatter)
    __scatterload_rt2_thumb_only             0x080000f5   Thumb Code     0  __scatter.o(!!!scatter)
    __scatterload_null                       0x08000103   Thumb Code     0  __scatter.o(!!!scatter)
    __scatterload_copy                       0x08000129   Thumb Code    26  __scatter_copy.o(!!handler_copy)
    __scatterload_zeroinit                   0x08000145   Thumb Code    28  __scatter_zi.o(!!handler_zi)
    _printf_n                                0x08000161   Thumb Code     0  _printf_n.o(.ARM.Collect$$_printf_percent$$00000001)
    _printf_percent                          0x08000161   Thumb Code     0  _printf_percent.o(.ARM.Collect$$_printf_percent$$00000000)
    _printf_p                                0x08000167   Thumb Code     0  _printf_p.o(.ARM.Collect$$_printf_percent$$00000002)
    _printf_f                                0x0800016d   Thumb Code     0  _printf_f.o(.ARM.Collect$$_printf_percent$$00000003)
    _printf_e                                0x08000173   Thumb Code     0  _printf_e.o(.ARM.Collect$$_printf_percent$$00000004)
    _printf_g                                0x08000179   Thumb Code     0  _printf_g.o(.ARM.Collect$$_printf_percent$$00000005)
    _printf_a                                0x0800017f   Thumb Code     0  _printf_a.o(.ARM.Collect$$_printf_percent$$00000006)
    _printf_ll                               0x08000185   Thumb Code     0  _printf_ll.o(.ARM.Collect$$_printf_percent$$00000007)
    _printf_i                                0x0800018f   Thumb Code     0  _printf_i.o(.ARM.Collect$$_printf_percent$$00000008)
    _printf_d                                0x08000195   Thumb Code     0  _printf_d.o(.ARM.Collect$$_printf_percent$$00000009)
    _printf_u                                0x0800019b   Thumb Code     0  _printf_u.o(.ARM.Collect$$_printf_percent$$0000000A)
    _printf_o                                0x080001a1   Thumb Code     0  _printf_o.o(.ARM.Collect$$_printf_percent$$0000000B)
    _printf_x                                0x080001a7   Thumb Code     0  _printf_x.o(.ARM.Collect$$_printf_percent$$0000000C)
    _printf_lli                              0x080001ad   Thumb Code     0  _printf_lli.o(.ARM.Collect$$_printf_percent$$0000000D)
    _printf_lld                              0x080001b3   Thumb Code     0  _printf_lld.o(.ARM.Collect$$_printf_percent$$0000000E)
    _printf_llu                              0x080001b9   Thumb Code     0  _printf_llu.o(.ARM.Collect$$_printf_percent$$0000000F)
    _printf_llo                              0x080001bf   Thumb Code     0  _printf_llo.o(.ARM.Collect$$_printf_percent$$00000010)
    _printf_llx                              0x080001c5   Thumb Code     0  _printf_llx.o(.ARM.Collect$$_printf_percent$$00000011)
    _printf_l                                0x080001cb   Thumb Code     0  _printf_l.o(.ARM.Collect$$_printf_percent$$00000012)
    _printf_c                                0x080001d5   Thumb Code     0  _printf_c.o(.ARM.Collect$$_printf_percent$$00000013)
    _printf_s                                0x080001db   Thumb Code     0  _printf_s.o(.ARM.Collect$$_printf_percent$$00000014)
    _printf_lc                               0x080001e1   Thumb Code     0  _printf_lc.o(.ARM.Collect$$_printf_percent$$00000015)
    _printf_ls                               0x080001e7   Thumb Code     0  _printf_ls.o(.ARM.Collect$$_printf_percent$$00000016)
    _printf_percent_end                      0x080001ed   Thumb Code     0  _printf_percent_end.o(.ARM.Collect$$_printf_percent$$00000017)
    __rt_lib_init                            0x080001f1   Thumb Code     0  libinit.o(.ARM.Collect$$libinit$$00000000)
    __rt_lib_init_fp_1                       0x080001f3   Thumb Code     0  libinit2.o(.ARM.Collect$$libinit$$00000002)
    __rt_lib_init_heap_1                     0x080001f3   Thumb Code     0  libinit2.o(.ARM.Collect$$libinit$$0000000A)
    __rt_lib_init_lc_common                  0x080001f3   Thumb Code     0  libinit2.o(.ARM.Collect$$libinit$$0000000F)
    __rt_lib_init_preinit_1                  0x080001f3   Thumb Code     0  libinit2.o(.ARM.Collect$$libinit$$00000004)
    __rt_lib_init_rand_1                     0x080001f3   Thumb Code     0  libinit2.o(.ARM.Collect$$libinit$$0000000E)
    __rt_lib_init_user_alloc_1               0x080001f3   Thumb Code     0  libinit2.o(.ARM.Collect$$libinit$$0000000C)
    __rt_lib_init_lc_collate_1               0x080001f9   Thumb Code     0  libinit2.o(.ARM.Collect$$libinit$$00000011)
    __rt_lib_init_lc_ctype_2                 0x080001f9   Thumb Code     0  libinit2.o(.ARM.Collect$$libinit$$00000012)
    __rt_lib_init_lc_ctype_1                 0x08000205   Thumb Code     0  libinit2.o(.ARM.Collect$$libinit$$00000013)
    __rt_lib_init_lc_monetary_1              0x08000205   Thumb Code     0  libinit2.o(.ARM.Collect$$libinit$$00000015)
    __rt_lib_init_lc_numeric_2               0x08000205   Thumb Code     0  libinit2.o(.ARM.Collect$$libinit$$00000016)
    __rt_lib_init_alloca_1                   0x0800020f   Thumb Code     0  libinit2.o(.ARM.Collect$$libinit$$0000002E)
    __rt_lib_init_argv_1                     0x0800020f   Thumb Code     0  libinit2.o(.ARM.Collect$$libinit$$0000002C)
    __rt_lib_init_atexit_1                   0x0800020f   Thumb Code     0  libinit2.o(.ARM.Collect$$libinit$$0000001B)
    __rt_lib_init_clock_1                    0x0800020f   Thumb Code     0  libinit2.o(.ARM.Collect$$libinit$$00000021)
    __rt_lib_init_cpp_1                      0x0800020f   Thumb Code     0  libinit2.o(.ARM.Collect$$libinit$$00000032)
    __rt_lib_init_exceptions_1               0x0800020f   Thumb Code     0  libinit2.o(.ARM.Collect$$libinit$$00000030)
    __rt_lib_init_fp_trap_1                  0x0800020f   Thumb Code     0  libinit2.o(.ARM.Collect$$libinit$$0000001F)
    __rt_lib_init_getenv_1                   0x0800020f   Thumb Code     0  libinit2.o(.ARM.Collect$$libinit$$00000023)
    __rt_lib_init_lc_numeric_1               0x0800020f   Thumb Code     0  libinit2.o(.ARM.Collect$$libinit$$00000017)
    __rt_lib_init_lc_time_1                  0x0800020f   Thumb Code     0  libinit2.o(.ARM.Collect$$libinit$$00000019)
    __rt_lib_init_return                     0x0800020f   Thumb Code     0  libinit2.o(.ARM.Collect$$libinit$$00000033)
    __rt_lib_init_signal_1                   0x0800020f   Thumb Code     0  libinit2.o(.ARM.Collect$$libinit$$0000001D)
    __rt_lib_init_stdio_1                    0x0800020f   Thumb Code     0  libinit2.o(.ARM.Collect$$libinit$$00000025)
    __rt_lib_shutdown                        0x08000211   Thumb Code     0  libshutdown.o(.ARM.Collect$$libshutdown$$00000000)
    __rt_lib_shutdown_cpp_1                  0x08000213   Thumb Code     0  libshutdown2.o(.ARM.Collect$$libshutdown$$00000002)
    __rt_lib_shutdown_fp_trap_1              0x08000213   Thumb Code     0  libshutdown2.o(.ARM.Collect$$libshutdown$$00000007)
    __rt_lib_shutdown_heap_1                 0x08000213   Thumb Code     0  libshutdown2.o(.ARM.Collect$$libshutdown$$0000000F)
    __rt_lib_shutdown_return                 0x08000213   Thumb Code     0  libshutdown2.o(.ARM.Collect$$libshutdown$$00000010)
    __rt_lib_shutdown_signal_1               0x08000213   Thumb Code     0  libshutdown2.o(.ARM.Collect$$libshutdown$$0000000A)
    __rt_lib_shutdown_stdio_1                0x08000213   Thumb Code     0  libshutdown2.o(.ARM.Collect$$libshutdown$$00000004)
    __rt_lib_shutdown_user_alloc_1           0x08000213   Thumb Code     0  libshutdown2.o(.ARM.Collect$$libshutdown$$0000000C)
    __rt_entry                               0x08000215   Thumb Code     0  __rtentry.o(.ARM.Collect$$rtentry$$00000000)
    __rt_entry_presh_1                       0x08000215   Thumb Code     0  __rtentry2.o(.ARM.Collect$$rtentry$$00000002)
    __rt_entry_sh                            0x08000215   Thumb Code     0  __rtentry4.o(.ARM.Collect$$rtentry$$00000004)
    __rt_entry_li                            0x0800021b   Thumb Code     0  __rtentry2.o(.ARM.Collect$$rtentry$$0000000A)
    __rt_entry_postsh_1                      0x0800021b   Thumb Code     0  __rtentry2.o(.ARM.Collect$$rtentry$$00000009)
    __rt_entry_main                          0x0800021f   Thumb Code     0  __rtentry2.o(.ARM.Collect$$rtentry$$0000000D)
    __rt_entry_postli_1                      0x0800021f   Thumb Code     0  __rtentry2.o(.ARM.Collect$$rtentry$$0000000C)
    __rt_exit                                0x08000227   Thumb Code     0  rtexit.o(.ARM.Collect$$rtexit$$00000000)
    __rt_exit_ls                             0x08000229   Thumb Code     0  rtexit2.o(.ARM.Collect$$rtexit$$00000003)
    __rt_exit_prels_1                        0x08000229   Thumb Code     0  rtexit2.o(.ARM.Collect$$rtexit$$00000002)
    __rt_exit_exit                           0x0800022d   Thumb Code     0  rtexit2.o(.ARM.Collect$$rtexit$$00000004)
    Reset_Handler                            0x08000235   Thumb Code     8  startup_stm32f10x_md.o(.text)
    ADC1_2_IRQHandler                        0x0800024f   Thumb Code     0  startup_stm32f10x_md.o(.text)
    CAN1_RX1_IRQHandler                      0x0800024f   Thumb Code     0  startup_stm32f10x_md.o(.text)
    CAN1_SCE_IRQHandler                      0x0800024f   Thumb Code     0  startup_stm32f10x_md.o(.text)
    DMA1_Channel1_IRQHandler                 0x0800024f   Thumb Code     0  startup_stm32f10x_md.o(.text)
    DMA1_Channel2_IRQHandler                 0x0800024f   Thumb Code     0  startup_stm32f10x_md.o(.text)
    DMA1_Channel3_IRQHandler                 0x0800024f   Thumb Code     0  startup_stm32f10x_md.o(.text)
    DMA1_Channel4_IRQHandler                 0x0800024f   Thumb Code     0  startup_stm32f10x_md.o(.text)
    DMA1_Channel5_IRQHandler                 0x0800024f   Thumb Code     0  startup_stm32f10x_md.o(.text)
    DMA1_Channel6_IRQHandler                 0x0800024f   Thumb Code     0  startup_stm32f10x_md.o(.text)
    DMA1_Channel7_IRQHandler                 0x0800024f   Thumb Code     0  startup_stm32f10x_md.o(.text)
    EXTI0_IRQHandler                         0x0800024f   Thumb Code     0  startup_stm32f10x_md.o(.text)
    EXTI15_10_IRQHandler                     0x0800024f   Thumb Code     0  startup_stm32f10x_md.o(.text)
    EXTI1_IRQHandler                         0x0800024f   Thumb Code     0  startup_stm32f10x_md.o(.text)
    EXTI2_IRQHandler                         0x0800024f   Thumb Code     0  startup_stm32f10x_md.o(.text)
    EXTI3_IRQHandler                         0x0800024f   Thumb Code     0  startup_stm32f10x_md.o(.text)
    EXTI4_IRQHandler                         0x0800024f   Thumb Code     0  startup_stm32f10x_md.o(.text)
    EXTI9_5_IRQHandler                       0x0800024f   Thumb Code     0  startup_stm32f10x_md.o(.text)
    FLASH_IRQHandler                         0x0800024f   Thumb Code     0  startup_stm32f10x_md.o(.text)
    I2C1_ER_IRQHandler                       0x0800024f   Thumb Code     0  startup_stm32f10x_md.o(.text)
    I2C1_EV_IRQHandler                       0x0800024f   Thumb Code     0  startup_stm32f10x_md.o(.text)
    I2C2_ER_IRQHandler                       0x0800024f   Thumb Code     0  startup_stm32f10x_md.o(.text)
    I2C2_EV_IRQHandler                       0x0800024f   Thumb Code     0  startup_stm32f10x_md.o(.text)
    PVD_IRQHandler                           0x0800024f   Thumb Code     0  startup_stm32f10x_md.o(.text)
    RCC_IRQHandler                           0x0800024f   Thumb Code     0  startup_stm32f10x_md.o(.text)
    RTCAlarm_IRQHandler                      0x0800024f   Thumb Code     0  startup_stm32f10x_md.o(.text)
    RTC_IRQHandler                           0x0800024f   Thumb Code     0  startup_stm32f10x_md.o(.text)
    SPI1_IRQHandler                          0x0800024f   Thumb Code     0  startup_stm32f10x_md.o(.text)
    SPI2_IRQHandler                          0x0800024f   Thumb Code     0  startup_stm32f10x_md.o(.text)
    TAMPER_IRQHandler                        0x0800024f   Thumb Code     0  startup_stm32f10x_md.o(.text)
    TIM1_BRK_IRQHandler                      0x0800024f   Thumb Code     0  startup_stm32f10x_md.o(.text)
    TIM1_CC_IRQHandler                       0x0800024f   Thumb Code     0  startup_stm32f10x_md.o(.text)
    TIM1_TRG_COM_IRQHandler                  0x0800024f   Thumb Code     0  startup_stm32f10x_md.o(.text)
    TIM1_UP_IRQHandler                       0x0800024f   Thumb Code     0  startup_stm32f10x_md.o(.text)
    TIM2_IRQHandler                          0x0800024f   Thumb Code     0  startup_stm32f10x_md.o(.text)
    TIM3_IRQHandler                          0x0800024f   Thumb Code     0  startup_stm32f10x_md.o(.text)
    TIM4_IRQHandler                          0x0800024f   Thumb Code     0  startup_stm32f10x_md.o(.text)
    USART1_IRQHandler                        0x0800024f   Thumb Code     0  startup_stm32f10x_md.o(.text)
    USART2_IRQHandler                        0x0800024f   Thumb Code     0  startup_stm32f10x_md.o(.text)
    USART3_IRQHandler                        0x0800024f   Thumb Code     0  startup_stm32f10x_md.o(.text)
    USBWakeUp_IRQHandler                     0x0800024f   Thumb Code     0  startup_stm32f10x_md.o(.text)
    USB_HP_CAN1_TX_IRQHandler                0x0800024f   Thumb Code     0  startup_stm32f10x_md.o(.text)
    USB_LP_CAN1_RX0_IRQHandler               0x0800024f   Thumb Code     0  startup_stm32f10x_md.o(.text)
    WWDG_IRQHandler                          0x0800024f   Thumb Code     0  startup_stm32f10x_md.o(.text)
    __user_initial_stackheap                 0x08000251   Thumb Code     0  startup_stm32f10x_md.o(.text)
    __aeabi_ldivmod                          0x08000275   Thumb Code     0  llsdiv.o(.text)
    _ll_sdiv                                 0x08000275   Thumb Code    72  llsdiv.o(.text)
    vsnprintf                                0x080002bd   Thumb Code    48  vsnprintf.o(.text)
    __2snprintf                              0x080002f1   Thumb Code    50  __2snprintf.o(.text)
    _printf_str                              0x08000329   Thumb Code    82  _printf_str.o(.text)
    _printf_int_dec                          0x0800037d   Thumb Code   104  _printf_dec.o(.text)
    __printf                                 0x080003f5   Thumb Code   388  __printf_flags_ss_wp.o(.text)
    __aeabi_memcpy4                          0x0800057d   Thumb Code     0  rt_memcpy_w.o(.text)
    __aeabi_memcpy8                          0x0800057d   Thumb Code     0  rt_memcpy_w.o(.text)
    __rt_memcpy_w                            0x0800057d   Thumb Code   100  rt_memcpy_w.o(.text)
    _memcpy_lastbytes_aligned                0x080005c5   Thumb Code     0  rt_memcpy_w.o(.text)
    __aeabi_memclr                           0x080005e1   Thumb Code     0  rt_memclr.o(.text)
    __rt_memclr                              0x080005e1   Thumb Code    68  rt_memclr.o(.text)
    _memset                                  0x080005e5   Thumb Code     0  rt_memclr.o(.text)
    __use_two_region_memory                  0x08000625   Thumb Code     2  heapauxi.o(.text)
    __rt_heap_escrow$2region                 0x08000627   Thumb Code     2  heapauxi.o(.text)
    __rt_heap_expand$2region                 0x08000629   Thumb Code     2  heapauxi.o(.text)
    __aeabi_uldivmod                         0x0800062b   Thumb Code     0  lludivv7m.o(.text)
    _ll_udiv                                 0x0800062b   Thumb Code   238  lludivv7m.o(.text)
    _printf_pre_padding                      0x08000719   Thumb Code    44  _printf_pad.o(.text)
    _printf_post_padding                     0x08000745   Thumb Code    34  _printf_pad.o(.text)
    _printf_truncate_signed                  0x08000767   Thumb Code    18  _printf_truncate.o(.text)
    _printf_truncate_unsigned                0x08000779   Thumb Code    18  _printf_truncate.o(.text)
    _printf_int_common                       0x0800078b   Thumb Code   178  _printf_intcommon.o(.text)
    _printf_charcount                        0x0800083d   Thumb Code    40  _printf_charcount.o(.text)
    _printf_char_common                      0x0800086f   Thumb Code    32  _printf_char_common.o(.text)
    _sputc                                   0x08000895   Thumb Code    10  _sputc.o(.text)
    _snputc                                  0x0800089f   Thumb Code    16  _snputc.o(.text)
    _printf_cs_common                        0x080008af   Thumb Code    20  _printf_char.o(.text)
    _printf_char                             0x080008c3   Thumb Code    16  _printf_char.o(.text)
    _printf_string                           0x080008d3   Thumb Code     8  _printf_char.o(.text)
    _printf_wctomb                           0x080008dd   Thumb Code   182  _printf_wctomb.o(.text)
    _printf_longlong_dec                     0x08000999   Thumb Code   108  _printf_longlong_dec.o(.text)
    _printf_longlong_oct                     0x08000a15   Thumb Code    68  _printf_oct_int_ll.o(.text)
    _printf_int_oct                          0x08000a59   Thumb Code    24  _printf_oct_int_ll.o(.text)
    _printf_ll_oct                           0x08000a71   Thumb Code    12  _printf_oct_int_ll.o(.text)
    _printf_longlong_hex                     0x08000a85   Thumb Code    86  _printf_hex_int_ll_ptr.o(.text)
    _printf_int_hex                          0x08000adb   Thumb Code    28  _printf_hex_int_ll_ptr.o(.text)
    _printf_ll_hex                           0x08000af7   Thumb Code    12  _printf_hex_int_ll_ptr.o(.text)
    _printf_hex_ptr                          0x08000b03   Thumb Code    18  _printf_hex_int_ll_ptr.o(.text)
    __aeabi_memclr4                          0x08000b19   Thumb Code     0  rt_memclr_w.o(.text)
    __aeabi_memclr8                          0x08000b19   Thumb Code     0  rt_memclr_w.o(.text)
    __rt_memclr_w                            0x08000b19   Thumb Code    78  rt_memclr_w.o(.text)
    _memset_w                                0x08000b1d   Thumb Code     0  rt_memclr_w.o(.text)
    _ll_udiv10                               0x08000b67   Thumb Code   138  lludiv10.o(.text)
    __lib_sel_fp_printf                      0x08000bf1   Thumb Code     2  _printf_fp_dec.o(.text)
    _printf_fp_dec_real                      0x08000d9f   Thumb Code   620  _printf_fp_dec.o(.text)
    _printf_fp_hex_real                      0x0800100d   Thumb Code   754  _printf_fp_hex.o(.text)
    _printf_lcs_common                       0x08001309   Thumb Code    20  _printf_wchar.o(.text)
    _printf_wchar                            0x0800131d   Thumb Code    16  _printf_wchar.o(.text)
    _printf_wstring                          0x0800132d   Thumb Code     8  _printf_wchar.o(.text)
    _wcrtomb                                 0x08001335   Thumb Code    64  _wcrtomb.o(.text)
    __user_setup_stackheap                   0x08001375   Thumb Code    74  sys_stackheap_outer.o(.text)
    __rt_ctype_table                         0x080013c1   Thumb Code    16  rt_ctype_table.o(.text)
    __rt_locale                              0x080013d1   Thumb Code     8  rt_locale_intlibspace.o(.text)
    _printf_fp_infnan                        0x080013d9   Thumb Code   112  _printf_fp_infnan.o(.text)
    _btod_etento                             0x08001459   Thumb Code   216  bigflt0.o(.text)
    exit                                     0x08001535   Thumb Code    18  exit.o(.text)
    __user_libspace                          0x08001549   Thumb Code     8  libspace.o(.text)
    __user_perproc_libspace                  0x08001549   Thumb Code     0  libspace.o(.text)
    __user_perthread_libspace                0x08001549   Thumb Code     0  libspace.o(.text)
    strcmp                                   0x08001551   Thumb Code   128  strcmpv7m.o(.text)
    _sys_exit                                0x080015d1   Thumb Code     8  sys_exit.o(.text)
    __I$use$semihosting                      0x080015dd   Thumb Code     0  use_no_semi.o(.text)
    __use_no_semihosting_swi                 0x080015dd   Thumb Code     2  use_no_semi.o(.text)
    __semihosting_library_function           0x080015df   Thumb Code     0  indicate_semi.o(.text)
    _btod_d2e                                0x080015df   Thumb Code    62  btod.o(CL$$btod_d2e)
    _d2e_denorm_low                          0x0800161d   Thumb Code    70  btod.o(CL$$btod_d2e_denorm_low)
    _d2e_norm_op1                            0x08001663   Thumb Code    96  btod.o(CL$$btod_d2e_norm_op1)
    __btod_div_common                        0x080016c3   Thumb Code   696  btod.o(CL$$btod_div_common)
    _e2e                                     0x080019fb   Thumb Code   198  btod.o(CL$$btod_e2e)
    _btod_ediv                               0x08001ac1   Thumb Code    40  btod.o(CL$$btod_ediv)
    _btod_emul                               0x08001ae9   Thumb Code    40  btod.o(CL$$btod_emul)
    __btod_mult_common                       0x08001b11   Thumb Code   580  btod.o(CL$$btod_mult_common)
    Alarm_Init                               0x08001d55   Thumb Code    58  alarm.o(i.Alarm_Init)
    Alarm_Set                                0x08001da1   Thumb Code    32  alarm.o(i.Alarm_Set)
    Alarm_Tick1ms                            0x08001dcd   Thumb Code    60  alarm.o(i.Alarm_Tick1ms)
    App_Init                                 0x08001e39   Thumb Code   180  app.o(i.App_Init)
    App_Run                                  0x08001fc9   Thumb Code   312  app.o(i.App_Run)
    BSP_DelayMs                              0x08002159   Thumb Code    24  bsp_time.o(i.BSP_DelayMs)
    BSP_DelayUs                              0x08002171   Thumb Code    38  bsp_time.o(i.BSP_DelayUs)
    BSP_Millis                               0x080021a1   Thumb Code     6  bsp_time.o(i.BSP_Millis)
    BSP_Time_Init                            0x080021ad   Thumb Code   132  bsp_time.o(i.BSP_Time_Init)
    BSP_TimebaseCheck                        0x08002249   Thumb Code    28  bsp_time.o(i.BSP_TimebaseCheck)
    BSP_USART1_Init                          0x08002269   Thumb Code   118  bsp_usart.o(i.BSP_USART1_Init)
    BSP_USART1_Printf                        0x080022e9   Thumb Code    38  bsp_usart.o(i.BSP_USART1_Printf)
    BSP_USART1_WriteString                   0x08002311   Thumb Code    38  bsp_usart.o(i.BSP_USART1_WriteString)
    BusFault_Handler                         0x0800233d   Thumb Code     4  stm32f10x_it.o(i.BusFault_Handler)
    DebugMon_Handler                         0x08002379   Thumb Code     2  stm32f10x_it.o(i.DebugMon_Handler)
    ESP8266_LinkInit                         0x080025cd   Thumb Code   102  esp8266_link.o(i.ESP8266_LinkInit)
    ESP8266_SendWeight                       0x0800263d   Thumb Code    66  esp8266_link.o(i.ESP8266_SendWeight)
    FLASH_ErasePage                          0x080026b1   Thumb Code    72  stm32f10x_flash.o(i.FLASH_ErasePage)
    FLASH_GetBank1Status                     0x080026fd   Thumb Code    48  stm32f10x_flash.o(i.FLASH_GetBank1Status)
    FLASH_Lock                               0x08002731   Thumb Code    14  stm32f10x_flash.o(i.FLASH_Lock)
    FLASH_ProgramHalfWord                    0x08002745   Thumb Code    60  stm32f10x_flash.o(i.FLASH_ProgramHalfWord)
    FLASH_Unlock                             0x08002785   Thumb Code    12  stm32f10x_flash.o(i.FLASH_Unlock)
    FLASH_WaitForLastOperation               0x0800279d   Thumb Code    38  stm32f10x_flash.o(i.FLASH_WaitForLastOperation)
    GPIO_Init                                0x080027c3   Thumb Code   278  stm32f10x_gpio.o(i.GPIO_Init)
    GPIO_ReadInputDataBit                    0x080028d9   Thumb Code    18  stm32f10x_gpio.o(i.GPIO_ReadInputDataBit)
    GPIO_ResetBits                           0x080028eb   Thumb Code     4  stm32f10x_gpio.o(i.GPIO_ResetBits)
    GPIO_SetBits                             0x080028ef   Thumb Code     4  stm32f10x_gpio.o(i.GPIO_SetBits)
    HX711_GetDoutLevel                       0x080029c5   Thumb Code    22  hx711.o(i.HX711_GetDoutLevel)
    HX711_Init                               0x080029e1   Thumb Code    72  hx711.o(i.HX711_Init)
    HX711_PowerDown                          0x08002a2d   Thumb Code    20  hx711.o(i.HX711_PowerDown)
    HX711_PowerUp                            0x08002a45   Thumb Code    14  hx711.o(i.HX711_PowerUp)
    HX711_ReadRaw                            0x08002a59   Thumb Code   194  hx711.o(i.HX711_ReadRaw)
    HardFault_Handler                        0x08002d89   Thumb Code     4  stm32f10x_it.o(i.HardFault_Handler)
    Keys_GetEvent                            0x08002e31   Thumb Code    12  keys.o(i.Keys_GetEvent)
    Keys_Init                                0x08002e41   Thumb Code   120  keys.o(i.Keys_Init)
    Keys_Update                              0x08002ec9   Thumb Code   242  keys.o(i.Keys_Update)
    MemManage_Handler                        0x08002fc9   Thumb Code     4  stm32f10x_it.o(i.MemManage_Handler)
    NMI_Handler                              0x08002fcd   Thumb Code     2  stm32f10x_it.o(i.NMI_Handler)
    OLED_Clear                               0x08002fd1   Thumb Code    14  oled.o(i.OLED_Clear)
    OLED_DrawTenthsUnitCentered              0x08003035   Thumb Code   202  oled.o(i.OLED_DrawTenthsUnitCentered)
    OLED_DrawText                            0x08003119   Thumb Code    84  oled.o(i.OLED_DrawText)
    OLED_DrawTextCentered                    0x08003171   Thumb Code    48  oled.o(i.OLED_DrawTextCentered)
    OLED_Init                                0x080031a1   Thumb Code    92  oled.o(i.OLED_Init)
    OLED_TextWidth                           0x0800321d   Thumb Code    44  oled.o(i.OLED_TextWidth)
    OLED_Update                              0x08003249   Thumb Code    62  oled.o(i.OLED_Update)
    PendSV_Handler                           0x08003295   Thumb Code     2  stm32f10x_it.o(i.PendSV_Handler)
    RCC_APB1PeriphClockCmd                   0x0800335d   Thumb Code    26  stm32f10x_rcc.o(i.RCC_APB1PeriphClockCmd)
    RCC_APB2PeriphClockCmd                   0x0800337d   Thumb Code    26  stm32f10x_rcc.o(i.RCC_APB2PeriphClockCmd)
    RCC_GetClocksFreq                        0x0800339d   Thumb Code   192  stm32f10x_rcc.o(i.RCC_GetClocksFreq)
    SVC_Handler                              0x080034b1   Thumb Code     2  stm32f10x_it.o(i.SVC_Handler)
    Scale_CaptureCalibration                 0x080034ed   Thumb Code   110  scale.o(i.Scale_CaptureCalibration)
    Scale_ReadStable                         0x080035f5   Thumb Code   246  scale.o(i.Scale_ReadStable)
    Scale_Tare                               0x0800372d   Thumb Code    76  scale.o(i.Scale_Tare)
    Settings_Load                            0x080038a5   Thumb Code    78  settings.o(i.Settings_Load)
    Settings_Save                            0x080038fd   Thumb Code   110  settings.o(i.Settings_Save)
    Settings_SetDefaults                     0x08003975   Thumb Code    18  settings.o(i.Settings_SetDefaults)
    SysTick_Handler                          0x080039e1   Thumb Code    26  bsp_time.o(i.SysTick_Handler)
    SystemCoreClockUpdate                    0x08003a01   Thumb Code   142  system_stm32f10x.o(i.SystemCoreClockUpdate)
    SystemInit                               0x08003aa5   Thumb Code    78  system_stm32f10x.o(i.SystemInit)
    USART_Cmd                                0x08003b41   Thumb Code    24  stm32f10x_usart.o(i.USART_Cmd)
    USART_GetFlagStatus                      0x08003b59   Thumb Code    26  stm32f10x_usart.o(i.USART_GetFlagStatus)
    USART_Init                               0x08003b75   Thumb Code   210  stm32f10x_usart.o(i.USART_Init)
    USART_SendData                           0x08003c4d   Thumb Code     8  stm32f10x_usart.o(i.USART_SendData)
    USART_StructInit                         0x08003c55   Thumb Code    24  stm32f10x_usart.o(i.USART_StructInit)
    UsageFault_Handler                       0x08003c8d   Thumb Code     4  stm32f10x_it.o(i.UsageFault_Handler)
    __ARM_fpclassify                         0x08003c91   Thumb Code    40  fpclassify.o(i.__ARM_fpclassify)
    _is_digit                                0x08003cb9   Thumb Code    14  __printf_wp.o(i._is_digit)
    main                                     0x08003cc7   Thumb Code    12  main.o(i.main)
    _get_lc_numeric                          0x08003cd5   Thumb Code    44  lc_numeric_c.o(locale$$code)
    _get_lc_ctype                            0x08003d01   Thumb Code    44  lc_ctype_c.o(locale$$code)
    __aeabi_fadd                             0x08003d2d   Thumb Code     0  faddsub_clz.o(x$fpl$fadd)
    _fadd                                    0x08003d2d   Thumb Code   196  faddsub_clz.o(x$fpl$fadd)
    __fpl_fcmp_Inf                           0x08003df1   Thumb Code    24  fcmpi.o(x$fpl$fcmpinf)
    __aeabi_fdiv                             0x08003e09   Thumb Code     0  fdiv.o(x$fpl$fdiv)
    _fdiv                                    0x08003e09   Thumb Code   384  fdiv.o(x$fpl$fdiv)
    __aeabi_cfcmpeq                          0x08003f8d   Thumb Code     0  feqf.o(x$fpl$feqf)
    _fcmpeq                                  0x08003f8d   Thumb Code   104  feqf.o(x$fpl$feqf)
    __aeabi_f2iz                             0x08003ff5   Thumb Code     0  ffix.o(x$fpl$ffix)
    _ffix                                    0x08003ff5   Thumb Code    54  ffix.o(x$fpl$ffix)
    __aeabi_i2f                              0x0800402d   Thumb Code     0  fflt_clz.o(x$fpl$fflt)
    _fflt                                    0x0800402d   Thumb Code    48  fflt_clz.o(x$fpl$fflt)
    __aeabi_ul2f                             0x0800405d   Thumb Code     0  ffltll_clz.o(x$fpl$ffltll)
    _ll_uto_f                                0x0800405d   Thumb Code     6  ffltll_clz.o(x$fpl$ffltll)
    __aeabi_l2f                              0x08004063   Thumb Code     0  ffltll_clz.o(x$fpl$ffltll)
    _ll_sto_f                                0x08004063   Thumb Code    90  ffltll_clz.o(x$fpl$ffltll)
    __aeabi_cfcmple                          0x080040bd   Thumb Code     0  fleqf.o(x$fpl$fleqf)
    _fcmple                                  0x080040bd   Thumb Code   104  fleqf.o(x$fpl$fleqf)
    __fpl_fcmple_InfNaN                      0x0800410f   Thumb Code     0  fleqf.o(x$fpl$fleqf)
    __aeabi_fmul                             0x08004125   Thumb Code     0  fmul.o(x$fpl$fmul)
    _fmul                                    0x08004125   Thumb Code   258  fmul.o(x$fpl$fmul)
    __fpl_fnaninf                            0x08004227   Thumb Code   140  fnaninf.o(x$fpl$fnaninf)
    __fpl_fretinf                            0x080042b3   Thumb Code    10  fretinf.o(x$fpl$fretinf)
    __aeabi_cfrcmple                         0x080042bd   Thumb Code     0  frleqf.o(x$fpl$frleqf)
    _frcmple                                 0x080042bd   Thumb Code    98  frleqf.o(x$fpl$frleqf)
    __aeabi_fsub                             0x08004321   Thumb Code     0  faddsub_clz.o(x$fpl$fsub)
    _fsub                                    0x08004321   Thumb Code   234  faddsub_clz.o(x$fpl$fsub)
    _printf_fp_dec                           0x0800440b   Thumb Code     4  printf1.o(x$fpl$printf1)
    _printf_fp_hex                           0x0800440f   Thumb Code     4  printf2.o(x$fpl$printf2)
    __I$use$fp                               0x08004412   Number         0  usenofp.o(x$fpl$usenofp)
    Region$$Table$$Base                      0x0800466c   Number         0  anon$$obj.o(Region$$Table)
    Region$$Table$$Limit                     0x0800468c   Number         0  anon$$obj.o(Region$$Table)
    __ctype                                  0x080046b5   Data           0  lc_ctype_c.o(locale$$data)
    SystemCoreClock                          0x20000000   Data           4  system_stm32f10x.o(.data)
    AHBPrescTable                            0x20000004   Data          16  system_stm32f10x.o(.data)
    __libspace_start                         0x200004dc   Data          96  libspace.o(.bss)
    __temporary_stack_top$libspace           0x2000053c   Data           0  libspace.o(.bss)



==============================================================================

Memory Map of the image

  Image Entry point : 0x080000ed

  Load Region LR_IROM1 (Base: 0x08000000, Size: 0x00004838, Max: 0x00010000, ABSOLUTE)

    Execution Region ER_IROM1 (Base: 0x08000000, Size: 0x000047b8, Max: 0x00010000, ABSOLUTE)

    Base Addr    Size         Type   Attr      Idx    E Section Name        Object

    0x08000000   0x000000ec   Data   RO           19    RESET               startup_stm32f10x_md.o
    0x080000ec   0x00000008   Code   RO         3617  * !!!main             c_w.l(__main.o)
    0x080000f4   0x00000034   Code   RO         3960    !!!scatter          c_w.l(__scatter.o)
    0x08000128   0x0000001a   Code   RO         3962    !!handler_copy      c_w.l(__scatter_copy.o)
    0x08000142   0x00000002   PAD
    0x08000144   0x0000001c   Code   RO         3964    !!handler_zi        c_w.l(__scatter_zi.o)
    0x08000160   0x00000000   Code   RO         3610    .ARM.Collect$$_printf_percent$$00000000  c_w.l(_printf_percent.o)
    0x08000160   0x00000006   Code   RO         3701    .ARM.Collect$$_printf_percent$$00000001  c_w.l(_printf_n.o)
    0x08000166   0x00000006   Code   RO         3703    .ARM.Collect$$_printf_percent$$00000002  c_w.l(_printf_p.o)
    0x0800016c   0x00000006   Code   RO         3706    .ARM.Collect$$_printf_percent$$00000003  c_w.l(_printf_f.o)
    0x08000172   0x00000006   Code   RO         3707    .ARM.Collect$$_printf_percent$$00000004  c_w.l(_printf_e.o)
    0x08000178   0x00000006   Code   RO         3708    .ARM.Collect$$_printf_percent$$00000005  c_w.l(_printf_g.o)
    0x0800017e   0x00000006   Code   RO         3709    .ARM.Collect$$_printf_percent$$00000006  c_w.l(_printf_a.o)
    0x08000184   0x0000000a   Code   RO         3714    .ARM.Collect$$_printf_percent$$00000007  c_w.l(_printf_ll.o)
    0x0800018e   0x00000006   Code   RO         3705    .ARM.Collect$$_printf_percent$$00000008  c_w.l(_printf_i.o)
    0x08000194   0x00000006   Code   RO         3608    .ARM.Collect$$_printf_percent$$00000009  c_w.l(_printf_d.o)
    0x0800019a   0x00000006   Code   RO         3609    .ARM.Collect$$_printf_percent$$0000000A  c_w.l(_printf_u.o)
    0x080001a0   0x00000006   Code   RO         3704    .ARM.Collect$$_printf_percent$$0000000B  c_w.l(_printf_o.o)
    0x080001a6   0x00000006   Code   RO         3702    .ARM.Collect$$_printf_percent$$0000000C  c_w.l(_printf_x.o)
    0x080001ac   0x00000006   Code   RO         3711    .ARM.Collect$$_printf_percent$$0000000D  c_w.l(_printf_lli.o)
    0x080001b2   0x00000006   Code   RO         3712    .ARM.Collect$$_printf_percent$$0000000E  c_w.l(_printf_lld.o)
    0x080001b8   0x00000006   Code   RO         3713    .ARM.Collect$$_printf_percent$$0000000F  c_w.l(_printf_llu.o)
    0x080001be   0x00000006   Code   RO         3718    .ARM.Collect$$_printf_percent$$00000010  c_w.l(_printf_llo.o)
    0x080001c4   0x00000006   Code   RO         3719    .ARM.Collect$$_printf_percent$$00000011  c_w.l(_printf_llx.o)
    0x080001ca   0x0000000a   Code   RO         3715    .ARM.Collect$$_printf_percent$$00000012  c_w.l(_printf_l.o)
    0x080001d4   0x00000006   Code   RO         3700    .ARM.Collect$$_printf_percent$$00000013  c_w.l(_printf_c.o)
    0x080001da   0x00000006   Code   RO         3607    .ARM.Collect$$_printf_percent$$00000014  c_w.l(_printf_s.o)
    0x080001e0   0x00000006   Code   RO         3716    .ARM.Collect$$_printf_percent$$00000015  c_w.l(_printf_lc.o)
    0x080001e6   0x00000006   Code   RO         3717    .ARM.Collect$$_printf_percent$$00000016  c_w.l(_printf_ls.o)
    0x080001ec   0x00000004   Code   RO         3710    .ARM.Collect$$_printf_percent$$00000017  c_w.l(_printf_percent_end.o)
    0x080001f0   0x00000002   Code   RO         3817    .ARM.Collect$$libinit$$00000000  c_w.l(libinit.o)
    0x080001f2   0x00000000   Code   RO         3837    .ARM.Collect$$libinit$$00000002  c_w.l(libinit2.o)
    0x080001f2   0x00000000   Code   RO         3839    .ARM.Collect$$libinit$$00000004  c_w.l(libinit2.o)
    0x080001f2   0x00000000   Code   RO         3842    .ARM.Collect$$libinit$$0000000A  c_w.l(libinit2.o)
    0x080001f2   0x00000000   Code   RO         3844    .ARM.Collect$$libinit$$0000000C  c_w.l(libinit2.o)
    0x080001f2   0x00000000   Code   RO         3846    .ARM.Collect$$libinit$$0000000E  c_w.l(libinit2.o)
    0x080001f2   0x00000006   Code   RO         3847    .ARM.Collect$$libinit$$0000000F  c_w.l(libinit2.o)
    0x080001f8   0x00000000   Code   RO         3849    .ARM.Collect$$libinit$$00000011  c_w.l(libinit2.o)
    0x080001f8   0x0000000c   Code   RO         3850    .ARM.Collect$$libinit$$00000012  c_w.l(libinit2.o)
    0x08000204   0x00000000   Code   RO         3851    .ARM.Collect$$libinit$$00000013  c_w.l(libinit2.o)
    0x08000204   0x00000000   Code   RO         3853    .ARM.Collect$$libinit$$00000015  c_w.l(libinit2.o)
    0x08000204   0x0000000a   Code   RO         3854    .ARM.Collect$$libinit$$00000016  c_w.l(libinit2.o)
    0x0800020e   0x00000000   Code   RO         3855    .ARM.Collect$$libinit$$00000017  c_w.l(libinit2.o)
    0x0800020e   0x00000000   Code   RO         3857    .ARM.Collect$$libinit$$00000019  c_w.l(libinit2.o)
    0x0800020e   0x00000000   Code   RO         3859    .ARM.Collect$$libinit$$0000001B  c_w.l(libinit2.o)
    0x0800020e   0x00000000   Code   RO         3861    .ARM.Collect$$libinit$$0000001D  c_w.l(libinit2.o)
    0x0800020e   0x00000000   Code   RO         3863    .ARM.Collect$$libinit$$0000001F  c_w.l(libinit2.o)
    0x0800020e   0x00000000   Code   RO         3865    .ARM.Collect$$libinit$$00000021  c_w.l(libinit2.o)
    0x0800020e   0x00000000   Code   RO         3867    .ARM.Collect$$libinit$$00000023  c_w.l(libinit2.o)
    0x0800020e   0x00000000   Code   RO         3869    .ARM.Collect$$libinit$$00000025  c_w.l(libinit2.o)
    0x0800020e   0x00000000   Code   RO         3873    .ARM.Collect$$libinit$$0000002C  c_w.l(libinit2.o)
    0x0800020e   0x00000000   Code   RO         3875    .ARM.Collect$$libinit$$0000002E  c_w.l(libinit2.o)
    0x0800020e   0x00000000   Code   RO         3877    .ARM.Collect$$libinit$$00000030  c_w.l(libinit2.o)
    0x0800020e   0x00000000   Code   RO         3879    .ARM.Collect$$libinit$$00000032  c_w.l(libinit2.o)
    0x0800020e   0x00000002   Code   RO         3880    .ARM.Collect$$libinit$$00000033  c_w.l(libinit2.o)
    0x08000210   0x00000002   Code   RO         3910    .ARM.Collect$$libshutdown$$00000000  c_w.l(libshutdown.o)
    0x08000212   0x00000000   Code   RO         3927    .ARM.Collect$$libshutdown$$00000002  c_w.l(libshutdown2.o)
    0x08000212   0x00000000   Code   RO         3929    .ARM.Collect$$libshutdown$$00000004  c_w.l(libshutdown2.o)
    0x08000212   0x00000000   Code   RO         3932    .ARM.Collect$$libshutdown$$00000007  c_w.l(libshutdown2.o)
    0x08000212   0x00000000   Code   RO         3935    .ARM.Collect$$libshutdown$$0000000A  c_w.l(libshutdown2.o)
    0x08000212   0x00000000   Code   RO         3937    .ARM.Collect$$libshutdown$$0000000C  c_w.l(libshutdown2.o)
    0x08000212   0x00000000   Code   RO         3940    .ARM.Collect$$libshutdown$$0000000F  c_w.l(libshutdown2.o)
    0x08000212   0x00000002   Code   RO         3941    .ARM.Collect$$libshutdown$$00000010  c_w.l(libshutdown2.o)
    0x08000214   0x00000000   Code   RO         3649    .ARM.Collect$$rtentry$$00000000  c_w.l(__rtentry.o)
    0x08000214   0x00000000   Code   RO         3738    .ARM.Collect$$rtentry$$00000002  c_w.l(__rtentry2.o)
    0x08000214   0x00000006   Code   RO         3750    .ARM.Collect$$rtentry$$00000004  c_w.l(__rtentry4.o)
    0x0800021a   0x00000000   Code   RO         3740    .ARM.Collect$$rtentry$$00000009  c_w.l(__rtentry2.o)
    0x0800021a   0x00000004   Code   RO         3741    .ARM.Collect$$rtentry$$0000000A  c_w.l(__rtentry2.o)
    0x0800021e   0x00000000   Code   RO         3743    .ARM.Collect$$rtentry$$0000000C  c_w.l(__rtentry2.o)
    0x0800021e   0x00000008   Code   RO         3744    .ARM.Collect$$rtentry$$0000000D  c_w.l(__rtentry2.o)
    0x08000226   0x00000002   Code   RO         3825    .ARM.Collect$$rtexit$$00000000  c_w.l(rtexit.o)
    0x08000228   0x00000000   Code   RO         3882    .ARM.Collect$$rtexit$$00000002  c_w.l(rtexit2.o)
    0x08000228   0x00000004   Code   RO         3883    .ARM.Collect$$rtexit$$00000003  c_w.l(rtexit2.o)
    0x0800022c   0x00000006   Code   RO         3884    .ARM.Collect$$rtexit$$00000004  c_w.l(rtexit2.o)
    0x08000232   0x00000002   PAD
    0x08000234   0x00000040   Code   RO           20    .text               startup_stm32f10x_md.o
    0x08000274   0x00000048   Code   RO         3573    .text               c_w.l(llsdiv.o)
    0x080002bc   0x00000034   Code   RO         3575    .text               c_w.l(vsnprintf.o)
    0x080002f0   0x00000038   Code   RO         3577    .text               c_w.l(__2snprintf.o)
    0x08000328   0x00000052   Code   RO         3583    .text               c_w.l(_printf_str.o)
    0x0800037a   0x00000002   PAD
    0x0800037c   0x00000078   Code   RO         3585    .text               c_w.l(_printf_dec.o)
    0x080003f4   0x00000188   Code   RO         3604    .text               c_w.l(__printf_flags_ss_wp.o)
    0x0800057c   0x00000064   Code   RO         3611    .text               c_w.l(rt_memcpy_w.o)
    0x080005e0   0x00000044   Code   RO         3613    .text               c_w.l(rt_memclr.o)
    0x08000624   0x00000006   Code   RO         3615    .text               c_w.l(heapauxi.o)
    0x0800062a   0x000000ee   Code   RO         3650    .text               c_w.l(lludivv7m.o)
    0x08000718   0x0000004e   Code   RO         3652    .text               c_w.l(_printf_pad.o)
    0x08000766   0x00000024   Code   RO         3654    .text               c_w.l(_printf_truncate.o)
    0x0800078a   0x000000b2   Code   RO         3656    .text               c_w.l(_printf_intcommon.o)
    0x0800083c   0x00000028   Code   RO         3658    .text               c_w.l(_printf_charcount.o)
    0x08000864   0x00000030   Code   RO         3660    .text               c_w.l(_printf_char_common.o)
    0x08000894   0x0000000a   Code   RO         3662    .text               c_w.l(_sputc.o)
    0x0800089e   0x00000010   Code   RO         3664    .text               c_w.l(_snputc.o)
    0x080008ae   0x0000002c   Code   RO         3666    .text               c_w.l(_printf_char.o)
    0x080008da   0x00000002   PAD
    0x080008dc   0x000000bc   Code   RO         3668    .text               c_w.l(_printf_wctomb.o)
    0x08000998   0x0000007c   Code   RO         3671    .text               c_w.l(_printf_longlong_dec.o)
    0x08000a14   0x00000070   Code   RO         3677    .text               c_w.l(_printf_oct_int_ll.o)
    0x08000a84   0x00000094   Code   RO         3697    .text               c_w.l(_printf_hex_int_ll_ptr.o)
    0x08000b18   0x0000004e   Code   RO         3720    .text               c_w.l(rt_memclr_w.o)
    0x08000b66   0x0000008a   Code   RO         3756    .text               c_w.l(lludiv10.o)
    0x08000bf0   0x0000041a   Code   RO         3758    .text               c_w.l(_printf_fp_dec.o)
    0x0800100a   0x00000002   PAD
    0x0800100c   0x000002fc   Code   RO         3760    .text               c_w.l(_printf_fp_hex.o)
    0x08001308   0x0000002c   Code   RO         3765    .text               c_w.l(_printf_wchar.o)
    0x08001334   0x00000040   Code   RO         3767    .text               c_w.l(_wcrtomb.o)
    0x08001374   0x0000004a   Code   RO         3769    .text               c_w.l(sys_stackheap_outer.o)
    0x080013be   0x00000002   PAD
    0x080013c0   0x00000010   Code   RO         3771    .text               c_w.l(rt_ctype_table.o)
    0x080013d0   0x00000008   Code   RO         3778    .text               c_w.l(rt_locale_intlibspace.o)
    0x080013d8   0x00000080   Code   RO         3780    .text               c_w.l(_printf_fp_infnan.o)
    0x08001458   0x000000dc   Code   RO         3782    .text               c_w.l(bigflt0.o)
    0x08001534   0x00000012   Code   RO         3810    .text               c_w.l(exit.o)
    0x08001546   0x00000002   PAD
    0x08001548   0x00000008   Code   RO         3822    .text               c_w.l(libspace.o)
    0x08001550   0x00000080   Code   RO         3834    .text               c_w.l(strcmpv7m.o)
    0x080015d0   0x0000000c   Code   RO         3898    .text               c_w.l(sys_exit.o)
    0x080015dc   0x00000002   Code   RO         3915    .text               c_w.l(use_no_semi.o)
    0x080015de   0x00000000   Code   RO         3917    .text               c_w.l(indicate_semi.o)
    0x080015de   0x0000003e   Code   RO         3785    CL$$btod_d2e        c_w.l(btod.o)
    0x0800161c   0x00000046   Code   RO         3787    CL$$btod_d2e_denorm_low  c_w.l(btod.o)
    0x08001662   0x00000060   Code   RO         3786    CL$$btod_d2e_norm_op1  c_w.l(btod.o)
    0x080016c2   0x00000338   Code   RO         3795    CL$$btod_div_common  c_w.l(btod.o)
    0x080019fa   0x000000c6   Code   RO         3792    CL$$btod_e2e        c_w.l(btod.o)
    0x08001ac0   0x00000028   Code   RO         3789    CL$$btod_ediv       c_w.l(btod.o)
    0x08001ae8   0x00000028   Code   RO         3788    CL$$btod_emul       c_w.l(btod.o)
    0x08001b10   0x00000244   Code   RO         3794    CL$$btod_mult_common  c_w.l(btod.o)
    0x08001d54   0x0000004c   Code   RO         3049    i.Alarm_Init        alarm.o
    0x08001da0   0x0000002c   Code   RO         3050    i.Alarm_Set         alarm.o
    0x08001dcc   0x00000048   Code   RO         3051    i.Alarm_Tick1ms     alarm.o
    0x08001e14   0x00000024   Code   RO         3052    i.Alarm_Write       alarm.o
    0x08001e38   0x00000190   Code   RO         3083    i.App_Init          app.o
    0x08001fc8   0x00000190   Code   RO         3084    i.App_Run           app.o
    0x08002158   0x00000018   Code   RO         3173    i.BSP_DelayMs       bsp_time.o
    0x08002170   0x00000030   Code   RO         3174    i.BSP_DelayUs       bsp_time.o
    0x080021a0   0x0000000c   Code   RO         3175    i.BSP_Millis        bsp_time.o
    0x080021ac   0x0000009c   Code   RO         3176    i.BSP_Time_Init     bsp_time.o
    0x08002248   0x00000020   Code   RO         3177    i.BSP_TimebaseCheck  bsp_time.o
    0x08002268   0x00000080   Code   RO         3222    i.BSP_USART1_Init   bsp_usart.o
    0x080022e8   0x00000026   Code   RO         3223    i.BSP_USART1_Printf  bsp_usart.o
    0x0800230e   0x00000002   PAD
    0x08002310   0x0000002c   Code   RO         3224    i.BSP_USART1_WriteString  bsp_usart.o
    0x0800233c   0x00000004   Code   RO         2986    i.BusFault_Handler  stm32f10x_it.o
    0x08002340   0x00000038   Code   RO         3085    i.ConvertUnit       app.o
    0x08002378   0x00000002   Code   RO         2987    i.DebugMon_Handler  stm32f10x_it.o
    0x0800237a   0x00000002   PAD
    0x0800237c   0x00000250   Code   RO         3086    i.DrawScreen        app.o
    0x080025cc   0x00000070   Code   RO         3258    i.ESP8266_LinkInit  esp8266_link.o
    0x0800263c   0x00000048   Code   RO         3259    i.ESP8266_SendWeight  esp8266_link.o
    0x08002684   0x0000002c   Code   RO         3260    i.ESP8266_Write     esp8266_link.o
    0x080026b0   0x0000004c   Code   RO          821    i.FLASH_ErasePage   stm32f10x_flash.o
    0x080026fc   0x00000034   Code   RO          822    i.FLASH_GetBank1Status  stm32f10x_flash.o
    0x08002730   0x00000014   Code   RO          831    i.FLASH_Lock        stm32f10x_flash.o
    0x08002744   0x00000040   Code   RO          834    i.FLASH_ProgramHalfWord  stm32f10x_flash.o
    0x08002784   0x00000018   Code   RO          839    i.FLASH_Unlock      stm32f10x_flash.o
    0x0800279c   0x00000026   Code   RO          843    i.FLASH_WaitForLastOperation  stm32f10x_flash.o
    0x080027c2   0x00000116   Code   RO         1122    i.GPIO_Init         stm32f10x_gpio.o
    0x080028d8   0x00000012   Code   RO         1126    i.GPIO_ReadInputDataBit  stm32f10x_gpio.o
    0x080028ea   0x00000004   Code   RO         1129    i.GPIO_ResetBits    stm32f10x_gpio.o
    0x080028ee   0x00000004   Code   RO         1130    i.GPIO_SetBits      stm32f10x_gpio.o
    0x080028f2   0x00000002   PAD
    0x080028f4   0x000000b8   Code   RO         3364    i.Glyph             oled.o
    0x080029ac   0x00000018   Code   RO         3291    i.HX711_ClockDelay  hx711.o
    0x080029c4   0x0000001c   Code   RO         3292    i.HX711_GetDoutLevel  hx711.o
    0x080029e0   0x0000004c   Code   RO         3293    i.HX711_Init        hx711.o
    0x08002a2c   0x00000018   Code   RO         3294    i.HX711_PowerDown   hx711.o
    0x08002a44   0x00000014   Code   RO         3295    i.HX711_PowerUp     hx711.o
    0x08002a58   0x000000cc   Code   RO         3296    i.HX711_ReadRaw     hx711.o
    0x08002b24   0x00000264   Code   RO         3087    i.HandleKey         app.o
    0x08002d88   0x00000004   Code   RO         2988    i.HardFault_Handler  stm32f10x_it.o
    0x08002d8c   0x0000001e   Code   RO         3365    i.I2C_Delay         oled.o
    0x08002daa   0x00000024   Code   RO         3366    i.I2C_Start         oled.o
    0x08002dce   0x0000001e   Code   RO         3367    i.I2C_Stop          oled.o
    0x08002dec   0x00000044   Code   RO         3368    i.I2C_Write         oled.o
    0x08002e30   0x00000010   Code   RO         3336    i.Keys_GetEvent     keys.o
    0x08002e40   0x00000088   Code   RO         3337    i.Keys_Init         keys.o
    0x08002ec8   0x00000100   Code   RO         3338    i.Keys_Update       keys.o
    0x08002fc8   0x00000004   Code   RO         2989    i.MemManage_Handler  stm32f10x_it.o
    0x08002fcc   0x00000002   Code   RO         2990    i.NMI_Handler       stm32f10x_it.o
    0x08002fce   0x00000002   PAD
    0x08002fd0   0x00000014   Code   RO         3369    i.OLED_Clear        oled.o
    0x08002fe4   0x00000020   Code   RO         3370    i.OLED_Command      oled.o
    0x08003004   0x0000002e   Code   RO         3371    i.OLED_Commands     oled.o
    0x08003032   0x00000002   PAD
    0x08003034   0x000000e4   Code   RO         3373    i.OLED_DrawTenthsUnitCentered  oled.o
    0x08003118   0x00000058   Code   RO         3374    i.OLED_DrawText     oled.o
    0x08003170   0x00000030   Code   RO         3375    i.OLED_DrawTextCentered  oled.o
    0x080031a0   0x0000007c   Code   RO         3376    i.OLED_Init         oled.o
    0x0800321c   0x0000002c   Code   RO         3378    i.OLED_TextWidth    oled.o
    0x08003248   0x0000004c   Code   RO         3379    i.OLED_Update       oled.o
    0x08003294   0x00000002   Code   RO         2991    i.PendSV_Handler    stm32f10x_it.o
    0x08003296   0x00000002   PAD
    0x08003298   0x000000c4   Code   RO         3088    i.ProbeHX711        app.o
    0x0800335c   0x00000020   Code   RO         1550    i.RCC_APB1PeriphClockCmd  stm32f10x_rcc.o
    0x0800337c   0x00000020   Code   RO         1552    i.RCC_APB2PeriphClockCmd  stm32f10x_rcc.o
    0x0800339c   0x000000d4   Code   RO         1560    i.RCC_GetClocksFreq  stm32f10x_rcc.o
    0x08003470   0x00000020   Code   RO         3380    i.SCL               oled.o
    0x08003490   0x00000020   Code   RO         3381    i.SDA               oled.o
    0x080034b0   0x00000002   Code   RO         2992    i.SVC_Handler       stm32f10x_it.o
    0x080034b2   0x00000002   PAD
    0x080034b4   0x00000028   Code   RO         3089    i.SaveCalibration   app.o
    0x080034dc   0x0000000e   Code   RO         3475    i.Scale_Abs32       scale.o
    0x080034ea   0x00000002   PAD
    0x080034ec   0x00000094   Code   RO         3477    i.Scale_CaptureCalibration  scale.o
    0x08003580   0x00000072   Code   RO         3481    i.Scale_ReadRawWindow  scale.o
    0x080035f2   0x00000002   PAD
    0x080035f4   0x00000100   Code   RO         3482    i.Scale_ReadStable  scale.o
    0x080036f4   0x00000038   Code   RO         3484    i.Scale_SortInt32   scale.o
    0x0800372c   0x00000068   Code   RO         3485    i.Scale_Tare        scale.o
    0x08003794   0x00000008   Code   RO           24    i.SetSysClock       system_stm32f10x.o
    0x0800379c   0x000000e0   Code   RO           25    i.SetSysClockTo72   system_stm32f10x.o
    0x0800387c   0x00000028   Code   RO         3542    i.Settings_Checksum  settings.o
    0x080038a4   0x00000058   Code   RO         3543    i.Settings_Load     settings.o
    0x080038fc   0x00000078   Code   RO         3544    i.Settings_Save     settings.o
    0x08003974   0x00000018   Code   RO         3545    i.Settings_SetDefaults  settings.o
    0x0800398c   0x00000034   Code   RO         3090    i.ShowMessage       app.o
    0x080039c0   0x00000020   Code   RO         3091    i.SyncCalibration   app.o
    0x080039e0   0x00000020   Code   RO         3178    i.SysTick_Handler   bsp_time.o
    0x08003a00   0x000000a4   Code   RO           26    i.SystemCoreClockUpdate  system_stm32f10x.o
    0x08003aa4   0x00000060   Code   RO           27    i.SystemInit        system_stm32f10x.o
    0x08003b04   0x0000003c   Code   RO         3261    i.ToTenths          esp8266_link.o
    0x08003b40   0x00000018   Code   RO         2735    i.USART_Cmd         stm32f10x_usart.o
    0x08003b58   0x0000001a   Code   RO         2738    i.USART_GetFlagStatus  stm32f10x_usart.o
    0x08003b72   0x00000002   PAD
    0x08003b74   0x000000d8   Code   RO         2742    i.USART_Init        stm32f10x_usart.o
    0x08003c4c   0x00000008   Code   RO         2752    i.USART_SendData    stm32f10x_usart.o
    0x08003c54   0x00000018   Code   RO         2758    i.USART_StructInit  stm32f10x_usart.o
    0x08003c6c   0x00000020   Code   RO         3092    i.UnitName          app.o
    0x08003c8c   0x00000004   Code   RO         2994    i.UsageFault_Handler  stm32f10x_it.o
    0x08003c90   0x00000028   Code   RO         3820    i.__ARM_fpclassify  m_ws.l(fpclassify.o)
    0x08003cb8   0x0000000e   Code   RO         3597    i._is_digit         c_w.l(__printf_wp.o)
    0x08003cc6   0x0000000c   Code   RO         2971    i.main              main.o
    0x08003cd2   0x00000002   PAD
    0x08003cd4   0x0000002c   Code   RO         3808    locale$$code        c_w.l(lc_numeric_c.o)
    0x08003d00   0x0000002c   Code   RO         3828    locale$$code        c_w.l(lc_ctype_c.o)
    0x08003d2c   0x000000c4   Code   RO         3619    x$fpl$fadd          fz_ws.l(faddsub_clz.o)
    0x08003df0   0x00000018   Code   RO         3722    x$fpl$fcmpinf       fz_ws.l(fcmpi.o)
    0x08003e08   0x00000184   Code   RO         3626    x$fpl$fdiv          fz_ws.l(fdiv.o)
    0x08003f8c   0x00000068   Code   RO         3629    x$fpl$feqf          fz_ws.l(feqf.o)
    0x08003ff4   0x00000036   Code   RO         3631    x$fpl$ffix          fz_ws.l(ffix.o)
    0x0800402a   0x00000002   PAD
    0x0800402c   0x00000030   Code   RO         3636    x$fpl$fflt          fz_ws.l(fflt_clz.o)
    0x0800405c   0x00000060   Code   RO         3641    x$fpl$ffltll        fz_ws.l(ffltll_clz.o)
    0x080040bc   0x00000068   Code   RO         3643    x$fpl$fleqf         fz_ws.l(fleqf.o)
    0x08004124   0x00000102   Code   RO         3645    x$fpl$fmul          fz_ws.l(fmul.o)
    0x08004226   0x0000008c   Code   RO         3724    x$fpl$fnaninf       fz_ws.l(fnaninf.o)
    0x080042b2   0x0000000a   Code   RO         3726    x$fpl$fretinf       fz_ws.l(fretinf.o)
    0x080042bc   0x00000062   Code   RO         3647    x$fpl$frleqf        fz_ws.l(frleqf.o)
    0x0800431e   0x00000002   PAD
    0x08004320   0x000000ea   Code   RO         3621    x$fpl$fsub          fz_ws.l(faddsub_clz.o)
    0x0800440a   0x00000004   Code   RO         3728    x$fpl$printf1       fz_ws.l(printf1.o)
    0x0800440e   0x00000004   Code   RO         3730    x$fpl$printf2       fz_ws.l(printf2.o)
    0x08004412   0x00000000   Code   RO         3736    x$fpl$usenofp       fz_ws.l(usenofp.o)
    0x08004412   0x00000002   PAD
    0x08004414   0x0000000c   Data   RO         3094    .constdata          app.o
    0x08004420   0x00000008   Data   RO         3340    .constdata          keys.o
    0x08004428   0x000000cd   Data   RO         3383    .constdata          oled.o
    0x080044f5   0x00000011   Data   RO         3605    .constdata          c_w.l(__printf_flags_ss_wp.o)
    0x08004506   0x00000002   PAD
    0x08004508   0x00000008   Data   RO         3669    .constdata          c_w.l(_printf_wctomb.o)
    0x08004510   0x00000028   Data   RO         3698    .constdata          c_w.l(_printf_hex_int_ll_ptr.o)
    0x08004538   0x00000026   Data   RO         3761    .constdata          c_w.l(_printf_fp_hex.o)
    0x0800455e   0x00000002   PAD
    0x08004560   0x00000094   Data   RO         3783    .constdata          c_w.l(bigflt0.o)
    0x080045f4   0x0000002b   Data   RO         3095    .conststring        app.o
    0x0800461f   0x00000001   PAD
    0x08004620   0x0000004a   Data   RO         3262    .conststring        esp8266_link.o
    0x0800466a   0x00000002   PAD
    0x0800466c   0x00000020   Data   RO         3958    Region$$Table       anon$$obj.o
    0x0800468c   0x0000001c   Data   RO         3807    locale$$data        c_w.l(lc_numeric_c.o)
    0x080046a8   0x00000110   Data   RO         3827    locale$$data        c_w.l(lc_ctype_c.o)


    Execution Region RW_IRAM1 (Base: 0x20000000, Size: 0x00000b40, Max: 0x00005000, ABSOLUTE)

    Base Addr    Size         Type   Attr      Idx    E Section Name        Object

    0x20000000   0x00000014   Data   RW           28    .data               system_stm32f10x.o
    0x20000014   0x00000014   Data   RW         1580    .data               stm32f10x_rcc.o
    0x20000028   0x00000004   Data   RW         3053    .data               alarm.o
    0x2000002c   0x00000048   Data   RW         3096    .data               app.o
    0x20000074   0x00000008   Data   RW         3179    .data               bsp_time.o
    0x2000007c   0x00000001   Data   RW         3341    .data               keys.o
    0x2000007d   0x00000003   PAD
    0x20000080   0x0000001c   Zero   RW         3093    .bss                app.o
    0x2000009c   0x00000040   Zero   RW         3339    .bss                keys.o
    0x200000dc   0x00000400   Zero   RW         3382    .bss                oled.o
    0x200004dc   0x00000060   Zero   RW         3823    .bss                c_w.l(libspace.o)
    0x2000053c   0x00000004   PAD
    0x20000540   0x00000200   Zero   RW           18    HEAP                startup_stm32f10x_md.o
    0x20000740   0x00000400   Zero   RW           17    STACK               startup_stm32f10x_md.o


==============================================================================

Image component sizes


      Code (inc. data)   RO Data    RW Data    ZI Data      Debug   Object Name

       228         48          0          4          0       2377   alarm.o
      2412        850         55         72         28       8473   app.o
       304         50          0          8          0      19010   bsp_time.o
       210         16          0          0          0       2287   bsp_usart.o
         0          0          0          0          0       4560   core_cm3.o
       288         28         74          0          0       2396   esp8266_link.o
       376         30          0          0          0      18459   hx711.o
       408         34          8          1         64       2402   keys.o
        12          0          0          0          0        395   main.o
         0          0          0          0          0     201680   misc.o
      1118        114        205          0       1024       9190   oled.o
       692         76          0          0          0       4547   scale.o
       272         36          0          0          0       3023   settings.o
        64         26        236          0       1536        776   startup_stm32f10x_md.o
       274         30          0          0          0       9410   stm32f10x_flash.o
       304          0          0          0          0      11684   stm32f10x_gpio.o
        24          0          0          0          0       3188   stm32f10x_it.o
       276         32          0         20          0      12874   stm32f10x_rcc.o
       298          6          0          0          0      10211   stm32f10x_usart.o
       492         50          0         20          0      31921   system_stm32f10x.o

    ----------------------------------------------------------------------
      8074       1426        613        128       2652     358863   Object Totals
         0          0         32          0          0          0   (incl. Generated)
        22          0          3          3          0          0   (incl. Padding)

    ----------------------------------------------------------------------

      Code (inc. data)   RO Data    RW Data    ZI Data      Debug   Library Member Name

        56          6          0          0          0         88   __2snprintf.o
         8          0          0          0          0         68   __main.o
       392          4         17          0          0         92   __printf_flags_ss_wp.o
        14          0          0          0          0         68   __printf_wp.o
         0          0          0          0          0          0   __rtentry.o
        12          0          0          0          0          0   __rtentry2.o
         6          0          0          0          0          0   __rtentry4.o
        52          8          0          0          0          0   __scatter.o
        26          0          0          0          0          0   __scatter_copy.o
        28          0          0          0          0          0   __scatter_zi.o
         6          0          0          0          0          0   _printf_a.o
         6          0          0          0          0          0   _printf_c.o
        44          0          0          0          0        108   _printf_char.o
        48          6          0          0          0         96   _printf_char_common.o
        40          0          0          0          0         68   _printf_charcount.o
         6          0          0          0          0          0   _printf_d.o
       120         16          0          0          0         92   _printf_dec.o
         6          0          0          0          0          0   _printf_e.o
         6          0          0          0          0          0   _printf_f.o
      1050          0          0          0          0        216   _printf_fp_dec.o
       764         10         38          0          0        100   _printf_fp_hex.o
       128         16          0          0          0         84   _printf_fp_infnan.o
         6          0          0          0          0          0   _printf_g.o
       148          4         40          0          0        160   _printf_hex_int_ll_ptr.o
         6          0          0          0          0          0   _printf_i.o
       178          0          0          0          0         88   _printf_intcommon.o
        10          0          0          0          0          0   _printf_l.o
         6          0          0          0          0          0   _printf_lc.o
        10          0          0          0          0          0   _printf_ll.o
         6          0          0          0          0          0   _printf_lld.o
         6          0          0          0          0          0   _printf_lli.o
         6          0          0          0          0          0   _printf_llo.o
         6          0          0          0          0          0   _printf_llu.o
         6          0          0          0          0          0   _printf_llx.o
       124         16          0          0          0         92   _printf_longlong_dec.o
         6          0          0          0          0          0   _printf_ls.o
         6          0          0          0          0          0   _printf_n.o
         6          0          0          0          0          0   _printf_o.o
       112          8          0          0          0        124   _printf_oct_int_ll.o
         6          0          0          0          0          0   _printf_p.o
        78          0          0          0          0        108   _printf_pad.o
         0          0          0          0          0          0   _printf_percent.o
         4          0          0          0          0          0   _printf_percent_end.o
         6          0          0          0          0          0   _printf_s.o
        82          0          0          0          0         80   _printf_str.o
        36          0          0          0          0         84   _printf_truncate.o
         6          0          0          0          0          0   _printf_u.o
        44          0          0          0          0        108   _printf_wchar.o
       188          6          8          0          0         92   _printf_wctomb.o
         6          0          0          0          0          0   _printf_x.o
        16          0          0          0          0         68   _snputc.o
        10          0          0          0          0         68   _sputc.o
        64          0          0          0          0         92   _wcrtomb.o
       220          4        148          0          0         96   bigflt0.o
      1910        128          0          0          0        672   btod.o
        18          0          0          0          0         80   exit.o
         6          0          0          0          0        152   heapauxi.o
         0          0          0          0          0          0   indicate_semi.o
        44         10        272          0          0         76   lc_ctype_c.o
        44         10         28          0          0         76   lc_numeric_c.o
         2          0          0          0          0          0   libinit.o
        30          0          0          0          0          0   libinit2.o
         2          0          0          0          0          0   libshutdown.o
         2          0          0          0          0          0   libshutdown2.o
         8          4          0          0         96         68   libspace.o
        72          0          0          0          0         76   llsdiv.o
       138          0          0          0          0         80   lludiv10.o
       238          0          0          0          0        100   lludivv7m.o
        16          4          0          0          0         76   rt_ctype_table.o
         8          4          0          0          0         68   rt_locale_intlibspace.o
        68          0          0          0          0         68   rt_memclr.o
        78          0          0          0          0         80   rt_memclr_w.o
       100          0          0          0          0         80   rt_memcpy_w.o
         2          0          0          0          0          0   rtexit.o
        10          0          0          0          0          0   rtexit2.o
       128          0          0          0          0         68   strcmpv7m.o
        12          4          0          0          0         68   sys_exit.o
        74          0          0          0          0         80   sys_stackheap_outer.o
         2          0          0          0          0         68   use_no_semi.o
        52          4          0          0          0         80   vsnprintf.o
       430          8          0          0          0        168   faddsub_clz.o
        24          0          0          0          0         68   fcmpi.o
       388         76          0          0          0         96   fdiv.o
       104          4          0          0          0         84   feqf.o
        54          4          0          0          0         84   ffix.o
        48          0          0          0          0         68   fflt_clz.o
        96          0          0          0          0         84   ffltll_clz.o
       104          4          0          0          0         84   fleqf.o
       258          4          0          0          0         84   fmul.o
       140          4          0          0          0         84   fnaninf.o
        10          0          0          0          0         68   fretinf.o
        98          0          0          0          0         68   frleqf.o
         4          0          0          0          0         68   printf1.o
         4          0          0          0          0         68   printf2.o
         0          0          0          0          0          0   usenofp.o
        40          0          0          0          0         68   fpclassify.o

    ----------------------------------------------------------------------
      9118        376        555          0        100       5700   Library Totals
        20          0          4          0          4          0   (incl. Padding)

    ----------------------------------------------------------------------

      Code (inc. data)   RO Data    RW Data    ZI Data      Debug   Library Name

      7296        272        551          0         96       4456   c_w.l
      1762        104          0          0          0       1176   fz_ws.l
        40          0          0          0          0         68   m_ws.l

    ----------------------------------------------------------------------
      9118        376        555          0        100       5700   Library Totals

    ----------------------------------------------------------------------

==============================================================================


      Code (inc. data)   RO Data    RW Data    ZI Data      Debug   

     17192       1802       1168        128       2752     356707   Grand Totals
     17192       1802       1168        128       2752     356707   ELF Image Totals
     17192       1802       1168        128          0          0   ROM Totals

==============================================================================

    Total RO  Size (Code + RO Data)                18360 (  17.93kB)
    Total RW  Size (RW Data + ZI Data)              2880 (   2.81kB)
    Total ROM Size (Code + RO Data + RW Data)      18488 (  18.05kB)

==============================================================================

