<html>
<body>
<pre>
<h1>µVision Build Log</h1>
<h2>Tool Versions:</h2>
IDE-Version: ¦ÌVision V5.18.0.0
Copyright (C) 2016 ARM Ltd and ARM Germany GmbH. All rights reserved.
License Information: feng Administrator, dewod, LIC=HN0AE-5FP3P-45LT5-GG8Q1-WDZA0-NPKNQ
 
Tool Versions:
Toolchain:       MDK-ARM Standard  Version: 5.18
Toolchain Path:  C:\Keil uvision5 C51\MDK5\ARM\ARMCC\Bin
C Compiler:      Armcc.exe V5.06 update 1 (build 61)
Assembler:       Armasm.exe V5.06 update 1 (build 61)
Linker/Locator:  ArmLink.exe V5.06 update 1 (build 61)
Library Manager: ArmAr.exe V5.06 update 1 (build 61)
Hex Converter:   FromElf.exe V5.06 update 1 (build 61)
CPU DLL:         SARMCM3.DLL V5.18
Dialog DLL:      DCM.DLL V1.13.6.0
Target DLL:      STLink\ST-LINKIII-KEIL_SWO.dll V2.0.18.0
Dialog DLL:      TCM.DLL V1.14.8.0
 
<h2>Project:</h2>
C:\Users\Administrator\Desktop\Smart Scale\Intelligent weighing system.uvprojx
Project File Date:  07/31/2026

<h2>Output:</h2>
*** Using Compiler 'V5.06 update 1 (build 61)', folder: 'C:\Keil uvision5 C51\MDK5\ARM\ARMCC\Bin'
Rebuild target 'Target 1'
assembling startup_stm32f10x_md.s...
compiling core_cm3.c...
compiling misc.c...
compiling stm32f10x_cec.c...
compiling system_stm32f10x.c...
compiling stm32f10x_bkp.c...
compiling stm32f10x_can.c...
compiling stm32f10x_crc.c...
compiling stm32f10x_dac.c...
compiling stm32f10x_dbgmcu.c...
compiling stm32f10x_exti.c...
compiling stm32f10x_i2c.c...
compiling stm32f10x_gpio.c...
compiling stm32f10x_dma.c...
compiling stm32f10x_fsmc.c...
compiling stm32f10x_flash.c...
compiling stm32f10x_iwdg.c...
compiling stm32f10x_pwr.c...
compiling stm32f10x_spi.c...
compiling stm32f10x_rtc.c...
compiling stm32f10x_sdio.c...
compiling stm32f10x_rcc.c...
compiling stm32f10x_usart.c...
compiling main.c...
compiling stm32f10x_tim.c...
compiling alarm.c...
compiling bsp_usart.c...
compiling stm32f10x_it.c...
compiling stm32f10x_wwdg.c...
compiling bsp_time.c...
Hardware\bsp_time.c(37): warning:  #47-D: incompatible redefinition of macro "CoreDebug_BASE" (declared at line 717 of ".\Star\core_cm3.h")
  #define CoreDebug_BASE    (0xE000EDF0UL)
Hardware\bsp_time.c(38): warning:  #47-D: incompatible redefinition of macro "CoreDebug" (declared at line 727 of ".\Star\core_cm3.h")
  #define CoreDebug         ((CoreDebug_Type *)CoreDebug_BASE)
Hardware\bsp_time.c(41): warning:  #47-D: incompatible redefinition of macro "CoreDebug_DEMCR_TRCENA_Msk" (declared at line 674 of ".\Star\core_cm3.h")
  #define CoreDebug_DEMCR_TRCENA_Msk    (1UL << 24)   /*!< TRCENA: Enable trace and debug blocks */
Hardware\bsp_time.c: 3 warnings, 0 errors
compiling app.c...
Hardware\hx711.h(32): warning:  #1-D: last line of file ends without a newline
  #endif
Hardware\app.c: 1 warning, 0 errors
compiling esp8266_link.c...
compiling hx711.c...
Hardware\hx711.h(32): warning:  #1-D: last line of file ends without a newline
  #endif
Hardware\hx711.c(114): warning:  #1-D: last line of file ends without a newline
  }
Hardware\hx711.c: 2 warnings, 0 errors
compiling keys.c...
compiling scale.c...
Hardware\hx711.h(32): warning:  #1-D: last line of file ends without a newline
  #endif
Hardware\scale.c: 1 warning, 0 errors
compiling settings.c...
compiling oled.c...
Hardware\oled.c(309): warning:  #1-D: last line of file ends without a newline
  }
Hardware\oled.c: 1 warning, 0 errors
linking...
Program Size: Code=17192 RO-data=1168 RW-data=128 ZI-data=2752  
".\Objects\Intelligent weighing system.axf" - 0 Error(s), 8 Warning(s).

<h2>Collection of Component include folders:</h2>
  C:\Users\Administrator\Desktop\Smart Scale\RTE
  C:\Keil uvision5 C51\Package\Keil\STM32F1xx_DFP\2.3.0\Device\Include

<h2>Collection of Component Files used:</h2>
Build Time Elapsed:  00:00:06
</pre>
</body>
</html>
